<?xml version="1.0"?>
<link_info>
   <banner>MSP430 Linker PC v4.4.3</banner>
   <copyright>Copyright (c) 2003-2015 Texas Instruments Incorporated</copyright>
   <link_time>0x56330a9f</link_time>
   <link_errors>0x0</link_errors>
   <output_file>qwe.out</output_file>
   <entry_point>
      <name>_c_int00_noargs_noexit</name>
      <address>0x444c</address>
   </entry_point>
   <input_file_list>
      <input_file id="fl-2">
         <path>.\</path>
         <kind>object</kind>
         <file>main.obj</file>
         <name>main.obj</name>
      </input_file>
      <input_file id="fl-3">
         <path>.\src\</path>
         <kind>object</kind>
         <file>ADC12_INIT.obj</file>
         <name>ADC12_INIT.obj</name>
      </input_file>
      <input_file id="fl-4">
         <path>.\src\</path>
         <kind>object</kind>
         <file>DAC8411.obj</file>
         <name>DAC8411.obj</name>
      </input_file>
      <input_file id="fl-5">
         <path>.\src\</path>
         <kind>object</kind>
         <file>GPIO_INIT.obj</file>
         <name>GPIO_INIT.obj</name>
      </input_file>
      <input_file id="fl-6">
         <path>.\src\</path>
         <kind>object</kind>
         <file>KEY_44.obj</file>
         <name>KEY_44.obj</name>
      </input_file>
      <input_file id="fl-7">
         <path>.\src\</path>
         <kind>object</kind>
         <file>KEY_SIG.obj</file>
         <name>KEY_SIG.obj</name>
      </input_file>
      <input_file id="fl-8">
         <path>.\src\</path>
         <kind>object</kind>
         <file>LCD12864_SPI.obj</file>
         <name>LCD12864_SPI.obj</name>
      </input_file>
      <input_file id="fl-9">
         <path>.\src\</path>
         <kind>object</kind>
         <file>TA0_INIT.obj</file>
         <name>TA0_INIT.obj</name>
      </input_file>
      <input_file id="fl-a">
         <path>.\src\</path>
         <kind>object</kind>
         <file>TA1_PWM.obj</file>
         <name>TA1_PWM.obj</name>
      </input_file>
      <input_file id="fl-b">
         <path>.\src\</path>
         <kind>object</kind>
         <file>TA_PWM.obj</file>
         <name>TA_PWM.obj</name>
      </input_file>
      <input_file id="fl-c">
         <path>.\src\</path>
         <kind>object</kind>
         <file>TB_PWM.obj</file>
         <name>TB_PWM.obj</name>
      </input_file>
      <input_file id="fl-d">
         <path>.\src\</path>
         <kind>object</kind>
         <file>UCS_INIT.obj</file>
         <name>UCS_INIT.obj</name>
      </input_file>
      <input_file id="fl-42">
         <path>D:\ti\ccsv6\tools\compiler\ti-cgt-msp430_4.4.3\lib\</path>
         <kind>archive</kind>
         <file>rts430x_lc_rd_eabi.lib</file>
         <name>addd.obj</name>
      </input_file>
      <input_file id="fl-43">
         <path>D:\ti\ccsv6\tools\compiler\ti-cgt-msp430_4.4.3\lib\</path>
         <kind>archive</kind>
         <file>rts430x_lc_rd_eabi.lib</file>
         <name>boot.obj</name>
      </input_file>
      <input_file id="fl-44">
         <path>D:\ti\ccsv6\tools\compiler\ti-cgt-msp430_4.4.3\lib\</path>
         <kind>archive</kind>
         <file>rts430x_lc_rd_eabi.lib</file>
         <name>boot_special.obj</name>
      </input_file>
      <input_file id="fl-45">
         <path>D:\ti\ccsv6\tools\compiler\ti-cgt-msp430_4.4.3\lib\</path>
         <kind>archive</kind>
         <file>rts430x_lc_rd_eabi.lib</file>
         <name>cmpd.obj</name>
      </input_file>
      <input_file id="fl-46">
         <path>D:\ti\ccsv6\tools\compiler\ti-cgt-msp430_4.4.3\lib\</path>
         <kind>archive</kind>
         <file>rts430x_lc_rd_eabi.lib</file>
         <name>copy_decompress_none.obj</name>
      </input_file>
      <input_file id="fl-47">
         <path>D:\ti\ccsv6\tools\compiler\ti-cgt-msp430_4.4.3\lib\</path>
         <kind>archive</kind>
         <file>rts430x_lc_rd_eabi.lib</file>
         <name>copy_decompress_rle.obj</name>
      </input_file>
      <input_file id="fl-48">
         <path>D:\ti\ccsv6\tools\compiler\ti-cgt-msp430_4.4.3\lib\</path>
         <kind>archive</kind>
         <file>rts430x_lc_rd_eabi.lib</file>
         <name>copy_zero_init.obj</name>
      </input_file>
      <input_file id="fl-49">
         <path>D:\ti\ccsv6\tools\compiler\ti-cgt-msp430_4.4.3\lib\</path>
         <kind>archive</kind>
         <file>rts430x_lc_rd_eabi.lib</file>
         <name>cvtdf.obj</name>
      </input_file>
      <input_file id="fl-4a">
         <path>D:\ti\ccsv6\tools\compiler\ti-cgt-msp430_4.4.3\lib\</path>
         <kind>archive</kind>
         <file>rts430x_lc_rd_eabi.lib</file>
         <name>cvtfd.obj</name>
      </input_file>
      <input_file id="fl-4b">
         <path>D:\ti\ccsv6\tools\compiler\ti-cgt-msp430_4.4.3\lib\</path>
         <kind>archive</kind>
         <file>rts430x_lc_rd_eabi.lib</file>
         <name>div16u.obj</name>
      </input_file>
      <input_file id="fl-4c">
         <path>D:\ti\ccsv6\tools\compiler\ti-cgt-msp430_4.4.3\lib\</path>
         <kind>archive</kind>
         <file>rts430x_lc_rd_eabi.lib</file>
         <name>divd.obj</name>
      </input_file>
      <input_file id="fl-4d">
         <path>D:\ti\ccsv6\tools\compiler\ti-cgt-msp430_4.4.3\lib\</path>
         <kind>archive</kind>
         <file>rts430x_lc_rd_eabi.lib</file>
         <name>exit.obj</name>
      </input_file>
      <input_file id="fl-4e">
         <path>D:\ti\ccsv6\tools\compiler\ti-cgt-msp430_4.4.3\lib\</path>
         <kind>archive</kind>
         <file>rts430x_lc_rd_eabi.lib</file>
         <name>fixdu.obj</name>
      </input_file>
      <input_file id="fl-4f">
         <path>D:\ti\ccsv6\tools\compiler\ti-cgt-msp430_4.4.3\lib\</path>
         <kind>archive</kind>
         <file>rts430x_lc_rd_eabi.lib</file>
         <name>fixdul.obj</name>
      </input_file>
      <input_file id="fl-50">
         <path>D:\ti\ccsv6\tools\compiler\ti-cgt-msp430_4.4.3\lib\</path>
         <kind>archive</kind>
         <file>rts430x_lc_rd_eabi.lib</file>
         <name>fltud.obj</name>
      </input_file>
      <input_file id="fl-51">
         <path>D:\ti\ccsv6\tools\compiler\ti-cgt-msp430_4.4.3\lib\</path>
         <kind>archive</kind>
         <file>rts430x_lc_rd_eabi.lib</file>
         <name>fltuld.obj</name>
      </input_file>
      <input_file id="fl-52">
         <path>D:\ti\ccsv6\tools\compiler\ti-cgt-msp430_4.4.3\lib\</path>
         <kind>archive</kind>
         <file>rts430x_lc_rd_eabi.lib</file>
         <name>frcaddd.obj</name>
      </input_file>
      <input_file id="fl-53">
         <path>D:\ti\ccsv6\tools\compiler\ti-cgt-msp430_4.4.3\lib\</path>
         <kind>archive</kind>
         <file>rts430x_lc_rd_eabi.lib</file>
         <name>frcdivd.obj</name>
      </input_file>
      <input_file id="fl-54">
         <path>D:\ti\ccsv6\tools\compiler\ti-cgt-msp430_4.4.3\lib\</path>
         <kind>archive</kind>
         <file>rts430x_lc_rd_eabi.lib</file>
         <name>fs_mpy.obj</name>
      </input_file>
      <input_file id="fl-55">
         <path>D:\ti\ccsv6\tools\compiler\ti-cgt-msp430_4.4.3\lib\</path>
         <kind>archive</kind>
         <file>rts430x_lc_rd_eabi.lib</file>
         <name>fs_tou.obj</name>
      </input_file>
      <input_file id="fl-56">
         <path>D:\ti\ccsv6\tools\compiler\ti-cgt-msp430_4.4.3\lib\</path>
         <kind>archive</kind>
         <file>rts430x_lc_rd_eabi.lib</file>
         <name>int41.obj</name>
      </input_file>
      <input_file id="fl-57">
         <path>D:\ti\ccsv6\tools\compiler\ti-cgt-msp430_4.4.3\lib\</path>
         <kind>archive</kind>
         <file>rts430x_lc_rd_eabi.lib</file>
         <name>int43.obj</name>
      </input_file>
      <input_file id="fl-58">
         <path>D:\ti\ccsv6\tools\compiler\ti-cgt-msp430_4.4.3\lib\</path>
         <kind>archive</kind>
         <file>rts430x_lc_rd_eabi.lib</file>
         <name>int44.obj</name>
      </input_file>
      <input_file id="fl-59">
         <path>D:\ti\ccsv6\tools\compiler\ti-cgt-msp430_4.4.3\lib\</path>
         <kind>archive</kind>
         <file>rts430x_lc_rd_eabi.lib</file>
         <name>int45.obj</name>
      </input_file>
      <input_file id="fl-5a">
         <path>D:\ti\ccsv6\tools\compiler\ti-cgt-msp430_4.4.3\lib\</path>
         <kind>archive</kind>
         <file>rts430x_lc_rd_eabi.lib</file>
         <name>int46.obj</name>
      </input_file>
      <input_file id="fl-5b">
         <path>D:\ti\ccsv6\tools\compiler\ti-cgt-msp430_4.4.3\lib\</path>
         <kind>archive</kind>
         <file>rts430x_lc_rd_eabi.lib</file>
         <name>int50.obj</name>
      </input_file>
      <input_file id="fl-5c">
         <path>D:\ti\ccsv6\tools\compiler\ti-cgt-msp430_4.4.3\lib\</path>
         <kind>archive</kind>
         <file>rts430x_lc_rd_eabi.lib</file>
         <name>int51.obj</name>
      </input_file>
      <input_file id="fl-5d">
         <path>D:\ti\ccsv6\tools\compiler\ti-cgt-msp430_4.4.3\lib\</path>
         <kind>archive</kind>
         <file>rts430x_lc_rd_eabi.lib</file>
         <name>int55.obj</name>
      </input_file>
      <input_file id="fl-5e">
         <path>D:\ti\ccsv6\tools\compiler\ti-cgt-msp430_4.4.3\lib\</path>
         <kind>archive</kind>
         <file>rts430x_lc_rd_eabi.lib</file>
         <name>int56.obj</name>
      </input_file>
      <input_file id="fl-5f">
         <path>D:\ti\ccsv6\tools\compiler\ti-cgt-msp430_4.4.3\lib\</path>
         <kind>archive</kind>
         <file>rts430x_lc_rd_eabi.lib</file>
         <name>int58.obj</name>
      </input_file>
      <input_file id="fl-60">
         <path>D:\ti\ccsv6\tools\compiler\ti-cgt-msp430_4.4.3\lib\</path>
         <kind>archive</kind>
         <file>rts430x_lc_rd_eabi.lib</file>
         <name>int59.obj</name>
      </input_file>
      <input_file id="fl-61">
         <path>D:\ti\ccsv6\tools\compiler\ti-cgt-msp430_4.4.3\lib\</path>
         <kind>archive</kind>
         <file>rts430x_lc_rd_eabi.lib</file>
         <name>int60.obj</name>
      </input_file>
      <input_file id="fl-62">
         <path>D:\ti\ccsv6\tools\compiler\ti-cgt-msp430_4.4.3\lib\</path>
         <kind>archive</kind>
         <file>rts430x_lc_rd_eabi.lib</file>
         <name>int61.obj</name>
      </input_file>
      <input_file id="fl-63">
         <path>D:\ti\ccsv6\tools\compiler\ti-cgt-msp430_4.4.3\lib\</path>
         <kind>archive</kind>
         <file>rts430x_lc_rd_eabi.lib</file>
         <name>int62.obj</name>
      </input_file>
      <input_file id="fl-64">
         <path>D:\ti\ccsv6\tools\compiler\ti-cgt-msp430_4.4.3\lib\</path>
         <kind>archive</kind>
         <file>rts430x_lc_rd_eabi.lib</file>
         <name>isr_trap.obj</name>
      </input_file>
      <input_file id="fl-65">
         <path>D:\ti\ccsv6\tools\compiler\ti-cgt-msp430_4.4.3\lib\</path>
         <kind>archive</kind>
         <file>rts430x_lc_rd_eabi.lib</file>
         <name>lsl16.obj</name>
      </input_file>
      <input_file id="fl-66">
         <path>D:\ti\ccsv6\tools\compiler\ti-cgt-msp430_4.4.3\lib\</path>
         <kind>archive</kind>
         <file>rts430x_lc_rd_eabi.lib</file>
         <name>lsl32.obj</name>
      </input_file>
      <input_file id="fl-67">
         <path>D:\ti\ccsv6\tools\compiler\ti-cgt-msp430_4.4.3\lib\</path>
         <kind>archive</kind>
         <file>rts430x_lc_rd_eabi.lib</file>
         <name>lsr32.obj</name>
      </input_file>
      <input_file id="fl-68">
         <path>D:\ti\ccsv6\tools\compiler\ti-cgt-msp430_4.4.3\lib\</path>
         <kind>archive</kind>
         <file>rts430x_lc_rd_eabi.lib</file>
         <name>memcpy.obj</name>
      </input_file>
      <input_file id="fl-69">
         <path>D:\ti\ccsv6\tools\compiler\ti-cgt-msp430_4.4.3\lib\</path>
         <kind>archive</kind>
         <file>rts430x_lc_rd_eabi.lib</file>
         <name>mpu_init.obj</name>
      </input_file>
      <input_file id="fl-6a">
         <path>D:\ti\ccsv6\tools\compiler\ti-cgt-msp430_4.4.3\lib\</path>
         <kind>archive</kind>
         <file>rts430x_lc_rd_eabi.lib</file>
         <name>mpyd.obj</name>
      </input_file>
      <input_file id="fl-6b">
         <path>D:\ti\ccsv6\tools\compiler\ti-cgt-msp430_4.4.3\lib\</path>
         <kind>archive</kind>
         <file>rts430x_lc_rd_eabi.lib</file>
         <name>mult16.obj</name>
      </input_file>
      <input_file id="fl-6c">
         <path>D:\ti\ccsv6\tools\compiler\ti-cgt-msp430_4.4.3\lib\</path>
         <kind>archive</kind>
         <file>rts430x_lc_rd_eabi.lib</file>
         <name>mult1632_f5hw.obj</name>
      </input_file>
      <input_file id="fl-6d">
         <path>D:\ti\ccsv6\tools\compiler\ti-cgt-msp430_4.4.3\lib\</path>
         <kind>archive</kind>
         <file>rts430x_lc_rd_eabi.lib</file>
         <name>mult16_f5hw.obj</name>
      </input_file>
      <input_file id="fl-6e">
         <path>D:\ti\ccsv6\tools\compiler\ti-cgt-msp430_4.4.3\lib\</path>
         <kind>archive</kind>
         <file>rts430x_lc_rd_eabi.lib</file>
         <name>mult32.obj</name>
      </input_file>
      <input_file id="fl-6f">
         <path>D:\ti\ccsv6\tools\compiler\ti-cgt-msp430_4.4.3\lib\</path>
         <kind>archive</kind>
         <file>rts430x_lc_rd_eabi.lib</file>
         <name>mult3264_f5hw.obj</name>
      </input_file>
      <input_file id="fl-70">
         <path>D:\ti\ccsv6\tools\compiler\ti-cgt-msp430_4.4.3\lib\</path>
         <kind>archive</kind>
         <file>rts430x_lc_rd_eabi.lib</file>
         <name>mult32_f5hw.obj</name>
      </input_file>
      <input_file id="fl-71">
         <path>D:\ti\ccsv6\tools\compiler\ti-cgt-msp430_4.4.3\lib\</path>
         <kind>archive</kind>
         <file>rts430x_lc_rd_eabi.lib</file>
         <name>mult64_f5hw.obj</name>
      </input_file>
      <input_file id="fl-72">
         <path>D:\ti\ccsv6\tools\compiler\ti-cgt-msp430_4.4.3\lib\</path>
         <kind>archive</kind>
         <file>rts430x_lc_rd_eabi.lib</file>
         <name>pre_init.obj</name>
      </input_file>
      <input_file id="fl-73">
         <path>D:\ti\ccsv6\tools\compiler\ti-cgt-msp430_4.4.3\lib\</path>
         <kind>archive</kind>
         <file>rts430x_lc_rd_eabi.lib</file>
         <name>renormd.obj</name>
      </input_file>
      <input_file id="fl-74">
         <path>D:\ti\ccsv6\tools\compiler\ti-cgt-msp430_4.4.3\lib\</path>
         <kind>archive</kind>
         <file>rts430x_lc_rd_eabi.lib</file>
         <name>sin.obj</name>
      </input_file>
      <input_file id="fl-75">
         <path>D:\ti\ccsv6\tools\compiler\ti-cgt-msp430_4.4.3\lib\</path>
         <kind>archive</kind>
         <file>rts430x_lc_rd_eabi.lib</file>
         <name>subd.obj</name>
      </input_file>
      <input_file id="fl-76">
         <path>D:\ti\ccsv6\tools\compiler\ti-cgt-msp430_4.4.3\lib\</path>
         <kind>archive</kind>
         <file>rts430x_lc_rd_eabi.lib</file>
         <name>xsin.obj</name>
      </input_file>
      <input_file id="fl-77">
         <path>D:\ti\ccsv6\tools\compiler\ti-cgt-msp430_4.4.3\lib\</path>
         <kind>archive</kind>
         <file>rts430x_lc_rd_eabi.lib</file>
         <name>xvalues.obj</name>
      </input_file>
      <input_file id="fl-78">
         <path>D:\ti\ccsv6\tools\compiler\ti-cgt-msp430_4.4.3\lib\</path>
         <kind>archive</kind>
         <file>rts430x_lc_rd_eabi.lib</file>
         <name>_lock.obj</name>
      </input_file>
      <input_file id="fl-79">
         <path>D:\ti\ccsv6\tools\compiler\ti-cgt-msp430_4.4.3\lib\</path>
         <kind>archive</kind>
         <file>rts430x_lc_rd_eabi.lib</file>
         <name>args_main.obj</name>
      </input_file>
      <input_file id="fl-7a">
         <path>D:\ti\ccsv6\tools\compiler\ti-cgt-msp430_4.4.3\lib\</path>
         <kind>archive</kind>
         <file>rts430x_lc_rd_eabi.lib</file>
         <name>asr32.obj</name>
      </input_file>
      <input_file id="fl-7b">
         <path>D:\ti\ccsv6\tools\compiler\ti-cgt-msp430_4.4.3\lib\</path>
         <kind>archive</kind>
         <file>rts430x_lc_rd_eabi.lib</file>
         <name>autoinit_wdt.obj</name>
      </input_file>
      <input_file id="fl-7c">
         <path>D:\ti\ccsv6\tools\compiler\ti-cgt-msp430_4.4.3\lib\</path>
         <kind>archive</kind>
         <file>rts430x_lc_rd_eabi.lib</file>
         <name>fixdli.obj</name>
      </input_file>
      <input_file id="fl-7d">
         <path>D:\ti\ccsv6\tools\compiler\ti-cgt-msp430_4.4.3\lib\</path>
         <kind>archive</kind>
         <file>rts430x_lc_rd_eabi.lib</file>
         <name>fltlid.obj</name>
      </input_file>
      <input_file id="fl-7e">
         <path>D:\ti\ccsv6\tools\compiler\ti-cgt-msp430_4.4.3\lib\</path>
         <kind>archive</kind>
         <file>rts430x_lc_rd_eabi.lib</file>
         <name>fmod.obj</name>
      </input_file>
      <input_file id="fl-7f">
         <path>D:\ti\ccsv6\tools\compiler\ti-cgt-msp430_4.4.3\lib\</path>
         <kind>archive</kind>
         <file>rts430x_lc_rd_eabi.lib</file>
         <name>frcmpyd.obj</name>
      </input_file>
      <input_file id="fl-80">
         <path>D:\ti\ccsv6\tools\compiler\ti-cgt-msp430_4.4.3\lib\</path>
         <kind>archive</kind>
         <file>rts430x_lc_rd_eabi.lib</file>
         <name>lsr64.obj</name>
      </input_file>
      <input_file id="fl-81">
         <path>D:\ti\ccsv6\tools\compiler\ti-cgt-msp430_4.4.3\lib\</path>
         <kind>archive</kind>
         <file>rts430x_lc_rd_eabi.lib</file>
         <name>negd.obj</name>
      </input_file>
      <input_file id="fl-82">
         <path>D:\ti\ccsv6\tools\compiler\ti-cgt-msp430_4.4.3\lib\</path>
         <kind>archive</kind>
         <file>rts430x_lc_rd_eabi.lib</file>
         <name>xdnorm.obj</name>
      </input_file>
      <input_file id="fl-83">
         <path>D:\ti\ccsv6\tools\compiler\ti-cgt-msp430_4.4.3\lib\</path>
         <kind>archive</kind>
         <file>rts430x_lc_rd_eabi.lib</file>
         <name>xdscale.obj</name>
      </input_file>
      <input_file id="fl-84">
         <path>D:\ti\ccsv6\tools\compiler\ti-cgt-msp430_4.4.3\lib\</path>
         <kind>archive</kind>
         <file>rts430x_lc_rd_eabi.lib</file>
         <name>xferaise.obj</name>
      </input_file>
      <input_file id="fl-85">
         <path>D:\ti\ccsv6\tools\compiler\ti-cgt-msp430_4.4.3\lib\</path>
         <kind>archive</kind>
         <file>rts430x_lc_rd_eabi.lib</file>
         <name>errno.obj</name>
      </input_file>
      <input_file id="fl-86">
         <path>D:\ti\ccsv6\tools\compiler\ti-cgt-msp430_4.4.3\lib\</path>
         <kind>archive</kind>
         <file>rts430x_lc_rd_eabi.lib</file>
         <name>feraiseexcept.obj</name>
      </input_file>
      <input_file id="fl-87">
         <path>D:\ti\ccsv6\tools\compiler\ti-cgt-msp430_4.4.3\lib\</path>
         <kind>archive</kind>
         <file>rts430x_lc_rd_eabi.lib</file>
         <name>lsr16.obj</name>
      </input_file>
      <input_file id="fl-88">
         <path>D:\ti\ccsv6\tools\compiler\ti-cgt-msp430_4.4.3\lib\</path>
         <kind>archive</kind>
         <file>rts430x_lc_rd_eabi.lib</file>
         <name>raise.obj</name>
      </input_file>
      <input_file id="fl-89">
         <path>D:\ti\ccsv6\tools\compiler\ti-cgt-msp430_4.4.3\lib\</path>
         <kind>archive</kind>
         <file>rts430x_lc_rd_eabi.lib</file>
         <name>signal.obj</name>
      </input_file>
   </input_file_list>
   <object_component_list>
      <object_component id="oc-189">
         <name>.common:A0results</name>
         <uninitialized>true</uninitialized>
         <run_address>0x2444</run_address>
         <size>0x10</size>
      </object_component>
      <object_component id="oc-18c">
         <name>.common:A1results</name>
         <uninitialized>true</uninitialized>
         <run_address>0x2454</run_address>
         <size>0x10</size>
      </object_component>
      <object_component id="oc-18d">
         <name>.common:A2results</name>
         <uninitialized>true</uninitialized>
         <run_address>0x2464</run_address>
         <size>0x10</size>
      </object_component>
      <object_component id="oc-18e">
         <name>.common:A3results</name>
         <uninitialized>true</uninitialized>
         <run_address>0x2474</run_address>
         <size>0x10</size>
      </object_component>
      <object_component id="oc-241">
         <name>.common:KeyUp_Flag</name>
         <uninitialized>true</uninitialized>
         <run_address>0x2484</run_address>
         <size>0x1</size>
      </object_component>
      <object_component id="oc-cf">
         <name>.stack</name>
         <uninitialized>true</uninitialized>
         <run_address>0x4360</run_address>
         <size>0x4</size>
         <input_file_ref idref="fl-43"/>
      </object_component>
      <object_component id="oc-377">
         <name>.stack</name>
         <uninitialized>true</uninitialized>
         <run_address>0x4360</run_address>
         <size>0x0</size>
      </object_component>
      <object_component id="oc-275">
         <name>.text:__TI_frcdivd</name>
         <load_address>0x10000</load_address>
         <run_address>0x10000</run_address>
         <size>0x452</size>
         <input_file_ref idref="fl-53"/>
      </object_component>
      <object_component id="oc-26d">
         <name>.text:__TI_frcmpyd</name>
         <load_address>0x10452</load_address>
         <run_address>0x10452</run_address>
         <size>0x2e4</size>
         <input_file_ref idref="fl-7f"/>
      </object_component>
      <object_component id="oc-231">
         <name>.text:__mspabi_addd</name>
         <load_address>0x10736</load_address>
         <run_address>0x10736</run_address>
         <size>0x2d8</size>
         <input_file_ref idref="fl-42"/>
      </object_component>
      <object_component id="oc-1c1">
         <name>.text:TA1_PWM_SetPermill</name>
         <load_address>0x10a0e</load_address>
         <run_address>0x10a0e</run_address>
         <size>0x2b6</size>
         <input_file_ref idref="fl-b"/>
      </object_component>
      <object_component id="oc-21f">
         <name>.text:__mspabi_mpyd</name>
         <load_address>0x10cc4</load_address>
         <run_address>0x10cc4</run_address>
         <size>0x282</size>
         <input_file_ref idref="fl-6a"/>
      </object_component>
      <object_component id="oc-284">
         <name>.text:__TI_frcaddd</name>
         <load_address>0x10f46</load_address>
         <run_address>0x10f46</run_address>
         <size>0x252</size>
         <input_file_ref idref="fl-52"/>
      </object_component>
      <object_component id="oc-225">
         <name>.text:__mspabi_divd</name>
         <load_address>0x11198</load_address>
         <run_address>0x11198</run_address>
         <size>0x222</size>
         <input_file_ref idref="fl-4c"/>
      </object_component>
      <object_component id="oc-1c7">
         <name>.text:TB2_PWM_Init</name>
         <load_address>0x113ba</load_address>
         <run_address>0x113ba</run_address>
         <size>0x18c</size>
         <input_file_ref idref="fl-c"/>
      </object_component>
      <object_component id="oc-1b2">
         <name>.text:TA1_PWM_Init</name>
         <load_address>0x11546</load_address>
         <run_address>0x11546</run_address>
         <size>0x186</size>
         <input_file_ref idref="fl-b"/>
      </object_component>
      <object_component id="oc-1e8">
         <name>.text:Display_Value</name>
         <load_address>0x116cc</load_address>
         <run_address>0x116cc</run_address>
         <size>0x12e</size>
         <input_file_ref idref="fl-6"/>
      </object_component>
      <object_component id="oc-213">
         <name>.text:__mspabi_cmpd</name>
         <load_address>0x117fa</load_address>
         <run_address>0x117fa</run_address>
         <size>0xd8</size>
         <input_file_ref idref="fl-45"/>
      </object_component>
      <object_component id="oc-1d3">
         <name>.text:TB2_PWM_SetPermill</name>
         <load_address>0x118d2</load_address>
         <run_address>0x118d2</run_address>
         <size>0xb8</size>
         <input_file_ref idref="fl-c"/>
      </object_component>
      <object_component id="oc-2e0">
         <name>.text:__TI_renormd</name>
         <load_address>0x1198a</load_address>
         <run_address>0x1198a</run_address>
         <size>0xb2</size>
         <input_file_ref idref="fl-73"/>
      </object_component>
      <object_component id="oc-149">
         <name>.text:main</name>
         <load_address>0x11a3c</load_address>
         <run_address>0x11a3c</run_address>
         <size>0x80</size>
         <input_file_ref idref="fl-2"/>
      </object_component>
      <object_component id="oc-266">
         <name>.text:__mspabi_fltuld</name>
         <load_address>0x11abc</load_address>
         <run_address>0x11abc</run_address>
         <size>0x76</size>
         <input_file_ref idref="fl-51"/>
      </object_component>
      <object_component id="oc-2a6">
         <name>.text:GUI_Fill_GDRAM</name>
         <load_address>0x11b32</load_address>
         <run_address>0x11b32</run_address>
         <size>0x6e</size>
         <input_file_ref idref="fl-8"/>
      </object_component>
      <object_component id="oc-12f">
         <name>.text:_auto_init_hold_wdt</name>
         <load_address>0x11ba0</load_address>
         <run_address>0x11ba0</run_address>
         <size>0x6c</size>
         <input_file_ref idref="fl-7b"/>
      </object_component>
      <object_component id="oc-e0">
         <name>.text:__TI_decompress_rle_core</name>
         <load_address>0x11c0c</load_address>
         <run_address>0x11c0c</run_address>
         <size>0x68</size>
         <input_file_ref idref="fl-47"/>
      </object_component>
      <object_component id="oc-27d">
         <name>.text:__mspabi_fixdul</name>
         <load_address>0x11c74</load_address>
         <run_address>0x11c74</run_address>
         <size>0x68</size>
         <input_file_ref idref="fl-4f"/>
      </object_component>
      <object_component id="oc-29f">
         <name>.text:Write_Data</name>
         <load_address>0x11cdc</load_address>
         <run_address>0x11cdc</run_address>
         <size>0x56</size>
         <input_file_ref idref="fl-8"/>
      </object_component>
      <object_component id="oc-2f0">
         <name>.text:Write_Cmd</name>
         <load_address>0x11d32</load_address>
         <run_address>0x11d32</run_address>
         <size>0x50</size>
         <input_file_ref idref="fl-8"/>
      </object_component>
      <object_component id="oc-1e2">
         <name>.text:Get_Key_Scan</name>
         <load_address>0x11d82</load_address>
         <run_address>0x11d82</run_address>
         <size>0x48</size>
         <input_file_ref idref="fl-6"/>
      </object_component>
      <object_component id="oc-2be">
         <name>.text:l_asr_const</name>
         <load_address>0x11dca</load_address>
         <run_address>0x11dca</run_address>
         <size>0x3e</size>
         <input_file_ref idref="fl-7a"/>
      </object_component>
      <object_component id="oc-2ad">
         <name>.text:l_lsl_const</name>
         <load_address>0x11e08</load_address>
         <run_address>0x11e08</run_address>
         <size>0x3e</size>
         <input_file_ref idref="fl-66"/>
      </object_component>
      <object_component id="oc-2b2">
         <name>.text:l_lsr_const</name>
         <load_address>0x11e46</load_address>
         <run_address>0x11e46</run_address>
         <size>0x3e</size>
         <input_file_ref idref="fl-67"/>
      </object_component>
      <object_component id="oc-299">
         <name>.text:LCD_SetXY</name>
         <load_address>0x11e84</load_address>
         <run_address>0x11e84</run_address>
         <size>0x3c</size>
         <input_file_ref idref="fl-8"/>
      </object_component>
      <object_component id="oc-237">
         <name>.text:__mspabi_subd</name>
         <load_address>0x11ec0</load_address>
         <run_address>0x11ec0</run_address>
         <size>0x32</size>
         <input_file_ref idref="fl-75"/>
      </object_component>
      <object_component id="oc-245">
         <name>.text:Get_Key</name>
         <load_address>0x11ef2</load_address>
         <run_address>0x11ef2</run_address>
         <size>0x2c</size>
         <input_file_ref idref="fl-6"/>
      </object_component>
      <object_component id="oc-190">
         <name>.text:KEY_44_Dect</name>
         <load_address>0x11f1e</load_address>
         <run_address>0x11f1e</run_address>
         <size>0x26</size>
         <input_file_ref idref="fl-6"/>
      </object_component>
      <object_component id="oc-8d">
         <name>.text:decompress:ZI:__TI_zero_init</name>
         <load_address>0x11f44</load_address>
         <run_address>0x11f44</run_address>
         <size>0x24</size>
         <input_file_ref idref="fl-48"/>
      </object_component>
      <object_component id="oc-2b9">
         <name>.text</name>
         <load_address>0x11f68</load_address>
         <run_address>0x11f68</run_address>
         <size>0x22</size>
         <input_file_ref idref="fl-70"/>
      </object_component>
      <object_component id="oc-24e">
         <name>.text:lcd12864_disp_str</name>
         <load_address>0x11f8a</load_address>
         <run_address>0x11f8a</run_address>
         <size>0x1a</size>
         <input_file_ref idref="fl-8"/>
      </object_component>
      <object_component id="oc-2c7">
         <name>.text</name>
         <load_address>0x11fa4</load_address>
         <run_address>0x11fa4</run_address>
         <size>0x16</size>
         <input_file_ref idref="fl-6d"/>
      </object_component>
      <object_component id="oc-d3">
         <name>.text:memcpy</name>
         <load_address>0x11fba</load_address>
         <run_address>0x11fba</run_address>
         <size>0x14</size>
         <input_file_ref idref="fl-68"/>
      </object_component>
      <object_component id="oc-22b">
         <name>.text:__mspabi_fixdu</name>
         <load_address>0x11fce</load_address>
         <run_address>0x11fce</run_address>
         <size>0x12</size>
         <input_file_ref idref="fl-4e"/>
      </object_component>
      <object_component id="oc-6b">
         <name>.text:decompress:none:__TI_decompress_none</name>
         <load_address>0x11fe0</load_address>
         <run_address>0x11fe0</run_address>
         <size>0x12</size>
         <input_file_ref idref="fl-46"/>
      </object_component>
      <object_component id="oc-2db">
         <name>.text:l_asr</name>
         <load_address>0x11ff2</load_address>
         <run_address>0x11ff2</run_address>
         <size>0x10</size>
         <input_file_ref idref="fl-7a"/>
      </object_component>
      <object_component id="oc-2d6">
         <name>.text:l_lsl</name>
         <load_address>0x12002</load_address>
         <run_address>0x12002</run_address>
         <size>0x10</size>
         <input_file_ref idref="fl-66"/>
      </object_component>
      <object_component id="oc-2d0">
         <name>.text:l_lsr</name>
         <load_address>0x12012</load_address>
         <run_address>0x12012</run_address>
         <size>0x10</size>
         <input_file_ref idref="fl-67"/>
      </object_component>
      <object_component id="oc-1b8">
         <name>.text:TA1_PWM_SetPeriod</name>
         <load_address>0x12022</load_address>
         <run_address>0x12022</run_address>
         <size>0x8</size>
         <input_file_ref idref="fl-b"/>
      </object_component>
      <object_component id="oc-1cd">
         <name>.text:TB2_PWM_SetPeriod</name>
         <load_address>0x1202a</load_address>
         <run_address>0x1202a</run_address>
         <size>0x8</size>
         <input_file_ref idref="fl-c"/>
      </object_component>
      <object_component id="oc-254">
         <name>.text:clrgdram</name>
         <load_address>0x12032</load_address>
         <run_address>0x12032</run_address>
         <size>0x8</size>
         <input_file_ref idref="fl-8"/>
      </object_component>
      <object_component id="oc-17d">
         <name>.text:KEY_1</name>
         <load_address>0x1203a</load_address>
         <run_address>0x1203a</run_address>
         <size>0x6</size>
         <input_file_ref idref="fl-7"/>
      </object_component>
      <object_component id="oc-176">
         <name>.text:KEY_2</name>
         <load_address>0x12040</load_address>
         <run_address>0x12040</run_address>
         <size>0x6</size>
         <input_file_ref idref="fl-7"/>
      </object_component>
      <object_component id="oc-219">
         <name>.text:__mspabi_fltud</name>
         <load_address>0x12046</load_address>
         <run_address>0x12046</run_address>
         <size>0x6</size>
         <input_file_ref idref="fl-50"/>
      </object_component>
      <object_component id="oc-71">
         <name>.text:decompress:rle24:__TI_decompress_rle24</name>
         <load_address>0x1204c</load_address>
         <run_address>0x1204c</run_address>
         <size>0x6</size>
         <input_file_ref idref="fl-47"/>
      </object_component>
      <object_component id="oc-129">
         <name>.text:_system_pre_init</name>
         <load_address>0x12052</load_address>
         <run_address>0x12052</run_address>
         <size>0x4</size>
         <input_file_ref idref="fl-72"/>
      </object_component>
      <object_component id="oc-151">
         <name>.text:abort</name>
         <load_address>0x12056</load_address>
         <run_address>0x12056</run_address>
         <size>0x4</size>
         <input_file_ref idref="fl-4d"/>
      </object_component>
      <object_component id="oc-116">
         <name>.text:_isr:ADC12ISR</name>
         <load_address>0x4400</load_address>
         <run_address>0x4400</run_address>
         <size>0x4c</size>
         <input_file_ref idref="fl-3"/>
      </object_component>
      <object_component id="oc-ab">
         <name>.text:_isr:_c_int00_noargs_noexit</name>
         <load_address>0x444c</load_address>
         <run_address>0x444c</run_address>
         <size>0x1a</size>
         <input_file_ref idref="fl-44"/>
      </object_component>
      <object_component id="oc-fe">
         <name>.text:_isr:TIMER1_A1_ISR</name>
         <load_address>0x4466</load_address>
         <run_address>0x4466</run_address>
         <size>0xc</size>
         <input_file_ref idref="fl-a"/>
      </object_component>
      <object_component id="oc-f8">
         <name>.text:_isr:Port1_ISR</name>
         <load_address>0x4472</load_address>
         <run_address>0x4472</run_address>
         <size>0xa</size>
         <input_file_ref idref="fl-7"/>
      </object_component>
      <object_component id="oc-f2">
         <name>.text:_isr:Port2_ISR</name>
         <load_address>0x447c</load_address>
         <run_address>0x447c</run_address>
         <size>0xa</size>
         <input_file_ref idref="fl-7"/>
      </object_component>
      <object_component id="oc-10a">
         <name>.text:_isr:TIMER0_A1_ISR</name>
         <load_address>0x4486</load_address>
         <run_address>0x4486</run_address>
         <size>0xa</size>
         <input_file_ref idref="fl-9"/>
      </object_component>
      <object_component id="oc-11c">
         <name>.text:_isr:WDT_ISR</name>
         <load_address>0x4490</load_address>
         <run_address>0x4490</run_address>
         <size>0xa</size>
         <input_file_ref idref="fl-5"/>
      </object_component>
      <object_component id="oc-ed">
         <name>.text:_isr:__TI_ISR_TRAP</name>
         <load_address>0x449a</load_address>
         <run_address>0x449a</run_address>
         <size>0x6</size>
         <input_file_ref idref="fl-64"/>
      </object_component>
      <object_component id="oc-110">
         <name>.text:_isr:TIMER0_A0_ISR</name>
         <load_address>0x44a0</load_address>
         <run_address>0x44a0</run_address>
         <size>0x2</size>
         <input_file_ref idref="fl-9"/>
      </object_component>
      <object_component id="oc-104">
         <name>.text:_isr:TIMER1_A0_ISR</name>
         <load_address>0x44a2</load_address>
         <run_address>0x44a2</run_address>
         <size>0x2</size>
         <input_file_ref idref="fl-a"/>
      </object_component>
      <object_component id="oc-376">
         <name>.cinit..data.load</name>
         <load_address>0x44a4</load_address>
         <run_address>0x44a4</run_address>
         <size>0x3d</size>
      </object_component>
      <object_component id="oc-373">
         <name>__TI_handler_table</name>
         <load_address>0x44e2</load_address>
         <run_address>0x44e2</run_address>
         <size>0xc</size>
      </object_component>
      <object_component id="oc-375">
         <name>.cinit..bss.load</name>
         <load_address>0x44ee</load_address>
         <run_address>0x44ee</run_address>
         <size>0x6</size>
      </object_component>
      <object_component id="oc-374">
         <name>__TI_cinit_table</name>
         <load_address>0x44f4</load_address>
         <run_address>0x44f4</run_address>
         <size>0x10</size>
      </object_component>
      <object_component id="oc-77">
         <name>.int41</name>
         <load_address>0xffd2</load_address>
         <run_address>0xffd2</run_address>
         <size>0x2</size>
         <input_file_ref idref="fl-56"/>
      </object_component>
      <object_component id="oc-78">
         <name>.int42</name>
         <load_address>0xffd4</load_address>
         <run_address>0xffd4</run_address>
         <size>0x2</size>
         <input_file_ref idref="fl-7"/>
      </object_component>
      <object_component id="oc-79">
         <name>.int43</name>
         <load_address>0xffd6</load_address>
         <run_address>0xffd6</run_address>
         <size>0x2</size>
         <input_file_ref idref="fl-57"/>
      </object_component>
      <object_component id="oc-7a">
         <name>.int44</name>
         <load_address>0xffd8</load_address>
         <run_address>0xffd8</run_address>
         <size>0x2</size>
         <input_file_ref idref="fl-58"/>
      </object_component>
      <object_component id="oc-7b">
         <name>.int45</name>
         <load_address>0xffda</load_address>
         <run_address>0xffda</run_address>
         <size>0x2</size>
         <input_file_ref idref="fl-59"/>
      </object_component>
      <object_component id="oc-7c">
         <name>.int46</name>
         <load_address>0xffdc</load_address>
         <run_address>0xffdc</run_address>
         <size>0x2</size>
         <input_file_ref idref="fl-5a"/>
      </object_component>
      <object_component id="oc-7d">
         <name>.int47</name>
         <load_address>0xffde</load_address>
         <run_address>0xffde</run_address>
         <size>0x2</size>
         <input_file_ref idref="fl-7"/>
      </object_component>
      <object_component id="oc-7e">
         <name>.int48</name>
         <load_address>0xffe0</load_address>
         <run_address>0xffe0</run_address>
         <size>0x2</size>
         <input_file_ref idref="fl-a"/>
      </object_component>
      <object_component id="oc-7f">
         <name>.int49</name>
         <load_address>0xffe2</load_address>
         <run_address>0xffe2</run_address>
         <size>0x2</size>
         <input_file_ref idref="fl-a"/>
      </object_component>
      <object_component id="oc-80">
         <name>.int50</name>
         <load_address>0xffe4</load_address>
         <run_address>0xffe4</run_address>
         <size>0x2</size>
         <input_file_ref idref="fl-5b"/>
      </object_component>
      <object_component id="oc-81">
         <name>.int51</name>
         <load_address>0xffe6</load_address>
         <run_address>0xffe6</run_address>
         <size>0x2</size>
         <input_file_ref idref="fl-5c"/>
      </object_component>
      <object_component id="oc-82">
         <name>.int52</name>
         <load_address>0xffe8</load_address>
         <run_address>0xffe8</run_address>
         <size>0x2</size>
         <input_file_ref idref="fl-9"/>
      </object_component>
      <object_component id="oc-83">
         <name>.int53</name>
         <load_address>0xffea</load_address>
         <run_address>0xffea</run_address>
         <size>0x2</size>
         <input_file_ref idref="fl-9"/>
      </object_component>
      <object_component id="oc-84">
         <name>.int54</name>
         <load_address>0xffec</load_address>
         <run_address>0xffec</run_address>
         <size>0x2</size>
         <input_file_ref idref="fl-3"/>
      </object_component>
      <object_component id="oc-85">
         <name>.int55</name>
         <load_address>0xffee</load_address>
         <run_address>0xffee</run_address>
         <size>0x2</size>
         <input_file_ref idref="fl-5d"/>
      </object_component>
      <object_component id="oc-86">
         <name>.int56</name>
         <load_address>0xfff0</load_address>
         <run_address>0xfff0</run_address>
         <size>0x2</size>
         <input_file_ref idref="fl-5e"/>
      </object_component>
      <object_component id="oc-87">
         <name>.int57</name>
         <load_address>0xfff2</load_address>
         <run_address>0xfff2</run_address>
         <size>0x2</size>
         <input_file_ref idref="fl-5"/>
      </object_component>
      <object_component id="oc-88">
         <name>.int58</name>
         <load_address>0xfff4</load_address>
         <run_address>0xfff4</run_address>
         <size>0x2</size>
         <input_file_ref idref="fl-5f"/>
      </object_component>
      <object_component id="oc-89">
         <name>.int59</name>
         <load_address>0xfff6</load_address>
         <run_address>0xfff6</run_address>
         <size>0x2</size>
         <input_file_ref idref="fl-60"/>
      </object_component>
      <object_component id="oc-8a">
         <name>.int60</name>
         <load_address>0xfff8</load_address>
         <run_address>0xfff8</run_address>
         <size>0x2</size>
         <input_file_ref idref="fl-61"/>
      </object_component>
      <object_component id="oc-8b">
         <name>.int61</name>
         <load_address>0xfffa</load_address>
         <run_address>0xfffa</run_address>
         <size>0x2</size>
         <input_file_ref idref="fl-62"/>
      </object_component>
      <object_component id="oc-8c">
         <name>.int62</name>
         <load_address>0xfffc</load_address>
         <run_address>0xfffc</run_address>
         <size>0x2</size>
         <input_file_ref idref="fl-63"/>
      </object_component>
      <object_component id="oc-d2">
         <name>.reset</name>
         <load_address>0xfffe</load_address>
         <run_address>0xfffe</run_address>
         <size>0x2</size>
         <input_file_ref idref="fl-43"/>
      </object_component>
      <object_component id="oc-1be">
         <name>.data</name>
         <load_address>0x2420</load_address>
         <run_address>0x2420</run_address>
         <size>0x10</size>
         <input_file_ref idref="fl-2"/>
      </object_component>
      <object_component id="oc-188">
         <name>.data</name>
         <load_address>0x2440</load_address>
         <run_address>0x2440</run_address>
         <size>0x2</size>
         <input_file_ref idref="fl-3"/>
      </object_component>
      <object_component id="oc-28f">
         <name>.data:Key_Value_Table</name>
         <load_address>0x2400</load_address>
         <run_address>0x2400</run_address>
         <size>0x10</size>
         <input_file_ref idref="fl-6"/>
      </object_component>
      <object_component id="oc-292">
         <name>.data:key_real_value</name>
         <load_address>0x2410</load_address>
         <run_address>0x2410</run_address>
         <size>0x10</size>
         <input_file_ref idref="fl-6"/>
      </object_component>
      <object_component id="oc-1e1">
         <name>.data</name>
         <load_address>0x2442</load_address>
         <run_address>0x2442</run_address>
         <size>0x1</size>
         <input_file_ref idref="fl-6"/>
      </object_component>
      <object_component id="oc-24b">
         <name>.data:tab_SPI1</name>
         <load_address>0x2430</load_address>
         <run_address>0x2430</run_address>
         <size>0x10</size>
         <input_file_ref idref="fl-8"/>
      </object_component>
      <object_component id="oc-1bf">
         <name>.debug_info</name>
         <load_address>0x0</load_address>
         <run_address>0x0</run_address>
         <size>0xd6</size>
         <input_file_ref idref="fl-2"/>
      </object_component>
      <object_component id="oc-14a">
         <name>.debug_info</name>
         <load_address>0xd6</load_address>
         <run_address>0xd6</run_address>
         <size>0x163</size>
         <input_file_ref idref="fl-2"/>
      </object_component>
      <object_component id="oc-15f">
         <name>.debug_info</name>
         <load_address>0x239</load_address>
         <run_address>0x239</run_address>
         <size>0x84</size>
         <input_file_ref idref="fl-2"/>
      </object_component>
      <object_component id="oc-18a">
         <name>.debug_info</name>
         <load_address>0x2bd</load_address>
         <run_address>0x2bd</run_address>
         <size>0x38e</size>
         <input_file_ref idref="fl-3"/>
      </object_component>
      <object_component id="oc-117">
         <name>.debug_info</name>
         <load_address>0x64b</load_address>
         <run_address>0x64b</run_address>
         <size>0x11d</size>
         <input_file_ref idref="fl-3"/>
      </object_component>
      <object_component id="oc-11d">
         <name>.debug_info</name>
         <load_address>0x768</load_address>
         <run_address>0x768</run_address>
         <size>0x111</size>
         <input_file_ref idref="fl-5"/>
      </object_component>
      <object_component id="oc-242">
         <name>.debug_info</name>
         <load_address>0x879</load_address>
         <run_address>0x879</run_address>
         <size>0x299</size>
         <input_file_ref idref="fl-6"/>
      </object_component>
      <object_component id="oc-290">
         <name>.debug_info</name>
         <load_address>0xb12</load_address>
         <run_address>0xb12</run_address>
         <size>0xcf</size>
         <input_file_ref idref="fl-6"/>
      </object_component>
      <object_component id="oc-293">
         <name>.debug_info</name>
         <load_address>0xbe1</load_address>
         <run_address>0xbe1</run_address>
         <size>0xcd</size>
         <input_file_ref idref="fl-6"/>
      </object_component>
      <object_component id="oc-1e3">
         <name>.debug_info</name>
         <load_address>0xcae</load_address>
         <run_address>0xcae</run_address>
         <size>0x12e</size>
         <input_file_ref idref="fl-6"/>
      </object_component>
      <object_component id="oc-246">
         <name>.debug_info</name>
         <load_address>0xddc</load_address>
         <run_address>0xddc</run_address>
         <size>0x132</size>
         <input_file_ref idref="fl-6"/>
      </object_component>
      <object_component id="oc-1e9">
         <name>.debug_info</name>
         <load_address>0xf0e</load_address>
         <run_address>0xf0e</run_address>
         <size>0x26e</size>
         <input_file_ref idref="fl-6"/>
      </object_component>
      <object_component id="oc-191">
         <name>.debug_info</name>
         <load_address>0x117c</load_address>
         <run_address>0x117c</run_address>
         <size>0x15a</size>
         <input_file_ref idref="fl-6"/>
      </object_component>
      <object_component id="oc-17e">
         <name>.debug_info</name>
         <load_address>0x12d6</load_address>
         <run_address>0x12d6</run_address>
         <size>0xf4</size>
         <input_file_ref idref="fl-7"/>
      </object_component>
      <object_component id="oc-177">
         <name>.debug_info</name>
         <load_address>0x13ca</load_address>
         <run_address>0x13ca</run_address>
         <size>0xf4</size>
         <input_file_ref idref="fl-7"/>
      </object_component>
      <object_component id="oc-f9">
         <name>.debug_info</name>
         <load_address>0x14be</load_address>
         <run_address>0x14be</run_address>
         <size>0x109</size>
         <input_file_ref idref="fl-7"/>
      </object_component>
      <object_component id="oc-f3">
         <name>.debug_info</name>
         <load_address>0x15c7</load_address>
         <run_address>0x15c7</run_address>
         <size>0x109</size>
         <input_file_ref idref="fl-7"/>
      </object_component>
      <object_component id="oc-298">
         <name>.debug_info</name>
         <load_address>0x16d0</load_address>
         <run_address>0x16d0</run_address>
         <size>0x2b5</size>
         <input_file_ref idref="fl-8"/>
      </object_component>
      <object_component id="oc-24c">
         <name>.debug_info</name>
         <load_address>0x1985</load_address>
         <run_address>0x1985</run_address>
         <size>0xc7</size>
         <input_file_ref idref="fl-8"/>
      </object_component>
      <object_component id="oc-2f1">
         <name>.debug_info</name>
         <load_address>0x1a4c</load_address>
         <run_address>0x1a4c</run_address>
         <size>0x140</size>
         <input_file_ref idref="fl-8"/>
      </object_component>
      <object_component id="oc-2a0">
         <name>.debug_info</name>
         <load_address>0x1b8c</load_address>
         <run_address>0x1b8c</run_address>
         <size>0x142</size>
         <input_file_ref idref="fl-8"/>
      </object_component>
      <object_component id="oc-29a">
         <name>.debug_info</name>
         <load_address>0x1cce</load_address>
         <run_address>0x1cce</run_address>
         <size>0x16c</size>
         <input_file_ref idref="fl-8"/>
      </object_component>
      <object_component id="oc-24f">
         <name>.debug_info</name>
         <load_address>0x1e3a</load_address>
         <run_address>0x1e3a</run_address>
         <size>0x181</size>
         <input_file_ref idref="fl-8"/>
      </object_component>
      <object_component id="oc-2a7">
         <name>.debug_info</name>
         <load_address>0x1fbb</load_address>
         <run_address>0x1fbb</run_address>
         <size>0x205</size>
         <input_file_ref idref="fl-8"/>
      </object_component>
      <object_component id="oc-255">
         <name>.debug_info</name>
         <load_address>0x21c0</load_address>
         <run_address>0x21c0</run_address>
         <size>0x121</size>
         <input_file_ref idref="fl-8"/>
      </object_component>
      <object_component id="oc-111">
         <name>.debug_info</name>
         <load_address>0x22e1</load_address>
         <run_address>0x22e1</run_address>
         <size>0x108</size>
         <input_file_ref idref="fl-9"/>
      </object_component>
      <object_component id="oc-10b">
         <name>.debug_info</name>
         <load_address>0x23e9</load_address>
         <run_address>0x23e9</run_address>
         <size>0x108</size>
         <input_file_ref idref="fl-9"/>
      </object_component>
      <object_component id="oc-105">
         <name>.debug_info</name>
         <load_address>0x24f1</load_address>
         <run_address>0x24f1</run_address>
         <size>0x105</size>
         <input_file_ref idref="fl-a"/>
      </object_component>
      <object_component id="oc-ff">
         <name>.debug_info</name>
         <load_address>0x25f6</load_address>
         <run_address>0x25f6</run_address>
         <size>0x105</size>
         <input_file_ref idref="fl-a"/>
      </object_component>
      <object_component id="oc-1b3">
         <name>.debug_info</name>
         <load_address>0x26fb</load_address>
         <run_address>0x26fb</run_address>
         <size>0x18c</size>
         <input_file_ref idref="fl-b"/>
      </object_component>
      <object_component id="oc-1b9">
         <name>.debug_info</name>
         <load_address>0x2887</load_address>
         <run_address>0x2887</run_address>
         <size>0x13a</size>
         <input_file_ref idref="fl-b"/>
      </object_component>
      <object_component id="oc-1c2">
         <name>.debug_info</name>
         <load_address>0x29c1</load_address>
         <run_address>0x29c1</run_address>
         <size>0x3e5</size>
         <input_file_ref idref="fl-b"/>
      </object_component>
      <object_component id="oc-1c8">
         <name>.debug_info</name>
         <load_address>0x2da6</load_address>
         <run_address>0x2da6</run_address>
         <size>0x18b</size>
         <input_file_ref idref="fl-c"/>
      </object_component>
      <object_component id="oc-1ce">
         <name>.debug_info</name>
         <load_address>0x2f31</load_address>
         <run_address>0x2f31</run_address>
         <size>0x137</size>
         <input_file_ref idref="fl-c"/>
      </object_component>
      <object_component id="oc-1d4">
         <name>.debug_info</name>
         <load_address>0x3068</load_address>
         <run_address>0x3068</run_address>
         <size>0x203</size>
         <input_file_ref idref="fl-c"/>
      </object_component>
      <object_component id="oc-28b">
         <name>.debug_info</name>
         <load_address>0x326b</load_address>
         <run_address>0x326b</run_address>
         <size>0x20e</size>
         <input_file_ref idref="fl-42"/>
      </object_component>
      <object_component id="oc-234">
         <name>.debug_info</name>
         <load_address>0x3479</load_address>
         <run_address>0x3479</run_address>
         <size>0x20a</size>
         <input_file_ref idref="fl-42"/>
      </object_component>
      <object_component id="oc-261">
         <name>.debug_info</name>
         <load_address>0x3683</load_address>
         <run_address>0x3683</run_address>
         <size>0x94</size>
         <input_file_ref idref="fl-42"/>
      </object_component>
      <object_component id="oc-d0">
         <name>.debug_info</name>
         <load_address>0x3717</load_address>
         <run_address>0x3717</run_address>
         <size>0xd8</size>
         <input_file_ref idref="fl-43"/>
      </object_component>
      <object_component id="oc-ae">
         <name>.debug_info</name>
         <load_address>0x37ef</load_address>
         <run_address>0x37ef</run_address>
         <size>0x179</size>
         <input_file_ref idref="fl-44"/>
      </object_component>
      <object_component id="oc-214">
         <name>.debug_info</name>
         <load_address>0x3968</load_address>
         <run_address>0x3968</run_address>
         <size>0x1a7</size>
         <input_file_ref idref="fl-45"/>
      </object_component>
      <object_component id="oc-df">
         <name>.debug_info</name>
         <load_address>0x3b0f</load_address>
         <run_address>0x3b0f</run_address>
         <size>0x1a9</size>
         <input_file_ref idref="fl-46"/>
      </object_component>
      <object_component id="oc-6c">
         <name>.debug_info</name>
         <load_address>0x3cb8</load_address>
         <run_address>0x3cb8</run_address>
         <size>0x1ab</size>
         <input_file_ref idref="fl-46"/>
      </object_component>
      <object_component id="oc-da">
         <name>.debug_info</name>
         <load_address>0x3e63</load_address>
         <run_address>0x3e63</run_address>
         <size>0x46</size>
         <input_file_ref idref="fl-46"/>
      </object_component>
      <object_component id="oc-16d">
         <name>.debug_info</name>
         <load_address>0x3ea9</load_address>
         <run_address>0x3ea9</run_address>
         <size>0x2c</size>
         <input_file_ref idref="fl-46"/>
      </object_component>
      <object_component id="oc-e7">
         <name>.debug_info</name>
         <load_address>0x3ed5</load_address>
         <run_address>0x3ed5</run_address>
         <size>0x166</size>
         <input_file_ref idref="fl-47"/>
      </object_component>
      <object_component id="oc-e1">
         <name>.debug_info</name>
         <load_address>0x403b</load_address>
         <run_address>0x403b</run_address>
         <size>0x21d</size>
         <input_file_ref idref="fl-47"/>
      </object_component>
      <object_component id="oc-72">
         <name>.debug_info</name>
         <load_address>0x4258</load_address>
         <run_address>0x4258</run_address>
         <size>0x194</size>
         <input_file_ref idref="fl-47"/>
      </object_component>
      <object_component id="oc-e8">
         <name>.debug_info</name>
         <load_address>0x43ec</load_address>
         <run_address>0x43ec</run_address>
         <size>0x39</size>
         <input_file_ref idref="fl-47"/>
      </object_component>
      <object_component id="oc-128">
         <name>.debug_info</name>
         <load_address>0x4425</load_address>
         <run_address>0x4425</run_address>
         <size>0x157</size>
         <input_file_ref idref="fl-48"/>
      </object_component>
      <object_component id="oc-8e">
         <name>.debug_info</name>
         <load_address>0x457c</load_address>
         <run_address>0x457c</run_address>
         <size>0x19d</size>
         <input_file_ref idref="fl-48"/>
      </object_component>
      <object_component id="oc-123">
         <name>.debug_info</name>
         <load_address>0x4719</load_address>
         <run_address>0x4719</run_address>
         <size>0x46</size>
         <input_file_ref idref="fl-48"/>
      </object_component>
      <object_component id="oc-27c">
         <name>.debug_info</name>
         <load_address>0x475f</load_address>
         <run_address>0x475f</run_address>
         <size>0x209</size>
         <input_file_ref idref="fl-4c"/>
      </object_component>
      <object_component id="oc-226">
         <name>.debug_info</name>
         <load_address>0x4968</load_address>
         <run_address>0x4968</run_address>
         <size>0x22a</size>
         <input_file_ref idref="fl-4c"/>
      </object_component>
      <object_component id="oc-155">
         <name>.debug_info</name>
         <load_address>0x4b92</load_address>
         <run_address>0x4b92</run_address>
         <size>0xfa</size>
         <input_file_ref idref="fl-4d"/>
      </object_component>
      <object_component id="oc-22c">
         <name>.debug_info</name>
         <load_address>0x4c8c</load_address>
         <run_address>0x4c8c</run_address>
         <size>0x14e</size>
         <input_file_ref idref="fl-4e"/>
      </object_component>
      <object_component id="oc-281">
         <name>.debug_info</name>
         <load_address>0x4dda</load_address>
         <run_address>0x4dda</run_address>
         <size>0x188</size>
         <input_file_ref idref="fl-4f"/>
      </object_component>
      <object_component id="oc-21d">
         <name>.debug_info</name>
         <load_address>0x4f62</load_address>
         <run_address>0x4f62</run_address>
         <size>0x13e</size>
         <input_file_ref idref="fl-50"/>
      </object_component>
      <object_component id="oc-2b8">
         <name>.debug_info</name>
         <load_address>0x50a0</load_address>
         <run_address>0x50a0</run_address>
         <size>0x1d7</size>
         <input_file_ref idref="fl-51"/>
      </object_component>
      <object_component id="oc-269">
         <name>.debug_info</name>
         <load_address>0x5277</load_address>
         <run_address>0x5277</run_address>
         <size>0x199</size>
         <input_file_ref idref="fl-51"/>
      </object_component>
      <object_component id="oc-2e7">
         <name>.debug_info</name>
         <load_address>0x5410</load_address>
         <run_address>0x5410</run_address>
         <size>0x20c</size>
         <input_file_ref idref="fl-52"/>
      </object_component>
      <object_component id="oc-285">
         <name>.debug_info</name>
         <load_address>0x561c</load_address>
         <run_address>0x561c</run_address>
         <size>0x294</size>
         <input_file_ref idref="fl-52"/>
      </object_component>
      <object_component id="oc-2cd">
         <name>.debug_info</name>
         <load_address>0x58b0</load_address>
         <run_address>0x58b0</run_address>
         <size>0x1de</size>
         <input_file_ref idref="fl-53"/>
      </object_component>
      <object_component id="oc-277">
         <name>.debug_info</name>
         <load_address>0x5a8e</load_address>
         <run_address>0x5a8e</run_address>
         <size>0x583</size>
         <input_file_ref idref="fl-53"/>
      </object_component>
      <object_component id="oc-ee">
         <name>.debug_info</name>
         <load_address>0x6011</load_address>
         <run_address>0x6011</run_address>
         <size>0xee</size>
         <input_file_ref idref="fl-64"/>
      </object_component>
      <object_component id="oc-2d7">
         <name>.debug_info</name>
         <load_address>0x60ff</load_address>
         <run_address>0x60ff</run_address>
         <size>0xff</size>
         <input_file_ref idref="fl-66"/>
      </object_component>
      <object_component id="oc-2ae">
         <name>.debug_info</name>
         <load_address>0x61fe</load_address>
         <run_address>0x61fe</run_address>
         <size>0x105</size>
         <input_file_ref idref="fl-66"/>
      </object_component>
      <object_component id="oc-2d1">
         <name>.debug_info</name>
         <load_address>0x6303</load_address>
         <run_address>0x6303</run_address>
         <size>0xff</size>
         <input_file_ref idref="fl-67"/>
      </object_component>
      <object_component id="oc-2b3">
         <name>.debug_info</name>
         <load_address>0x6402</load_address>
         <run_address>0x6402</run_address>
         <size>0x105</size>
         <input_file_ref idref="fl-67"/>
      </object_component>
      <object_component id="oc-165">
         <name>.debug_info</name>
         <load_address>0x6507</load_address>
         <run_address>0x6507</run_address>
         <size>0x15f</size>
         <input_file_ref idref="fl-68"/>
      </object_component>
      <object_component id="oc-d4">
         <name>.debug_info</name>
         <load_address>0x6666</load_address>
         <run_address>0x6666</run_address>
         <size>0x174</size>
         <input_file_ref idref="fl-68"/>
      </object_component>
      <object_component id="oc-166">
         <name>.debug_info</name>
         <load_address>0x67da</load_address>
         <run_address>0x67da</run_address>
         <size>0x2c</size>
         <input_file_ref idref="fl-68"/>
      </object_component>
      <object_component id="oc-274">
         <name>.debug_info</name>
         <load_address>0x6806</load_address>
         <run_address>0x6806</run_address>
         <size>0x209</size>
         <input_file_ref idref="fl-6a"/>
      </object_component>
      <object_component id="oc-220">
         <name>.debug_info</name>
         <load_address>0x6a0f</load_address>
         <run_address>0x6a0f</run_address>
         <size>0x23b</size>
         <input_file_ref idref="fl-6a"/>
      </object_component>
      <object_component id="oc-2c8">
         <name>.debug_info</name>
         <load_address>0x6c4a</load_address>
         <run_address>0x6c4a</run_address>
         <size>0x10f</size>
         <input_file_ref idref="fl-6d"/>
      </object_component>
      <object_component id="oc-2ba">
         <name>.debug_info</name>
         <load_address>0x6d59</load_address>
         <run_address>0x6d59</run_address>
         <size>0x10f</size>
         <input_file_ref idref="fl-70"/>
      </object_component>
      <object_component id="oc-12a">
         <name>.debug_info</name>
         <load_address>0x6e68</load_address>
         <run_address>0x6e68</run_address>
         <size>0x12b</size>
         <input_file_ref idref="fl-72"/>
      </object_component>
      <object_component id="oc-308">
         <name>.debug_info</name>
         <load_address>0x6f93</load_address>
         <run_address>0x6f93</run_address>
         <size>0x1de</size>
         <input_file_ref idref="fl-73"/>
      </object_component>
      <object_component id="oc-2e1">
         <name>.debug_info</name>
         <load_address>0x7171</load_address>
         <run_address>0x7171</run_address>
         <size>0x1b5</size>
         <input_file_ref idref="fl-73"/>
      </object_component>
      <object_component id="oc-23b">
         <name>.debug_info</name>
         <load_address>0x7326</load_address>
         <run_address>0x7326</run_address>
         <size>0x17b</size>
         <input_file_ref idref="fl-75"/>
      </object_component>
      <object_component id="oc-2dc">
         <name>.debug_info</name>
         <load_address>0x74a1</load_address>
         <run_address>0x74a1</run_address>
         <size>0xff</size>
         <input_file_ref idref="fl-7a"/>
      </object_component>
      <object_component id="oc-2bf">
         <name>.debug_info</name>
         <load_address>0x75a0</load_address>
         <run_address>0x75a0</run_address>
         <size>0x105</size>
         <input_file_ref idref="fl-7a"/>
      </object_component>
      <object_component id="oc-19b">
         <name>.debug_info</name>
         <load_address>0x76a5</load_address>
         <run_address>0x76a5</run_address>
         <size>0x306</size>
         <input_file_ref idref="fl-7b"/>
      </object_component>
      <object_component id="oc-130">
         <name>.debug_info</name>
         <load_address>0x79ab</load_address>
         <run_address>0x79ab</run_address>
         <size>0x1da</size>
         <input_file_ref idref="fl-7b"/>
      </object_component>
      <object_component id="oc-1f1">
         <name>.debug_info</name>
         <load_address>0x7b85</load_address>
         <run_address>0x7b85</run_address>
         <size>0x39</size>
         <input_file_ref idref="fl-7b"/>
      </object_component>
      <object_component id="oc-19c">
         <name>.debug_info</name>
         <load_address>0x7bbe</load_address>
         <run_address>0x7bbe</run_address>
         <size>0x2c</size>
         <input_file_ref idref="fl-7b"/>
      </object_component>
      <object_component id="oc-2c4">
         <name>.debug_info</name>
         <load_address>0x7bea</load_address>
         <run_address>0x7bea</run_address>
         <size>0x1fa</size>
         <input_file_ref idref="fl-7f"/>
      </object_component>
      <object_component id="oc-26f">
         <name>.debug_info</name>
         <load_address>0x7de4</load_address>
         <run_address>0x7de4</run_address>
         <size>0x341</size>
         <input_file_ref idref="fl-7f"/>
      </object_component>
      <object_component id="oc-379">
         <name>.debug_info</name>
         <load_address>0x8125</load_address>
         <run_address>0x8125</run_address>
         <size>0x91</size>
      </object_component>
      <object_component id="oc-212">
         <name>.debug_line</name>
         <load_address>0x0</load_address>
         <run_address>0x0</run_address>
         <size>0x2d</size>
         <input_file_ref idref="fl-2"/>
      </object_component>
      <object_component id="oc-14d">
         <name>.debug_line</name>
         <load_address>0x2d</load_address>
         <run_address>0x2d</run_address>
         <size>0x4d</size>
         <input_file_ref idref="fl-2"/>
      </object_component>
      <object_component id="oc-162">
         <name>.debug_line</name>
         <load_address>0x7a</load_address>
         <run_address>0x7a</run_address>
         <size>0x20</size>
         <input_file_ref idref="fl-2"/>
      </object_component>
      <object_component id="oc-1e0">
         <name>.debug_line</name>
         <load_address>0x9a</load_address>
         <run_address>0x9a</run_address>
         <size>0xb3</size>
         <input_file_ref idref="fl-3"/>
      </object_component>
      <object_component id="oc-11a">
         <name>.debug_line</name>
         <load_address>0x14d</load_address>
         <run_address>0x14d</run_address>
         <size>0x56</size>
         <input_file_ref idref="fl-3"/>
      </object_component>
      <object_component id="oc-120">
         <name>.debug_line</name>
         <load_address>0x1a3</load_address>
         <run_address>0x1a3</run_address>
         <size>0x49</size>
         <input_file_ref idref="fl-5"/>
      </object_component>
      <object_component id="oc-28e">
         <name>.debug_line</name>
         <load_address>0x1ec</load_address>
         <run_address>0x1ec</run_address>
         <size>0xc8</size>
         <input_file_ref idref="fl-6"/>
      </object_component>
      <object_component id="oc-2eb">
         <name>.debug_line</name>
         <load_address>0x2b4</load_address>
         <run_address>0x2b4</run_address>
         <size>0x33</size>
         <input_file_ref idref="fl-6"/>
      </object_component>
      <object_component id="oc-2ed">
         <name>.debug_line</name>
         <load_address>0x2e7</load_address>
         <run_address>0x2e7</run_address>
         <size>0x33</size>
         <input_file_ref idref="fl-6"/>
      </object_component>
      <object_component id="oc-1e6">
         <name>.debug_line</name>
         <load_address>0x31a</load_address>
         <run_address>0x31a</run_address>
         <size>0x69</size>
         <input_file_ref idref="fl-6"/>
      </object_component>
      <object_component id="oc-249">
         <name>.debug_line</name>
         <load_address>0x383</load_address>
         <run_address>0x383</run_address>
         <size>0x5a</size>
         <input_file_ref idref="fl-6"/>
      </object_component>
      <object_component id="oc-1ec">
         <name>.debug_line</name>
         <load_address>0x3dd</load_address>
         <run_address>0x3dd</run_address>
         <size>0xc0</size>
         <input_file_ref idref="fl-6"/>
      </object_component>
      <object_component id="oc-194">
         <name>.debug_line</name>
         <load_address>0x49d</load_address>
         <run_address>0x49d</run_address>
         <size>0x54</size>
         <input_file_ref idref="fl-6"/>
      </object_component>
      <object_component id="oc-181">
         <name>.debug_line</name>
         <load_address>0x4f1</load_address>
         <run_address>0x4f1</run_address>
         <size>0x47</size>
         <input_file_ref idref="fl-7"/>
      </object_component>
      <object_component id="oc-17a">
         <name>.debug_line</name>
         <load_address>0x538</load_address>
         <run_address>0x538</run_address>
         <size>0x47</size>
         <input_file_ref idref="fl-7"/>
      </object_component>
      <object_component id="oc-fc">
         <name>.debug_line</name>
         <load_address>0x57f</load_address>
         <run_address>0x57f</run_address>
         <size>0x47</size>
         <input_file_ref idref="fl-7"/>
      </object_component>
      <object_component id="oc-f6">
         <name>.debug_line</name>
         <load_address>0x5c6</load_address>
         <run_address>0x5c6</run_address>
         <size>0x47</size>
         <input_file_ref idref="fl-7"/>
      </object_component>
      <object_component id="oc-2ef">
         <name>.debug_line</name>
         <load_address>0x60d</load_address>
         <run_address>0x60d</run_address>
         <size>0xdd</size>
         <input_file_ref idref="fl-8"/>
      </object_component>
      <object_component id="oc-297">
         <name>.debug_line</name>
         <load_address>0x6ea</load_address>
         <run_address>0x6ea</run_address>
         <size>0x39</size>
         <input_file_ref idref="fl-8"/>
      </object_component>
      <object_component id="oc-2f4">
         <name>.debug_line</name>
         <load_address>0x723</load_address>
         <run_address>0x723</run_address>
         <size>0x5f</size>
         <input_file_ref idref="fl-8"/>
      </object_component>
      <object_component id="oc-2a3">
         <name>.debug_line</name>
         <load_address>0x782</load_address>
         <run_address>0x782</run_address>
         <size>0x61</size>
         <input_file_ref idref="fl-8"/>
      </object_component>
      <object_component id="oc-29d">
         <name>.debug_line</name>
         <load_address>0x7e3</load_address>
         <run_address>0x7e3</run_address>
         <size>0x64</size>
         <input_file_ref idref="fl-8"/>
      </object_component>
      <object_component id="oc-252">
         <name>.debug_line</name>
         <load_address>0x847</load_address>
         <run_address>0x847</run_address>
         <size>0x57</size>
         <input_file_ref idref="fl-8"/>
      </object_component>
      <object_component id="oc-2aa">
         <name>.debug_line</name>
         <load_address>0x89e</load_address>
         <run_address>0x89e</run_address>
         <size>0x6c</size>
         <input_file_ref idref="fl-8"/>
      </object_component>
      <object_component id="oc-258">
         <name>.debug_line</name>
         <load_address>0x90a</load_address>
         <run_address>0x90a</run_address>
         <size>0x4f</size>
         <input_file_ref idref="fl-8"/>
      </object_component>
      <object_component id="oc-114">
         <name>.debug_line</name>
         <load_address>0x959</load_address>
         <run_address>0x959</run_address>
         <size>0x43</size>
         <input_file_ref idref="fl-9"/>
      </object_component>
      <object_component id="oc-10e">
         <name>.debug_line</name>
         <load_address>0x99c</load_address>
         <run_address>0x99c</run_address>
         <size>0x48</size>
         <input_file_ref idref="fl-9"/>
      </object_component>
      <object_component id="oc-108">
         <name>.debug_line</name>
         <load_address>0x9e4</load_address>
         <run_address>0x9e4</run_address>
         <size>0x42</size>
         <input_file_ref idref="fl-a"/>
      </object_component>
      <object_component id="oc-102">
         <name>.debug_line</name>
         <load_address>0xa26</load_address>
         <run_address>0xa26</run_address>
         <size>0x4a</size>
         <input_file_ref idref="fl-a"/>
      </object_component>
      <object_component id="oc-1b6">
         <name>.debug_line</name>
         <load_address>0xa70</load_address>
         <run_address>0xa70</run_address>
         <size>0xe8</size>
         <input_file_ref idref="fl-b"/>
      </object_component>
      <object_component id="oc-1bc">
         <name>.debug_line</name>
         <load_address>0xb58</load_address>
         <run_address>0xb58</run_address>
         <size>0x4c</size>
         <input_file_ref idref="fl-b"/>
      </object_component>
      <object_component id="oc-1c5">
         <name>.debug_line</name>
         <load_address>0xba4</load_address>
         <run_address>0xba4</run_address>
         <size>0xa8</size>
         <input_file_ref idref="fl-b"/>
      </object_component>
      <object_component id="oc-1cb">
         <name>.debug_line</name>
         <load_address>0xc4c</load_address>
         <run_address>0xc4c</run_address>
         <size>0xe2</size>
         <input_file_ref idref="fl-c"/>
      </object_component>
      <object_component id="oc-1d1">
         <name>.debug_line</name>
         <load_address>0xd2e</load_address>
         <run_address>0xd2e</run_address>
         <size>0x4c</size>
         <input_file_ref idref="fl-c"/>
      </object_component>
      <object_component id="oc-1d7">
         <name>.debug_line</name>
         <load_address>0xd7a</load_address>
         <run_address>0xd7a</run_address>
         <size>0x72</size>
         <input_file_ref idref="fl-c"/>
      </object_component>
      <object_component id="oc-2e9">
         <name>.debug_line</name>
         <load_address>0xdec</load_address>
         <run_address>0xdec</run_address>
         <size>0x2d</size>
         <input_file_ref idref="fl-42"/>
      </object_component>
      <object_component id="oc-236">
         <name>.debug_line</name>
         <load_address>0xe19</load_address>
         <run_address>0xe19</run_address>
         <size>0xc9</size>
         <input_file_ref idref="fl-42"/>
      </object_component>
      <object_component id="oc-264">
         <name>.debug_line</name>
         <load_address>0xee2</load_address>
         <run_address>0xee2</run_address>
         <size>0x2e</size>
         <input_file_ref idref="fl-42"/>
      </object_component>
      <object_component id="oc-15e">
         <name>.debug_line</name>
         <load_address>0xf10</load_address>
         <run_address>0xf10</run_address>
         <size>0x2a</size>
         <input_file_ref idref="fl-43"/>
      </object_component>
      <object_component id="oc-ad">
         <name>.debug_line</name>
         <load_address>0xf3a</load_address>
         <run_address>0xf3a</run_address>
         <size>0x4c</size>
         <input_file_ref idref="fl-44"/>
      </object_component>
      <object_component id="oc-217">
         <name>.debug_line</name>
         <load_address>0xf86</load_address>
         <run_address>0xf86</run_address>
         <size>0x75</size>
         <input_file_ref idref="fl-45"/>
      </object_component>
      <object_component id="oc-16c">
         <name>.debug_line</name>
         <load_address>0xffb</load_address>
         <run_address>0xffb</run_address>
         <size>0x72</size>
         <input_file_ref idref="fl-46"/>
      </object_component>
      <object_component id="oc-6f">
         <name>.debug_line</name>
         <load_address>0x106d</load_address>
         <run_address>0x106d</run_address>
         <size>0x50</size>
         <input_file_ref idref="fl-46"/>
      </object_component>
      <object_component id="oc-dd">
         <name>.debug_line</name>
         <load_address>0x10bd</load_address>
         <run_address>0x10bd</run_address>
         <size>0x3a</size>
         <input_file_ref idref="fl-46"/>
      </object_component>
      <object_component id="oc-170">
         <name>.debug_line</name>
         <load_address>0x10f7</load_address>
         <run_address>0x10f7</run_address>
         <size>0x72</size>
         <input_file_ref idref="fl-46"/>
      </object_component>
      <object_component id="oc-174">
         <name>.debug_line</name>
         <load_address>0x1169</load_address>
         <run_address>0x1169</run_address>
         <size>0x20</size>
         <input_file_ref idref="fl-47"/>
      </object_component>
      <object_component id="oc-e4">
         <name>.debug_line</name>
         <load_address>0x1189</load_address>
         <run_address>0x1189</run_address>
         <size>0x8b</size>
         <input_file_ref idref="fl-47"/>
      </object_component>
      <object_component id="oc-75">
         <name>.debug_line</name>
         <load_address>0x1214</load_address>
         <run_address>0x1214</run_address>
         <size>0x49</size>
         <input_file_ref idref="fl-47"/>
      </object_component>
      <object_component id="oc-eb">
         <name>.debug_line</name>
         <load_address>0x125d</load_address>
         <run_address>0x125d</run_address>
         <size>0x39</size>
         <input_file_ref idref="fl-47"/>
      </object_component>
      <object_component id="oc-198">
         <name>.debug_line</name>
         <load_address>0x1296</load_address>
         <run_address>0x1296</run_address>
         <size>0x20</size>
         <input_file_ref idref="fl-48"/>
      </object_component>
      <object_component id="oc-91">
         <name>.debug_line</name>
         <load_address>0x12b6</load_address>
         <run_address>0x12b6</run_address>
         <size>0x4d</size>
         <input_file_ref idref="fl-48"/>
      </object_component>
      <object_component id="oc-126">
         <name>.debug_line</name>
         <load_address>0x1303</load_address>
         <run_address>0x1303</run_address>
         <size>0x34</size>
         <input_file_ref idref="fl-48"/>
      </object_component>
      <object_component id="oc-2cf">
         <name>.debug_line</name>
         <load_address>0x1337</load_address>
         <run_address>0x1337</run_address>
         <size>0x2d</size>
         <input_file_ref idref="fl-4c"/>
      </object_component>
      <object_component id="oc-229">
         <name>.debug_line</name>
         <load_address>0x1364</load_address>
         <run_address>0x1364</run_address>
[...]
         <object_component_ref idref="oc-11c"/>
      </symbol>
      <symbol id="sm-388">
         <name>__TI_int57</name>
         <value>0xfff2</value>
         <object_component_ref idref="oc-87"/>
      </symbol>
      <symbol id="sm-3d1">
         <name>KeyUp_Flag</name>
         <value>0x2484</value>
      </symbol>
      <symbol id="sm-3d2">
         <name>KEY_44_Dect</name>
         <value>0x11f1e</value>
         <object_component_ref idref="oc-190"/>
      </symbol>
      <symbol id="sm-3d3">
         <name>Display_Value</name>
         <value>0x116cc</value>
         <object_component_ref idref="oc-1e8"/>
      </symbol>
      <symbol id="sm-3d4">
         <name>Get_Key_Scan</name>
         <value>0x11d82</value>
         <object_component_ref idref="oc-1e2"/>
      </symbol>
      <symbol id="sm-3d5">
         <name>key_real_value</name>
         <value>0x2410</value>
         <object_component_ref idref="oc-292"/>
      </symbol>
      <symbol id="sm-3d6">
         <name>Key_Value_Table</name>
         <value>0x2400</value>
         <object_component_ref idref="oc-28f"/>
      </symbol>
      <symbol id="sm-3d7">
         <name>Get_Key</name>
         <value>0x11ef2</value>
         <object_component_ref idref="oc-245"/>
      </symbol>
      <symbol id="sm-3f7">
         <name>KEY_2</name>
         <value>0x12040</value>
         <object_component_ref idref="oc-176"/>
      </symbol>
      <symbol id="sm-3f8">
         <name>KEY_1</name>
         <value>0x1203a</value>
         <object_component_ref idref="oc-17d"/>
      </symbol>
      <symbol id="sm-3f9">
         <name>Port1_ISR</name>
         <value>0x4472</value>
         <object_component_ref idref="oc-f8"/>
      </symbol>
      <symbol id="sm-3fa">
         <name>__TI_int47</name>
         <value>0xffde</value>
         <object_component_ref idref="oc-7d"/>
      </symbol>
      <symbol id="sm-3fb">
         <name>__TI_int42</name>
         <value>0xffd4</value>
         <object_component_ref idref="oc-78"/>
      </symbol>
      <symbol id="sm-3fc">
         <name>Port2_ISR</name>
         <value>0x447c</value>
         <object_component_ref idref="oc-f2"/>
      </symbol>
      <symbol id="sm-440">
         <name>LCD_SetXY</name>
         <value>0x11e84</value>
         <object_component_ref idref="oc-299"/>
      </symbol>
      <symbol id="sm-441">
         <name>GUI_Fill_GDRAM</name>
         <value>0x11b32</value>
         <object_component_ref idref="oc-2a6"/>
      </symbol>
      <symbol id="sm-442">
         <name>tab_SPI1</name>
         <value>0x2430</value>
         <object_component_ref idref="oc-24b"/>
      </symbol>
      <symbol id="sm-443">
         <name>clrgdram</name>
         <value>0x12032</value>
         <object_component_ref idref="oc-254"/>
      </symbol>
      <symbol id="sm-444">
         <name>lcd12864_disp_str</name>
         <value>0x11f8a</value>
         <object_component_ref idref="oc-24e"/>
      </symbol>
      <symbol id="sm-445">
         <name>Write_Data</name>
         <value>0x11cdc</value>
         <object_component_ref idref="oc-29f"/>
      </symbol>
      <symbol id="sm-446">
         <name>Write_Cmd</name>
         <value>0x11d32</value>
         <object_component_ref idref="oc-2f0"/>
      </symbol>
      <symbol id="sm-458">
         <name>__TI_int52</name>
         <value>0xffe8</value>
         <object_component_ref idref="oc-82"/>
      </symbol>
      <symbol id="sm-459">
         <name>__TI_int53</name>
         <value>0xffea</value>
         <object_component_ref idref="oc-83"/>
      </symbol>
      <symbol id="sm-45a">
         <name>TIMER0_A1_ISR</name>
         <value>0x4486</value>
         <object_component_ref idref="oc-10a"/>
      </symbol>
      <symbol id="sm-45b">
         <name>TIMER0_A0_ISR</name>
         <value>0x44a0</value>
         <object_component_ref idref="oc-110"/>
      </symbol>
      <symbol id="sm-46e">
         <name>TIMER1_A1_ISR</name>
         <value>0x4466</value>
         <object_component_ref idref="oc-fe"/>
      </symbol>
      <symbol id="sm-46f">
         <name>TIMER1_A0_ISR</name>
         <value>0x44a2</value>
         <object_component_ref idref="oc-104"/>
      </symbol>
      <symbol id="sm-470">
         <name>__TI_int48</name>
         <value>0xffe0</value>
         <object_component_ref idref="oc-7e"/>
      </symbol>
      <symbol id="sm-471">
         <name>__TI_int49</name>
         <value>0xffe2</value>
         <object_component_ref idref="oc-7f"/>
      </symbol>
      <symbol id="sm-4ae">
         <name>TA1_PWM_Init</name>
         <value>0x11546</value>
         <object_component_ref idref="oc-1b2"/>
      </symbol>
      <symbol id="sm-4af">
         <name>TA1_PWM_SetPeriod</name>
         <value>0x12022</value>
         <object_component_ref idref="oc-1b8"/>
      </symbol>
      <symbol id="sm-4b0">
         <name>TA1_PWM_SetPermill</name>
         <value>0x10a0e</value>
         <object_component_ref idref="oc-1c1"/>
      </symbol>
      <symbol id="sm-4e4">
         <name>TB2_PWM_Init</name>
         <value>0x113ba</value>
         <object_component_ref idref="oc-1c7"/>
      </symbol>
      <symbol id="sm-4e5">
         <name>TB2_PWM_SetPeriod</name>
         <value>0x1202a</value>
         <object_component_ref idref="oc-1cd"/>
      </symbol>
      <symbol id="sm-4e6">
         <name>TB2_PWM_SetPermill</name>
         <value>0x118d2</value>
         <object_component_ref idref="oc-1d3"/>
      </symbol>
      <symbol id="sm-50e">
         <name>__mspabi_addd</name>
         <value>0x10736</value>
         <object_component_ref idref="oc-231"/>
      </symbol>
      <symbol id="sm-517">
         <name>_stack</name>
         <value>0x4360</value>
         <object_component_ref idref="oc-cf"/>
      </symbol>
      <symbol id="sm-518">
         <name>_reset_vector</name>
         <value>0xfffe</value>
         <object_component_ref idref="oc-d2"/>
      </symbol>
      <symbol id="sm-523">
         <name>_c_int00_noargs_noexit</name>
         <value>0x444c</value>
         <object_component_ref idref="oc-ab"/>
      </symbol>
      <symbol id="sm-53d">
         <name>__mspabi_cmpd</name>
         <value>0x117fa</value>
         <object_component_ref idref="oc-213"/>
      </symbol>
      <symbol id="sm-553">
         <name>__TI_decompress_none</name>
         <value>0x11fe0</value>
         <object_component_ref idref="oc-6b"/>
      </symbol>
      <symbol id="sm-575">
         <name>__TI_decompress_rle24</name>
         <value>0x1204c</value>
         <object_component_ref idref="oc-71"/>
      </symbol>
      <symbol id="sm-588">
         <name>__TI_zero_init</name>
         <value>0x11f44</value>
         <object_component_ref idref="oc-8d"/>
      </symbol>
      <symbol id="sm-5ac">
         <name>__mspabi_divd</name>
         <value>0x11198</value>
         <object_component_ref idref="oc-225"/>
      </symbol>
      <symbol id="sm-5b7">
         <name>C$$EXIT</name>
         <value>0x12056</value>
         <object_component_ref idref="oc-151"/>
      </symbol>
      <symbol id="sm-5b8">
         <name>abort</name>
         <value>0x12056</value>
         <object_component_ref idref="oc-151"/>
      </symbol>
      <symbol id="sm-5c3">
         <name>__mspabi_fixdu</name>
         <value>0x11fce</value>
         <object_component_ref idref="oc-22b"/>
      </symbol>
      <symbol id="sm-5d3">
         <name>__mspabi_fixdul</name>
         <value>0x11c74</value>
         <object_component_ref idref="oc-27d"/>
      </symbol>
      <symbol id="sm-5dc">
         <name>__mspabi_fltud</name>
         <value>0x12046</value>
         <object_component_ref idref="oc-219"/>
      </symbol>
      <symbol id="sm-5f1">
         <name>__mspabi_fltuld</name>
         <value>0x11abc</value>
         <object_component_ref idref="oc-266"/>
      </symbol>
      <symbol id="sm-612">
         <name>__TI_frcaddd</name>
         <value>0x10f46</value>
         <object_component_ref idref="oc-284"/>
      </symbol>
      <symbol id="sm-62d">
         <name>__TI_frcdivd</name>
         <value>0x10000</value>
         <object_component_ref idref="oc-275"/>
      </symbol>
      <symbol id="sm-647">
         <name>__TI_int41</name>
         <value>0xffd2</value>
         <object_component_ref idref="oc-77"/>
      </symbol>
      <symbol id="sm-64a">
         <name>__TI_int43</name>
         <value>0xffd6</value>
         <object_component_ref idref="oc-79"/>
      </symbol>
      <symbol id="sm-64d">
         <name>__TI_int44</name>
         <value>0xffd8</value>
         <object_component_ref idref="oc-7a"/>
      </symbol>
      <symbol id="sm-650">
         <name>__TI_int45</name>
         <value>0xffda</value>
         <object_component_ref idref="oc-7b"/>
      </symbol>
      <symbol id="sm-653">
         <name>__TI_int46</name>
         <value>0xffdc</value>
         <object_component_ref idref="oc-7c"/>
      </symbol>
      <symbol id="sm-656">
         <name>__TI_int50</name>
         <value>0xffe4</value>
         <object_component_ref idref="oc-80"/>
      </symbol>
      <symbol id="sm-659">
         <name>__TI_int51</name>
         <value>0xffe6</value>
         <object_component_ref idref="oc-81"/>
      </symbol>
      <symbol id="sm-65c">
         <name>__TI_int55</name>
         <value>0xffee</value>
         <object_component_ref idref="oc-85"/>
      </symbol>
      <symbol id="sm-65f">
         <name>__TI_int56</name>
         <value>0xfff0</value>
         <object_component_ref idref="oc-86"/>
      </symbol>
      <symbol id="sm-662">
         <name>__TI_int58</name>
         <value>0xfff4</value>
         <object_component_ref idref="oc-88"/>
      </symbol>
      <symbol id="sm-665">
         <name>__TI_int59</name>
         <value>0xfff6</value>
         <object_component_ref idref="oc-89"/>
      </symbol>
      <symbol id="sm-668">
         <name>__TI_int60</name>
         <value>0xfff8</value>
         <object_component_ref idref="oc-8a"/>
      </symbol>
      <symbol id="sm-66b">
         <name>__TI_int61</name>
         <value>0xfffa</value>
         <object_component_ref idref="oc-8b"/>
      </symbol>
      <symbol id="sm-66e">
         <name>__TI_int62</name>
         <value>0xfffc</value>
         <object_component_ref idref="oc-8c"/>
      </symbol>
      <symbol id="sm-676">
         <name>__TI_ISR_TRAP</name>
         <value>0x449a</value>
         <object_component_ref idref="oc-ed"/>
      </symbol>
      <symbol id="sm-687">
         <name>__mspabi_slll_9</name>
         <value>0x11e20</value>
         <object_component_ref idref="oc-2ad"/>
      </symbol>
      <symbol id="sm-688">
         <name>__mspabi_slll_8</name>
         <value>0x11e24</value>
         <object_component_ref idref="oc-2ad"/>
      </symbol>
      <symbol id="sm-689">
         <name>__mspabi_slll_7</name>
         <value>0x11e28</value>
         <object_component_ref idref="oc-2ad"/>
      </symbol>
      <symbol id="sm-68a">
         <name>__mspabi_slll_6</name>
         <value>0x11e2c</value>
         <object_component_ref idref="oc-2ad"/>
      </symbol>
      <symbol id="sm-68b">
         <name>__mspabi_slll_5</name>
         <value>0x11e30</value>
         <object_component_ref idref="oc-2ad"/>
      </symbol>
      <symbol id="sm-68c">
         <name>__mspabi_slll_4</name>
         <value>0x11e34</value>
         <object_component_ref idref="oc-2ad"/>
      </symbol>
      <symbol id="sm-68d">
         <name>__mspabi_slll_3</name>
         <value>0x11e38</value>
         <object_component_ref idref="oc-2ad"/>
      </symbol>
      <symbol id="sm-68e">
         <name>__mspabi_slll_2</name>
         <value>0x11e3c</value>
         <object_component_ref idref="oc-2ad"/>
      </symbol>
      <symbol id="sm-68f">
         <name>__mspabi_slll_1</name>
         <value>0x11e40</value>
         <object_component_ref idref="oc-2ad"/>
      </symbol>
      <symbol id="sm-690">
         <name>__mspabi_slll</name>
         <value>0x12002</value>
         <object_component_ref idref="oc-2d6"/>
      </symbol>
      <symbol id="sm-691">
         <name>__mspabi_slll_15</name>
         <value>0x11e08</value>
         <object_component_ref idref="oc-2ad"/>
      </symbol>
      <symbol id="sm-692">
         <name>__mspabi_slll_14</name>
         <value>0x11e0c</value>
         <object_component_ref idref="oc-2ad"/>
      </symbol>
      <symbol id="sm-693">
         <name>__mspabi_slll_13</name>
         <value>0x11e10</value>
         <object_component_ref idref="oc-2ad"/>
      </symbol>
      <symbol id="sm-694">
         <name>__mspabi_slll_12</name>
         <value>0x11e14</value>
         <object_component_ref idref="oc-2ad"/>
      </symbol>
      <symbol id="sm-695">
         <name>__mspabi_slll_11</name>
         <value>0x11e18</value>
         <object_component_ref idref="oc-2ad"/>
      </symbol>
      <symbol id="sm-696">
         <name>__mspabi_slll_10</name>
         <value>0x11e1c</value>
         <object_component_ref idref="oc-2ad"/>
      </symbol>
      <symbol id="sm-6a6">
         <name>__mspabi_srll_8</name>
         <value>0x11e62</value>
         <object_component_ref idref="oc-2b2"/>
      </symbol>
      <symbol id="sm-6a7">
         <name>__mspabi_srll_9</name>
         <value>0x11e5e</value>
         <object_component_ref idref="oc-2b2"/>
      </symbol>
      <symbol id="sm-6a8">
         <name>__mspabi_srll_6</name>
         <value>0x11e6a</value>
         <object_component_ref idref="oc-2b2"/>
      </symbol>
      <symbol id="sm-6a9">
         <name>__mspabi_srll_7</name>
         <value>0x11e66</value>
         <object_component_ref idref="oc-2b2"/>
      </symbol>
      <symbol id="sm-6aa">
         <name>__mspabi_srll_4</name>
         <value>0x11e72</value>
         <object_component_ref idref="oc-2b2"/>
      </symbol>
      <symbol id="sm-6ab">
         <name>__mspabi_srll_5</name>
         <value>0x11e6e</value>
         <object_component_ref idref="oc-2b2"/>
      </symbol>
      <symbol id="sm-6ac">
         <name>__mspabi_srll_2</name>
         <value>0x11e7a</value>
         <object_component_ref idref="oc-2b2"/>
      </symbol>
      <symbol id="sm-6ad">
         <name>__mspabi_srll_3</name>
         <value>0x11e76</value>
         <object_component_ref idref="oc-2b2"/>
      </symbol>
      <symbol id="sm-6ae">
         <name>__mspabi_srll_1</name>
         <value>0x11e7e</value>
         <object_component_ref idref="oc-2b2"/>
      </symbol>
      <symbol id="sm-6af">
         <name>__mspabi_srll_15</name>
         <value>0x11e46</value>
         <object_component_ref idref="oc-2b2"/>
      </symbol>
      <symbol id="sm-6b0">
         <name>__mspabi_srll_14</name>
         <value>0x11e4a</value>
         <object_component_ref idref="oc-2b2"/>
      </symbol>
      <symbol id="sm-6b1">
         <name>__mspabi_srll_13</name>
         <value>0x11e4e</value>
         <object_component_ref idref="oc-2b2"/>
      </symbol>
      <symbol id="sm-6b2">
         <name>__mspabi_srll_12</name>
         <value>0x11e52</value>
         <object_component_ref idref="oc-2b2"/>
      </symbol>
      <symbol id="sm-6b3">
         <name>__mspabi_srll_11</name>
         <value>0x11e56</value>
         <object_component_ref idref="oc-2b2"/>
      </symbol>
      <symbol id="sm-6b4">
         <name>__mspabi_srll_10</name>
         <value>0x11e5a</value>
         <object_component_ref idref="oc-2b2"/>
      </symbol>
      <symbol id="sm-6b5">
         <name>__mspabi_srll</name>
         <value>0x12012</value>
         <object_component_ref idref="oc-2d0"/>
      </symbol>
      <symbol id="sm-6c8">
         <name>memcpy</name>
         <value>0x11fba</value>
         <object_component_ref idref="oc-d3"/>
      </symbol>
      <symbol id="sm-6e9">
         <name>__mspabi_mpyd</name>
         <value>0x10cc4</value>
         <object_component_ref idref="oc-21f"/>
      </symbol>
      <symbol id="sm-6ff">
         <name>__mspabi_mpyi_f5hw</name>
         <value>0x11fa4</value>
         <object_component_ref idref="oc-2c7"/>
      </symbol>
      <symbol id="sm-721">
         <name>__mspabi_mpyl_f5hw</name>
         <value>0x11f68</value>
         <object_component_ref idref="oc-2b9"/>
      </symbol>
      <symbol id="sm-737">
         <name>_system_pre_init</name>
         <value>0x12052</value>
         <object_component_ref idref="oc-129"/>
      </symbol>
      <symbol id="sm-74b">
         <name>__TI_renormd</name>
         <value>0x1198a</value>
         <object_component_ref idref="oc-2e0"/>
      </symbol>
      <symbol id="sm-755">
         <name>__mspabi_subd</name>
         <value>0x11ec0</value>
         <object_component_ref idref="oc-237"/>
      </symbol>
      <symbol id="sm-76a">
         <name>__mspabi_sral</name>
         <value>0x11ff2</value>
         <object_component_ref idref="oc-2db"/>
      </symbol>
      <symbol id="sm-76b">
         <name>__mspabi_sral_15</name>
         <value>0x11dca</value>
         <object_component_ref idref="oc-2be"/>
      </symbol>
      <symbol id="sm-76c">
         <name>__mspabi_sral_14</name>
         <value>0x11dce</value>
         <object_component_ref idref="oc-2be"/>
      </symbol>
      <symbol id="sm-76d">
         <name>__mspabi_sral_13</name>
         <value>0x11dd2</value>
         <object_component_ref idref="oc-2be"/>
      </symbol>
      <symbol id="sm-76e">
         <name>__mspabi_sral_12</name>
         <value>0x11dd6</value>
         <object_component_ref idref="oc-2be"/>
      </symbol>
      <symbol id="sm-76f">
         <name>__mspabi_sral_11</name>
         <value>0x11dda</value>
         <object_component_ref idref="oc-2be"/>
      </symbol>
      <symbol id="sm-770">
         <name>__mspabi_sral_10</name>
         <value>0x11dde</value>
         <object_component_ref idref="oc-2be"/>
      </symbol>
      <symbol id="sm-771">
         <name>__mspabi_sral_8</name>
         <value>0x11de6</value>
         <object_component_ref idref="oc-2be"/>
      </symbol>
      <symbol id="sm-772">
         <name>__mspabi_sral_9</name>
         <value>0x11de2</value>
         <object_component_ref idref="oc-2be"/>
      </symbol>
      <symbol id="sm-773">
         <name>__mspabi_sral_6</name>
         <value>0x11dee</value>
         <object_component_ref idref="oc-2be"/>
      </symbol>
      <symbol id="sm-774">
         <name>__mspabi_sral_7</name>
         <value>0x11dea</value>
         <object_component_ref idref="oc-2be"/>
      </symbol>
      <symbol id="sm-775">
         <name>__mspabi_sral_4</name>
         <value>0x11df6</value>
         <object_component_ref idref="oc-2be"/>
      </symbol>
      <symbol id="sm-776">
         <name>__mspabi_sral_5</name>
         <value>0x11df2</value>
         <object_component_ref idref="oc-2be"/>
      </symbol>
      <symbol id="sm-777">
         <name>__mspabi_sral_2</name>
         <value>0x11dfe</value>
         <object_component_ref idref="oc-2be"/>
      </symbol>
      <symbol id="sm-778">
         <name>__mspabi_sral_3</name>
         <value>0x11dfa</value>
         <object_component_ref idref="oc-2be"/>
      </symbol>
      <symbol id="sm-779">
         <name>__mspabi_sral_1</name>
         <value>0x11e02</value>
         <object_component_ref idref="oc-2be"/>
      </symbol>
      <symbol id="sm-795">
         <name>_auto_init_hold_wdt</name>
         <value>0x11ba0</value>
         <object_component_ref idref="oc-12f"/>
      </symbol>
      <symbol id="sm-7a9">
         <name>__TI_frcmpyd</name>
         <value>0x10452</value>
         <object_component_ref idref="oc-26d"/>
      </symbol>
      <symbol id="sm-7b5">
         <name>__TI_INITARRAY_Base</name>
         <value>0x0</value>
      </symbol>
      <symbol id="sm-7b6">
         <name>__TI_INITARRAY_Limit</name>
         <value>0x0</value>
      </symbol>
   </symbol_table>
   <title>Link successful</title>
</link_info>
