<?xml version="1.0"?>
<link_info>
   <banner>MSP430 Linker PC v4.4.3</banner>
   <copyright>Copyright (c) 2003-2015 Texas Instruments Incorporated</copyright>
   <link_time>0x564dd9c3</link_time>
   <link_errors>0x0</link_errors>
   <output_file>5529pwm.out</output_file>
   <entry_point>
      <name>_c_int00_noargs_noexit</name>
      <address>0x444c</address>
   </entry_point>
   <input_file_list>
      <input_file id="fl-2">
         <path>.\</path>
         <kind>object</kind>
         <file>main.obj</file>
         <name>main.obj</name>
      </input_file>
      <input_file id="fl-3">
         <path>.\src\</path>
         <kind>object</kind>
         <file>ADC12_INIT.obj</file>
         <name>ADC12_INIT.obj</name>
      </input_file>
      <input_file id="fl-4">
         <path>.\src\</path>
         <kind>object</kind>
         <file>ADS1118.obj</file>
         <name>ADS1118.obj</name>
      </input_file>
      <input_file id="fl-5">
         <path>.\src\</path>
         <kind>object</kind>
         <file>DAC8411.obj</file>
         <name>DAC8411.obj</name>
      </input_file>
      <input_file id="fl-6">
         <path>.\src\</path>
         <kind>object</kind>
         <file>GPIO_INIT.obj</file>
         <name>GPIO_INIT.obj</name>
      </input_file>
      <input_file id="fl-7">
         <path>.\src\</path>
         <kind>object</kind>
         <file>KEY_44.obj</file>
         <name>KEY_44.obj</name>
      </input_file>
      <input_file id="fl-8">
         <path>.\src\</path>
         <kind>object</kind>
         <file>KEY_SIG.obj</file>
         <name>KEY_SIG.obj</name>
      </input_file>
      <input_file id="fl-9">
         <path>.\src\</path>
         <kind>object</kind>
         <file>LCD12864.obj</file>
         <name>LCD12864.obj</name>
      </input_file>
      <input_file id="fl-a">
         <path>.\src\</path>
         <kind>object</kind>
         <file>Lcd12864spi.obj</file>
         <name>Lcd12864spi.obj</name>
      </input_file>
      <input_file id="fl-b">
         <path>.\src\</path>
         <kind>object</kind>
         <file>TA0_INIT.obj</file>
         <name>TA0_INIT.obj</name>
      </input_file>
      <input_file id="fl-c">
         <path>.\src\</path>
         <kind>object</kind>
         <file>TA1_PWM.obj</file>
         <name>TA1_PWM.obj</name>
      </input_file>
      <input_file id="fl-d">
         <path>.\src\</path>
         <kind>object</kind>
         <file>TA_PWM.obj</file>
         <name>TA_PWM.obj</name>
      </input_file>
      <input_file id="fl-e">
         <path>.\src\</path>
         <kind>object</kind>
         <file>TB_PWM.obj</file>
         <name>TB_PWM.obj</name>
      </input_file>
      <input_file id="fl-f">
         <path>.\src\</path>
         <kind>object</kind>
         <file>UCS_INIT.obj</file>
         <name>UCS_INIT.obj</name>
      </input_file>
      <input_file id="fl-10">
         <path>.\src\</path>
         <kind>object</kind>
         <file>cap.obj</file>
         <name>cap.obj</name>
      </input_file>
      <input_file id="fl-45">
         <path>D:\ti\ccsv6\tools\compiler\ti-cgt-msp430_4.4.3\lib\</path>
         <kind>archive</kind>
         <file>rts430x_lc_rd_eabi.lib</file>
         <name>addd.obj</name>
      </input_file>
      <input_file id="fl-46">
         <path>D:\ti\ccsv6\tools\compiler\ti-cgt-msp430_4.4.3\lib\</path>
         <kind>archive</kind>
         <file>rts430x_lc_rd_eabi.lib</file>
         <name>boot.obj</name>
      </input_file>
      <input_file id="fl-47">
         <path>D:\ti\ccsv6\tools\compiler\ti-cgt-msp430_4.4.3\lib\</path>
         <kind>archive</kind>
         <file>rts430x_lc_rd_eabi.lib</file>
         <name>boot_special.obj</name>
      </input_file>
      <input_file id="fl-48">
         <path>D:\ti\ccsv6\tools\compiler\ti-cgt-msp430_4.4.3\lib\</path>
         <kind>archive</kind>
         <file>rts430x_lc_rd_eabi.lib</file>
         <name>cmpd.obj</name>
      </input_file>
      <input_file id="fl-49">
         <path>D:\ti\ccsv6\tools\compiler\ti-cgt-msp430_4.4.3\lib\</path>
         <kind>archive</kind>
         <file>rts430x_lc_rd_eabi.lib</file>
         <name>copy_decompress_none.obj</name>
      </input_file>
      <input_file id="fl-4a">
         <path>D:\ti\ccsv6\tools\compiler\ti-cgt-msp430_4.4.3\lib\</path>
         <kind>archive</kind>
         <file>rts430x_lc_rd_eabi.lib</file>
         <name>copy_decompress_rle.obj</name>
      </input_file>
      <input_file id="fl-4b">
         <path>D:\ti\ccsv6\tools\compiler\ti-cgt-msp430_4.4.3\lib\</path>
         <kind>archive</kind>
         <file>rts430x_lc_rd_eabi.lib</file>
         <name>copy_zero_init.obj</name>
      </input_file>
      <input_file id="fl-4c">
         <path>D:\ti\ccsv6\tools\compiler\ti-cgt-msp430_4.4.3\lib\</path>
         <kind>archive</kind>
         <file>rts430x_lc_rd_eabi.lib</file>
         <name>cvtdf.obj</name>
      </input_file>
      <input_file id="fl-4d">
         <path>D:\ti\ccsv6\tools\compiler\ti-cgt-msp430_4.4.3\lib\</path>
         <kind>archive</kind>
         <file>rts430x_lc_rd_eabi.lib</file>
         <name>cvtfd.obj</name>
      </input_file>
      <input_file id="fl-4e">
         <path>D:\ti\ccsv6\tools\compiler\ti-cgt-msp430_4.4.3\lib\</path>
         <kind>archive</kind>
         <file>rts430x_lc_rd_eabi.lib</file>
         <name>div16u.obj</name>
      </input_file>
      <input_file id="fl-4f">
         <path>D:\ti\ccsv6\tools\compiler\ti-cgt-msp430_4.4.3\lib\</path>
         <kind>archive</kind>
         <file>rts430x_lc_rd_eabi.lib</file>
         <name>divd.obj</name>
      </input_file>
      <input_file id="fl-50">
         <path>D:\ti\ccsv6\tools\compiler\ti-cgt-msp430_4.4.3\lib\</path>
         <kind>archive</kind>
         <file>rts430x_lc_rd_eabi.lib</file>
         <name>exit.obj</name>
      </input_file>
      <input_file id="fl-51">
         <path>D:\ti\ccsv6\tools\compiler\ti-cgt-msp430_4.4.3\lib\</path>
         <kind>archive</kind>
         <file>rts430x_lc_rd_eabi.lib</file>
         <name>fixdu.obj</name>
      </input_file>
      <input_file id="fl-52">
         <path>D:\ti\ccsv6\tools\compiler\ti-cgt-msp430_4.4.3\lib\</path>
         <kind>archive</kind>
         <file>rts430x_lc_rd_eabi.lib</file>
         <name>fixdul.obj</name>
      </input_file>
      <input_file id="fl-53">
         <path>D:\ti\ccsv6\tools\compiler\ti-cgt-msp430_4.4.3\lib\</path>
         <kind>archive</kind>
         <file>rts430x_lc_rd_eabi.lib</file>
         <name>fltud.obj</name>
      </input_file>
      <input_file id="fl-54">
         <path>D:\ti\ccsv6\tools\compiler\ti-cgt-msp430_4.4.3\lib\</path>
         <kind>archive</kind>
         <file>rts430x_lc_rd_eabi.lib</file>
         <name>fltuld.obj</name>
      </input_file>
      <input_file id="fl-55">
         <path>D:\ti\ccsv6\tools\compiler\ti-cgt-msp430_4.4.3\lib\</path>
         <kind>archive</kind>
         <file>rts430x_lc_rd_eabi.lib</file>
         <name>frcaddd.obj</name>
      </input_file>
      <input_file id="fl-56">
         <path>D:\ti\ccsv6\tools\compiler\ti-cgt-msp430_4.4.3\lib\</path>
         <kind>archive</kind>
         <file>rts430x_lc_rd_eabi.lib</file>
         <name>frcdivd.obj</name>
      </input_file>
      <input_file id="fl-57">
         <path>D:\ti\ccsv6\tools\compiler\ti-cgt-msp430_4.4.3\lib\</path>
         <kind>archive</kind>
         <file>rts430x_lc_rd_eabi.lib</file>
         <name>fs_add.obj</name>
      </input_file>
      <input_file id="fl-58">
         <path>D:\ti\ccsv6\tools\compiler\ti-cgt-msp430_4.4.3\lib\</path>
         <kind>archive</kind>
         <file>rts430x_lc_rd_eabi.lib</file>
         <name>fs_cmp.obj</name>
      </input_file>
      <input_file id="fl-59">
         <path>D:\ti\ccsv6\tools\compiler\ti-cgt-msp430_4.4.3\lib\</path>
         <kind>archive</kind>
         <file>rts430x_lc_rd_eabi.lib</file>
         <name>fs_mpy.obj</name>
      </input_file>
      <input_file id="fl-5a">
         <path>D:\ti\ccsv6\tools\compiler\ti-cgt-msp430_4.4.3\lib\</path>
         <kind>archive</kind>
         <file>rts430x_lc_rd_eabi.lib</file>
         <name>fs_tou.obj</name>
      </input_file>
      <input_file id="fl-5b">
         <path>D:\ti\ccsv6\tools\compiler\ti-cgt-msp430_4.4.3\lib\</path>
         <kind>archive</kind>
         <file>rts430x_lc_rd_eabi.lib</file>
         <name>fs_utof.obj</name>
      </input_file>
      <input_file id="fl-5c">
         <path>D:\ti\ccsv6\tools\compiler\ti-cgt-msp430_4.4.3\lib\</path>
         <kind>archive</kind>
         <file>rts430x_lc_rd_eabi.lib</file>
         <name>int41.obj</name>
      </input_file>
      <input_file id="fl-5d">
         <path>D:\ti\ccsv6\tools\compiler\ti-cgt-msp430_4.4.3\lib\</path>
         <kind>archive</kind>
         <file>rts430x_lc_rd_eabi.lib</file>
         <name>int42.obj</name>
      </input_file>
      <input_file id="fl-5e">
         <path>D:\ti\ccsv6\tools\compiler\ti-cgt-msp430_4.4.3\lib\</path>
         <kind>archive</kind>
         <file>rts430x_lc_rd_eabi.lib</file>
         <name>int43.obj</name>
      </input_file>
      <input_file id="fl-5f">
         <path>D:\ti\ccsv6\tools\compiler\ti-cgt-msp430_4.4.3\lib\</path>
         <kind>archive</kind>
         <file>rts430x_lc_rd_eabi.lib</file>
         <name>int44.obj</name>
      </input_file>
      <input_file id="fl-60">
         <path>D:\ti\ccsv6\tools\compiler\ti-cgt-msp430_4.4.3\lib\</path>
         <kind>archive</kind>
         <file>rts430x_lc_rd_eabi.lib</file>
         <name>int45.obj</name>
      </input_file>
      <input_file id="fl-61">
         <path>D:\ti\ccsv6\tools\compiler\ti-cgt-msp430_4.4.3\lib\</path>
         <kind>archive</kind>
         <file>rts430x_lc_rd_eabi.lib</file>
         <name>int46.obj</name>
      </input_file>
      <input_file id="fl-62">
         <path>D:\ti\ccsv6\tools\compiler\ti-cgt-msp430_4.4.3\lib\</path>
         <kind>archive</kind>
         <file>rts430x_lc_rd_eabi.lib</file>
         <name>int50.obj</name>
      </input_file>
      <input_file id="fl-63">
         <path>D:\ti\ccsv6\tools\compiler\ti-cgt-msp430_4.4.3\lib\</path>
         <kind>archive</kind>
         <file>rts430x_lc_rd_eabi.lib</file>
         <name>int51.obj</name>
      </input_file>
      <input_file id="fl-64">
         <path>D:\ti\ccsv6\tools\compiler\ti-cgt-msp430_4.4.3\lib\</path>
         <kind>archive</kind>
         <file>rts430x_lc_rd_eabi.lib</file>
         <name>int55.obj</name>
      </input_file>
      <input_file id="fl-65">
         <path>D:\ti\ccsv6\tools\compiler\ti-cgt-msp430_4.4.3\lib\</path>
         <kind>archive</kind>
         <file>rts430x_lc_rd_eabi.lib</file>
         <name>int56.obj</name>
      </input_file>
      <input_file id="fl-66">
         <path>D:\ti\ccsv6\tools\compiler\ti-cgt-msp430_4.4.3\lib\</path>
         <kind>archive</kind>
         <file>rts430x_lc_rd_eabi.lib</file>
         <name>int58.obj</name>
      </input_file>
      <input_file id="fl-67">
         <path>D:\ti\ccsv6\tools\compiler\ti-cgt-msp430_4.4.3\lib\</path>
         <kind>archive</kind>
         <file>rts430x_lc_rd_eabi.lib</file>
         <name>int59.obj</name>
      </input_file>
      <input_file id="fl-68">
         <path>D:\ti\ccsv6\tools\compiler\ti-cgt-msp430_4.4.3\lib\</path>
         <kind>archive</kind>
         <file>rts430x_lc_rd_eabi.lib</file>
         <name>int60.obj</name>
      </input_file>
      <input_file id="fl-69">
         <path>D:\ti\ccsv6\tools\compiler\ti-cgt-msp430_4.4.3\lib\</path>
         <kind>archive</kind>
         <file>rts430x_lc_rd_eabi.lib</file>
         <name>int61.obj</name>
      </input_file>
      <input_file id="fl-6a">
         <path>D:\ti\ccsv6\tools\compiler\ti-cgt-msp430_4.4.3\lib\</path>
         <kind>archive</kind>
         <file>rts430x_lc_rd_eabi.lib</file>
         <name>int62.obj</name>
      </input_file>
      <input_file id="fl-6b">
         <path>D:\ti\ccsv6\tools\compiler\ti-cgt-msp430_4.4.3\lib\</path>
         <kind>archive</kind>
         <file>rts430x_lc_rd_eabi.lib</file>
         <name>isr_trap.obj</name>
      </input_file>
      <input_file id="fl-6c">
         <path>D:\ti\ccsv6\tools\compiler\ti-cgt-msp430_4.4.3\lib\</path>
         <kind>archive</kind>
         <file>rts430x_lc_rd_eabi.lib</file>
         <name>lsl16.obj</name>
      </input_file>
      <input_file id="fl-6d">
         <path>D:\ti\ccsv6\tools\compiler\ti-cgt-msp430_4.4.3\lib\</path>
         <kind>archive</kind>
         <file>rts430x_lc_rd_eabi.lib</file>
         <name>lsl32.obj</name>
      </input_file>
      <input_file id="fl-6e">
         <path>D:\ti\ccsv6\tools\compiler\ti-cgt-msp430_4.4.3\lib\</path>
         <kind>archive</kind>
         <file>rts430x_lc_rd_eabi.lib</file>
         <name>lsr32.obj</name>
      </input_file>
      <input_file id="fl-6f">
         <path>D:\ti\ccsv6\tools\compiler\ti-cgt-msp430_4.4.3\lib\</path>
         <kind>archive</kind>
         <file>rts430x_lc_rd_eabi.lib</file>
         <name>memcpy.obj</name>
      </input_file>
      <input_file id="fl-70">
         <path>D:\ti\ccsv6\tools\compiler\ti-cgt-msp430_4.4.3\lib\</path>
         <kind>archive</kind>
         <file>rts430x_lc_rd_eabi.lib</file>
         <name>mpu_init.obj</name>
      </input_file>
      <input_file id="fl-71">
         <path>D:\ti\ccsv6\tools\compiler\ti-cgt-msp430_4.4.3\lib\</path>
         <kind>archive</kind>
         <file>rts430x_lc_rd_eabi.lib</file>
         <name>mpyd.obj</name>
      </input_file>
      <input_file id="fl-72">
         <path>D:\ti\ccsv6\tools\compiler\ti-cgt-msp430_4.4.3\lib\</path>
         <kind>archive</kind>
         <file>rts430x_lc_rd_eabi.lib</file>
         <name>mult16.obj</name>
      </input_file>
      <input_file id="fl-73">
         <path>D:\ti\ccsv6\tools\compiler\ti-cgt-msp430_4.4.3\lib\</path>
         <kind>archive</kind>
         <file>rts430x_lc_rd_eabi.lib</file>
         <name>mult1632_f5hw.obj</name>
      </input_file>
      <input_file id="fl-74">
         <path>D:\ti\ccsv6\tools\compiler\ti-cgt-msp430_4.4.3\lib\</path>
         <kind>archive</kind>
         <file>rts430x_lc_rd_eabi.lib</file>
         <name>mult16_f5hw.obj</name>
      </input_file>
      <input_file id="fl-75">
         <path>D:\ti\ccsv6\tools\compiler\ti-cgt-msp430_4.4.3\lib\</path>
         <kind>archive</kind>
         <file>rts430x_lc_rd_eabi.lib</file>
         <name>mult32.obj</name>
      </input_file>
      <input_file id="fl-76">
         <path>D:\ti\ccsv6\tools\compiler\ti-cgt-msp430_4.4.3\lib\</path>
         <kind>archive</kind>
         <file>rts430x_lc_rd_eabi.lib</file>
         <name>mult3264_f5hw.obj</name>
      </input_file>
      <input_file id="fl-77">
         <path>D:\ti\ccsv6\tools\compiler\ti-cgt-msp430_4.4.3\lib\</path>
         <kind>archive</kind>
         <file>rts430x_lc_rd_eabi.lib</file>
         <name>mult32_f5hw.obj</name>
      </input_file>
      <input_file id="fl-78">
         <path>D:\ti\ccsv6\tools\compiler\ti-cgt-msp430_4.4.3\lib\</path>
         <kind>archive</kind>
         <file>rts430x_lc_rd_eabi.lib</file>
         <name>mult64_f5hw.obj</name>
      </input_file>
      <input_file id="fl-79">
         <path>D:\ti\ccsv6\tools\compiler\ti-cgt-msp430_4.4.3\lib\</path>
         <kind>archive</kind>
         <file>rts430x_lc_rd_eabi.lib</file>
         <name>pre_init.obj</name>
      </input_file>
      <input_file id="fl-7a">
         <path>D:\ti\ccsv6\tools\compiler\ti-cgt-msp430_4.4.3\lib\</path>
         <kind>archive</kind>
         <file>rts430x_lc_rd_eabi.lib</file>
         <name>renormd.obj</name>
      </input_file>
      <input_file id="fl-7b">
         <path>D:\ti\ccsv6\tools\compiler\ti-cgt-msp430_4.4.3\lib\</path>
         <kind>archive</kind>
         <file>rts430x_lc_rd_eabi.lib</file>
         <name>sin.obj</name>
      </input_file>
      <input_file id="fl-7c">
         <path>D:\ti\ccsv6\tools\compiler\ti-cgt-msp430_4.4.3\lib\</path>
         <kind>archive</kind>
         <file>rts430x_lc_rd_eabi.lib</file>
         <name>subd.obj</name>
      </input_file>
      <input_file id="fl-7d">
         <path>D:\ti\ccsv6\tools\compiler\ti-cgt-msp430_4.4.3\lib\</path>
         <kind>archive</kind>
         <file>rts430x_lc_rd_eabi.lib</file>
         <name>xsin.obj</name>
      </input_file>
      <input_file id="fl-7e">
         <path>D:\ti\ccsv6\tools\compiler\ti-cgt-msp430_4.4.3\lib\</path>
         <kind>archive</kind>
         <file>rts430x_lc_rd_eabi.lib</file>
         <name>xvalues.obj</name>
      </input_file>
      <input_file id="fl-7f">
         <path>D:\ti\ccsv6\tools\compiler\ti-cgt-msp430_4.4.3\lib\</path>
         <kind>archive</kind>
         <file>rts430x_lc_rd_eabi.lib</file>
         <name>_lock.obj</name>
      </input_file>
      <input_file id="fl-80">
         <path>D:\ti\ccsv6\tools\compiler\ti-cgt-msp430_4.4.3\lib\</path>
         <kind>archive</kind>
         <file>rts430x_lc_rd_eabi.lib</file>
         <name>args_main.obj</name>
      </input_file>
      <input_file id="fl-81">
         <path>D:\ti\ccsv6\tools\compiler\ti-cgt-msp430_4.4.3\lib\</path>
         <kind>archive</kind>
         <file>rts430x_lc_rd_eabi.lib</file>
         <name>asr32.obj</name>
      </input_file>
      <input_file id="fl-82">
         <path>D:\ti\ccsv6\tools\compiler\ti-cgt-msp430_4.4.3\lib\</path>
         <kind>archive</kind>
         <file>rts430x_lc_rd_eabi.lib</file>
         <name>autoinit_wdt.obj</name>
      </input_file>
      <input_file id="fl-83">
         <path>D:\ti\ccsv6\tools\compiler\ti-cgt-msp430_4.4.3\lib\</path>
         <kind>archive</kind>
         <file>rts430x_lc_rd_eabi.lib</file>
         <name>fixdli.obj</name>
      </input_file>
      <input_file id="fl-84">
         <path>D:\ti\ccsv6\tools\compiler\ti-cgt-msp430_4.4.3\lib\</path>
         <kind>archive</kind>
         <file>rts430x_lc_rd_eabi.lib</file>
         <name>fltlid.obj</name>
      </input_file>
      <input_file id="fl-85">
         <path>D:\ti\ccsv6\tools\compiler\ti-cgt-msp430_4.4.3\lib\</path>
         <kind>archive</kind>
         <file>rts430x_lc_rd_eabi.lib</file>
         <name>fmod.obj</name>
      </input_file>
      <input_file id="fl-86">
         <path>D:\ti\ccsv6\tools\compiler\ti-cgt-msp430_4.4.3\lib\</path>
         <kind>archive</kind>
         <file>rts430x_lc_rd_eabi.lib</file>
         <name>frcmpyd.obj</name>
      </input_file>
      <input_file id="fl-87">
         <path>D:\ti\ccsv6\tools\compiler\ti-cgt-msp430_4.4.3\lib\</path>
         <kind>archive</kind>
         <file>rts430x_lc_rd_eabi.lib</file>
         <name>lsr64.obj</name>
      </input_file>
      <input_file id="fl-88">
         <path>D:\ti\ccsv6\tools\compiler\ti-cgt-msp430_4.4.3\lib\</path>
         <kind>archive</kind>
         <file>rts430x_lc_rd_eabi.lib</file>
         <name>negd.obj</name>
      </input_file>
      <input_file id="fl-89">
         <path>D:\ti\ccsv6\tools\compiler\ti-cgt-msp430_4.4.3\lib\</path>
         <kind>archive</kind>
         <file>rts430x_lc_rd_eabi.lib</file>
         <name>xdnorm.obj</name>
      </input_file>
      <input_file id="fl-8a">
         <path>D:\ti\ccsv6\tools\compiler\ti-cgt-msp430_4.4.3\lib\</path>
         <kind>archive</kind>
         <file>rts430x_lc_rd_eabi.lib</file>
         <name>xdscale.obj</name>
      </input_file>
      <input_file id="fl-8b">
         <path>D:\ti\ccsv6\tools\compiler\ti-cgt-msp430_4.4.3\lib\</path>
         <kind>archive</kind>
         <file>rts430x_lc_rd_eabi.lib</file>
         <name>xferaise.obj</name>
      </input_file>
      <input_file id="fl-8c">
         <path>D:\ti\ccsv6\tools\compiler\ti-cgt-msp430_4.4.3\lib\</path>
         <kind>archive</kind>
         <file>rts430x_lc_rd_eabi.lib</file>
         <name>errno.obj</name>
      </input_file>
      <input_file id="fl-8d">
         <path>D:\ti\ccsv6\tools\compiler\ti-cgt-msp430_4.4.3\lib\</path>
         <kind>archive</kind>
         <file>rts430x_lc_rd_eabi.lib</file>
         <name>feraiseexcept.obj</name>
      </input_file>
      <input_file id="fl-8e">
         <path>D:\ti\ccsv6\tools\compiler\ti-cgt-msp430_4.4.3\lib\</path>
         <kind>archive</kind>
         <file>rts430x_lc_rd_eabi.lib</file>
         <name>lsr16.obj</name>
      </input_file>
      <input_file id="fl-8f">
         <path>D:\ti\ccsv6\tools\compiler\ti-cgt-msp430_4.4.3\lib\</path>
         <kind>archive</kind>
         <file>rts430x_lc_rd_eabi.lib</file>
         <name>raise.obj</name>
      </input_file>
      <input_file id="fl-90">
         <path>D:\ti\ccsv6\tools\compiler\ti-cgt-msp430_4.4.3\lib\</path>
         <kind>archive</kind>
         <file>rts430x_lc_rd_eabi.lib</file>
         <name>signal.obj</name>
      </input_file>
   </input_file_list>
   <object_component_list>
      <object_component id="oc-17c">
         <name>.common:A0results</name>
         <uninitialized>true</uninitialized>
         <run_address>0x2460</run_address>
         <size>0x10</size>
      </object_component>
      <object_component id="oc-17f">
         <name>.common:A1results</name>
         <uninitialized>true</uninitialized>
         <run_address>0x2470</run_address>
         <size>0x10</size>
      </object_component>
      <object_component id="oc-180">
         <name>.common:A2results</name>
         <uninitialized>true</uninitialized>
         <run_address>0x2480</run_address>
         <size>0x10</size>
      </object_component>
      <object_component id="oc-181">
         <name>.common:A3results</name>
         <uninitialized>true</uninitialized>
         <run_address>0x2490</run_address>
         <size>0x10</size>
      </object_component>
      <object_component id="oc-cf">
         <name>.stack</name>
         <uninitialized>true</uninitialized>
         <run_address>0x4360</run_address>
         <size>0x4</size>
         <input_file_ref idref="fl-46"/>
      </object_component>
      <object_component id="oc-386">
         <name>.stack</name>
         <uninitialized>true</uninitialized>
         <run_address>0x4360</run_address>
         <size>0x0</size>
      </object_component>
      <object_component id="oc-2a8">
         <name>.text:__TI_frcdivd</name>
         <load_address>0x10000</load_address>
         <run_address>0x10000</run_address>
         <size>0x452</size>
         <input_file_ref idref="fl-56"/>
      </object_component>
      <object_component id="oc-1d2">
         <name>.text:TA0_PWM_SetPermill</name>
         <load_address>0x10452</load_address>
         <run_address>0x10452</run_address>
         <size>0x2f6</size>
         <input_file_ref idref="fl-d"/>
      </object_component>
      <object_component id="oc-2a0">
         <name>.text:__TI_frcmpyd</name>
         <load_address>0x10748</load_address>
         <run_address>0x10748</run_address>
         <size>0x2e4</size>
         <input_file_ref idref="fl-86"/>
      </object_component>
      <object_component id="oc-266">
         <name>.text:__mspabi_addd</name>
         <load_address>0x10a2c</load_address>
         <run_address>0x10a2c</run_address>
         <size>0x2d8</size>
         <input_file_ref idref="fl-45"/>
      </object_component>
      <object_component id="oc-254">
         <name>.text:__mspabi_mpyd</name>
         <load_address>0x10d04</load_address>
         <run_address>0x10d04</run_address>
         <size>0x282</size>
         <input_file_ref idref="fl-71"/>
      </object_component>
      <object_component id="oc-2b7">
         <name>.text:__TI_frcaddd</name>
         <load_address>0x10f86</load_address>
         <run_address>0x10f86</run_address>
         <size>0x252</size>
         <input_file_ref idref="fl-55"/>
      </object_component>
      <object_component id="oc-25a">
         <name>.text:__mspabi_divd</name>
         <load_address>0x111d8</load_address>
         <run_address>0x111d8</run_address>
         <size>0x222</size>
         <input_file_ref idref="fl-4f"/>
      </object_component>
      <object_component id="oc-1c3">
         <name>.text:TA0_PWM_Init</name>
         <load_address>0x113fa</load_address>
         <run_address>0x113fa</run_address>
         <size>0x178</size>
         <input_file_ref idref="fl-d"/>
      </object_component>
      <object_component id="oc-248">
         <name>.text:__mspabi_cmpd</name>
         <load_address>0x11572</load_address>
         <run_address>0x11572</run_address>
         <size>0xd8</size>
         <input_file_ref idref="fl-48"/>
      </object_component>
      <object_component id="oc-143">
         <name>.text:main</name>
         <load_address>0x1164a</load_address>
         <run_address>0x1164a</run_address>
         <size>0xc8</size>
         <input_file_ref idref="fl-2"/>
      </object_component>
      <object_component id="oc-2fe">
         <name>.text:__TI_renormd</name>
         <load_address>0x11712</load_address>
         <run_address>0x11712</run_address>
         <size>0xb2</size>
         <input_file_ref idref="fl-7a"/>
      </object_component>
      <object_component id="oc-170">
         <name>.text:IR_CODE</name>
         <load_address>0x117c4</load_address>
         <run_address>0x117c4</run_address>
         <size>0x9c</size>
         <input_file_ref idref="fl-6"/>
      </object_component>
      <object_component id="oc-299">
         <name>.text:__mspabi_fltuld</name>
         <load_address>0x11860</load_address>
         <run_address>0x11860</run_address>
         <size>0x76</size>
         <input_file_ref idref="fl-54"/>
      </object_component>
      <object_component id="oc-1a5">
         <name>.text:UCS_init</name>
         <load_address>0x118d6</load_address>
         <run_address>0x118d6</run_address>
         <size>0x6e</size>
         <input_file_ref idref="fl-f"/>
      </object_component>
      <object_component id="oc-129">
         <name>.text:_auto_init_hold_wdt</name>
         <load_address>0x11944</load_address>
         <run_address>0x11944</run_address>
         <size>0x6c</size>
         <input_file_ref idref="fl-82"/>
      </object_component>
      <object_component id="oc-e0">
         <name>.text:__TI_decompress_rle_core</name>
         <load_address>0x119b0</load_address>
         <run_address>0x119b0</run_address>
         <size>0x68</size>
         <input_file_ref idref="fl-4a"/>
      </object_component>
      <object_component id="oc-2b0">
         <name>.text:__mspabi_fixdul</name>
         <load_address>0x11a18</load_address>
         <run_address>0x11a18</run_address>
         <size>0x68</size>
         <input_file_ref idref="fl-52"/>
      </object_component>
      <object_component id="oc-183">
         <name>.text:KEY_IODect</name>
         <load_address>0x11a80</load_address>
         <run_address>0x11a80</run_address>
         <size>0x4a</size>
         <input_file_ref idref="fl-8"/>
      </object_component>
      <object_component id="oc-1d8">
         <name>.text:set_coord</name>
         <load_address>0x11aca</load_address>
         <run_address>0x11aca</run_address>
         <size>0x4a</size>
         <input_file_ref idref="fl-a"/>
      </object_component>
      <object_component id="oc-2dc">
         <name>.text:l_asr_const</name>
         <load_address>0x11b14</load_address>
         <run_address>0x11b14</run_address>
         <size>0x3e</size>
         <input_file_ref idref="fl-81"/>
      </object_component>
      <object_component id="oc-2cb">
         <name>.text:l_lsl_const</name>
         <load_address>0x11b52</load_address>
         <run_address>0x11b52</run_address>
         <size>0x3e</size>
         <input_file_ref idref="fl-6d"/>
      </object_component>
      <object_component id="oc-2d0">
         <name>.text:l_lsr_const</name>
         <load_address>0x11b90</load_address>
         <run_address>0x11b90</run_address>
         <size>0x3e</size>
         <input_file_ref idref="fl-6e"/>
      </object_component>
      <object_component id="oc-1bd">
         <name>.text:TA1_Init</name>
         <load_address>0x11bce</load_address>
         <run_address>0x11bce</run_address>
         <size>0x36</size>
         <input_file_ref idref="fl-c"/>
      </object_component>
      <object_component id="oc-1b7">
         <name>.text:ADC12_init</name>
         <load_address>0x11c04</load_address>
         <run_address>0x11c04</run_address>
         <size>0x32</size>
         <input_file_ref idref="fl-3"/>
      </object_component>
      <object_component id="oc-1ab">
         <name>.text:KEY_SIG_init</name>
         <load_address>0x11c36</load_address>
         <run_address>0x11c36</run_address>
         <size>0x32</size>
         <input_file_ref idref="fl-8"/>
      </object_component>
      <object_component id="oc-26c">
         <name>.text:__mspabi_subd</name>
         <load_address>0x11c68</load_address>
         <run_address>0x11c68</run_address>
         <size>0x32</size>
         <input_file_ref idref="fl-7c"/>
      </object_component>
      <object_component id="oc-236">
         <name>.text:write</name>
         <load_address>0x11c9a</load_address>
         <run_address>0x11c9a</run_address>
         <size>0x2a</size>
         <input_file_ref idref="fl-a"/>
      </object_component>
      <object_component id="oc-8d">
         <name>.text:decompress:ZI:__TI_zero_init</name>
         <load_address>0x11cc4</load_address>
         <run_address>0x11cc4</run_address>
         <size>0x24</size>
         <input_file_ref idref="fl-4b"/>
      </object_component>
      <object_component id="oc-1b1">
         <name>.text:lcd12864spi_init</name>
         <load_address>0x11ce8</load_address>
         <run_address>0x11ce8</run_address>
         <size>0x22</size>
         <input_file_ref idref="fl-a"/>
      </object_component>
      <object_component id="oc-2d7">
         <name>.text</name>
         <load_address>0x11d0a</load_address>
         <run_address>0x11d0a</run_address>
         <size>0x22</size>
         <input_file_ref idref="fl-77"/>
      </object_component>
      <object_component id="oc-28b">
         <name>.text:sendbyte</name>
         <load_address>0x11d2c</load_address>
         <run_address>0x11d2c</run_address>
         <size>0x20</size>
         <input_file_ref idref="fl-a"/>
      </object_component>
      <object_component id="oc-1e1">
         <name>.text:lcd12864_show_str</name>
         <load_address>0x11d4c</load_address>
         <run_address>0x11d4c</run_address>
         <size>0x1c</size>
         <input_file_ref idref="fl-a"/>
      </object_component>
      <object_component id="oc-2c4">
         <name>.text:SID</name>
         <load_address>0x11d68</load_address>
         <run_address>0x11d68</run_address>
         <size>0x16</size>
         <input_file_ref idref="fl-a"/>
      </object_component>
      <object_component id="oc-243">
         <name>.text</name>
         <load_address>0x11d7e</load_address>
         <run_address>0x11d7e</run_address>
         <size>0x16</size>
         <input_file_ref idref="fl-4e"/>
      </object_component>
      <object_component id="oc-2e5">
         <name>.text</name>
         <load_address>0x11d94</load_address>
         <run_address>0x11d94</run_address>
         <size>0x16</size>
         <input_file_ref idref="fl-74"/>
      </object_component>
      <object_component id="oc-d3">
         <name>.text:memcpy</name>
         <load_address>0x11daa</load_address>
         <run_address>0x11daa</run_address>
         <size>0x14</size>
         <input_file_ref idref="fl-6f"/>
      </object_component>
      <object_component id="oc-260">
         <name>.text:__mspabi_fixdu</name>
         <load_address>0x11dbe</load_address>
         <run_address>0x11dbe</run_address>
         <size>0x12</size>
         <input_file_ref idref="fl-51"/>
      </object_component>
      <object_component id="oc-6b">
         <name>.text:decompress:none:__TI_decompress_none</name>
         <load_address>0x11dd0</load_address>
         <run_address>0x11dd0</run_address>
         <size>0x12</size>
         <input_file_ref idref="fl-49"/>
      </object_component>
      <object_component id="oc-2f9">
         <name>.text:l_asr</name>
         <load_address>0x11de2</load_address>
         <run_address>0x11de2</run_address>
         <size>0x10</size>
         <input_file_ref idref="fl-81"/>
      </object_component>
      <object_component id="oc-2f4">
         <name>.text:l_lsl</name>
         <load_address>0x11df2</load_address>
         <run_address>0x11df2</run_address>
         <size>0x10</size>
         <input_file_ref idref="fl-6d"/>
      </object_component>
      <object_component id="oc-2ee">
         <name>.text:l_lsr</name>
         <load_address>0x11e02</load_address>
         <run_address>0x11e02</run_address>
         <size>0x10</size>
         <input_file_ref idref="fl-6e"/>
      </object_component>
      <object_component id="oc-1fb">
         <name>.text:P11_Onclick</name>
         <load_address>0x11e12</load_address>
         <run_address>0x11e12</run_address>
         <size>0xc</size>
         <input_file_ref idref="fl-8"/>
      </object_component>
      <object_component id="oc-201">
         <name>.text:P21_Onclick</name>
         <load_address>0x11e1e</load_address>
         <run_address>0x11e1e</run_address>
         <size>0xc</size>
         <input_file_ref idref="fl-8"/>
      </object_component>
      <object_component id="oc-229">
         <name>.text:WDT_init</name>
         <load_address>0x11e2a</load_address>
         <run_address>0x11e2a</run_address>
         <size>0xc</size>
         <input_file_ref idref="fl-8"/>
      </object_component>
      <object_component id="oc-1c9">
         <name>.text:TA0_PWM_SetPeriod</name>
         <load_address>0x11e36</load_address>
         <run_address>0x11e36</run_address>
         <size>0x8</size>
         <input_file_ref idref="fl-d"/>
      </object_component>
      <object_component id="oc-230">
         <name>.text:lcdio</name>
         <load_address>0x11e3e</load_address>
         <run_address>0x11e3e</run_address>
         <size>0x8</size>
         <input_file_ref idref="fl-a"/>
      </object_component>
      <object_component id="oc-24e">
         <name>.text:__mspabi_fltud</name>
         <load_address>0x11e46</load_address>
         <run_address>0x11e46</run_address>
         <size>0x6</size>
         <input_file_ref idref="fl-53"/>
      </object_component>
      <object_component id="oc-71">
         <name>.text:decompress:rle24:__TI_decompress_rle24</name>
         <load_address>0x11e4c</load_address>
         <run_address>0x11e4c</run_address>
         <size>0x6</size>
         <input_file_ref idref="fl-4a"/>
      </object_component>
      <object_component id="oc-123">
         <name>.text:_system_pre_init</name>
         <load_address>0x11e52</load_address>
         <run_address>0x11e52</run_address>
         <size>0x4</size>
         <input_file_ref idref="fl-79"/>
      </object_component>
      <object_component id="oc-14b">
         <name>.text:abort</name>
         <load_address>0x11e56</load_address>
         <run_address>0x11e56</run_address>
         <size>0x4</size>
         <input_file_ref idref="fl-50"/>
      </object_component>
      <object_component id="oc-110">
         <name>.text:_isr:ADC12ISR</name>
         <load_address>0x4400</load_address>
         <run_address>0x4400</run_address>
         <size>0x4c</size>
         <input_file_ref idref="fl-3"/>
      </object_component>
      <object_component id="oc-ab">
         <name>.text:_isr:_c_int00_noargs_noexit</name>
         <load_address>0x444c</load_address>
         <run_address>0x444c</run_address>
         <size>0x1a</size>
         <input_file_ref idref="fl-47"/>
      </object_component>
      <object_component id="oc-f2">
         <name>.text:_isr:PORT1_ISR</name>
         <load_address>0x4466</load_address>
         <run_address>0x4466</run_address>
         <size>0xe</size>
         <input_file_ref idref="fl-6"/>
      </object_component>
      <object_component id="oc-f8">
         <name>.text:_isr:TIMER1_A1_ISR</name>
         <load_address>0x4474</load_address>
         <run_address>0x4474</run_address>
         <size>0xc</size>
         <input_file_ref idref="fl-c"/>
      </object_component>
      <object_component id="oc-104">
         <name>.text:_isr:TIMER0_A1_ISR</name>
         <load_address>0x4480</load_address>
         <run_address>0x4480</run_address>
         <size>0xa</size>
         <input_file_ref idref="fl-b"/>
      </object_component>
      <object_component id="oc-116">
         <name>.text:_isr:WDT_ISR</name>
         <load_address>0x448a</load_address>
         <run_address>0x448a</run_address>
         <size>0xa</size>
         <input_file_ref idref="fl-8"/>
      </object_component>
      <object_component id="oc-ed">
         <name>.text:_isr:__TI_ISR_TRAP</name>
         <load_address>0x4494</load_address>
         <run_address>0x4494</run_address>
         <size>0x6</size>
         <input_file_ref idref="fl-6b"/>
      </object_component>
      <object_component id="oc-10a">
         <name>.text:_isr:TIMER0_A0_ISR</name>
         <load_address>0x449a</load_address>
         <run_address>0x449a</run_address>
         <size>0x2</size>
         <input_file_ref idref="fl-b"/>
      </object_component>
      <object_component id="oc-fe">
         <name>.text:_isr:TIMER1_A0_ISR</name>
         <load_address>0x449c</load_address>
         <run_address>0x449c</run_address>
         <size>0x2</size>
         <input_file_ref idref="fl-c"/>
      </object_component>
      <object_component id="oc-385">
         <name>.cinit..data.load</name>
         <load_address>0x449e</load_address>
         <run_address>0x449e</run_address>
         <size>0x34</size>
      </object_component>
      <object_component id="oc-382">
         <name>__TI_handler_table</name>
         <load_address>0x44d2</load_address>
         <run_address>0x44d2</run_address>
         <size>0xc</size>
      </object_component>
      <object_component id="oc-384">
         <name>.cinit..bss.load</name>
         <load_address>0x44de</load_address>
         <run_address>0x44de</run_address>
         <size>0x6</size>
      </object_component>
      <object_component id="oc-383">
         <name>__TI_cinit_table</name>
         <load_address>0x44e4</load_address>
         <run_address>0x44e4</run_address>
         <size>0x10</size>
      </object_component>
      <object_component id="oc-77">
         <name>.int41</name>
         <load_address>0xffd2</load_address>
         <run_address>0xffd2</run_address>
         <size>0x2</size>
         <input_file_ref idref="fl-5c"/>
      </object_component>
      <object_component id="oc-78">
         <name>.int42</name>
         <load_address>0xffd4</load_address>
         <run_address>0xffd4</run_address>
         <size>0x2</size>
         <input_file_ref idref="fl-5d"/>
      </object_component>
      <object_component id="oc-79">
         <name>.int43</name>
         <load_address>0xffd6</load_address>
         <run_address>0xffd6</run_address>
         <size>0x2</size>
         <input_file_ref idref="fl-5e"/>
      </object_component>
      <object_component id="oc-7a">
         <name>.int44</name>
         <load_address>0xffd8</load_address>
         <run_address>0xffd8</run_address>
         <size>0x2</size>
         <input_file_ref idref="fl-5f"/>
      </object_component>
      <object_component id="oc-7b">
         <name>.int45</name>
         <load_address>0xffda</load_address>
         <run_address>0xffda</run_address>
         <size>0x2</size>
         <input_file_ref idref="fl-60"/>
      </object_component>
      <object_component id="oc-7c">
         <name>.int46</name>
         <load_address>0xffdc</load_address>
         <run_address>0xffdc</run_address>
         <size>0x2</size>
         <input_file_ref idref="fl-61"/>
      </object_component>
      <object_component id="oc-7d">
         <name>.int47</name>
         <load_address>0xffde</load_address>
         <run_address>0xffde</run_address>
         <size>0x2</size>
         <input_file_ref idref="fl-6"/>
      </object_component>
      <object_component id="oc-7e">
         <name>.int48</name>
         <load_address>0xffe0</load_address>
         <run_address>0xffe0</run_address>
         <size>0x2</size>
         <input_file_ref idref="fl-c"/>
      </object_component>
      <object_component id="oc-7f">
         <name>.int49</name>
         <load_address>0xffe2</load_address>
         <run_address>0xffe2</run_address>
         <size>0x2</size>
         <input_file_ref idref="fl-c"/>
      </object_component>
      <object_component id="oc-80">
         <name>.int50</name>
         <load_address>0xffe4</load_address>
         <run_address>0xffe4</run_address>
         <size>0x2</size>
         <input_file_ref idref="fl-62"/>
      </object_component>
      <object_component id="oc-81">
         <name>.int51</name>
         <load_address>0xffe6</load_address>
         <run_address>0xffe6</run_address>
         <size>0x2</size>
         <input_file_ref idref="fl-63"/>
      </object_component>
      <object_component id="oc-82">
         <name>.int52</name>
         <load_address>0xffe8</load_address>
         <run_address>0xffe8</run_address>
         <size>0x2</size>
         <input_file_ref idref="fl-b"/>
      </object_component>
      <object_component id="oc-83">
         <name>.int53</name>
         <load_address>0xffea</load_address>
         <run_address>0xffea</run_address>
         <size>0x2</size>
         <input_file_ref idref="fl-b"/>
      </object_component>
      <object_component id="oc-84">
         <name>.int54</name>
         <load_address>0xffec</load_address>
         <run_address>0xffec</run_address>
         <size>0x2</size>
         <input_file_ref idref="fl-3"/>
      </object_component>
      <object_component id="oc-85">
         <name>.int55</name>
         <load_address>0xffee</load_address>
         <run_address>0xffee</run_address>
         <size>0x2</size>
         <input_file_ref idref="fl-64"/>
      </object_component>
      <object_component id="oc-86">
         <name>.int56</name>
         <load_address>0xfff0</load_address>
         <run_address>0xfff0</run_address>
         <size>0x2</size>
         <input_file_ref idref="fl-65"/>
      </object_component>
      <object_component id="oc-87">
         <name>.int57</name>
         <load_address>0xfff2</load_address>
         <run_address>0xfff2</run_address>
         <size>0x2</size>
         <input_file_ref idref="fl-8"/>
      </object_component>
      <object_component id="oc-88">
         <name>.int58</name>
         <load_address>0xfff4</load_address>
         <run_address>0xfff4</run_address>
         <size>0x2</size>
         <input_file_ref idref="fl-66"/>
      </object_component>
      <object_component id="oc-89">
         <name>.int59</name>
         <load_address>0xfff6</load_address>
         <run_address>0xfff6</run_address>
         <size>0x2</size>
         <input_file_ref idref="fl-67"/>
      </object_component>
      <object_component id="oc-8a">
         <name>.int60</name>
         <load_address>0xfff8</load_address>
         <run_address>0xfff8</run_address>
         <size>0x2</size>
         <input_file_ref idref="fl-68"/>
      </object_component>
      <object_component id="oc-8b">
         <name>.int61</name>
         <load_address>0xfffa</load_address>
         <run_address>0xfffa</run_address>
         <size>0x2</size>
         <input_file_ref idref="fl-69"/>
      </object_component>
      <object_component id="oc-8c">
         <name>.int62</name>
         <load_address>0xfffc</load_address>
         <run_address>0xfffc</run_address>
         <size>0x2</size>
         <input_file_ref idref="fl-6a"/>
      </object_component>
      <object_component id="oc-d2">
         <name>.reset</name>
         <load_address>0xfffe</load_address>
         <run_address>0xfffe</run_address>
         <size>0x2</size>
         <input_file_ref idref="fl-46"/>
      </object_component>
      <object_component id="oc-1cf">
         <name>.data</name>
         <load_address>0x2400</load_address>
         <run_address>0x2400</run_address>
         <size>0x12</size>
         <input_file_ref idref="fl-2"/>
      </object_component>
      <object_component id="oc-1f4">
         <name>.data:IRCOM</name>
         <load_address>0x2452</load_address>
         <run_address>0x2452</run_address>
         <size>0xa</size>
         <input_file_ref idref="fl-2"/>
      </object_component>
      <object_component id="oc-17b">
         <name>.data</name>
         <load_address>0x245c</load_address>
         <run_address>0x245c</run_address>
         <size>0x2</size>
         <input_file_ref idref="fl-3"/>
      </object_component>
      <object_component id="oc-1fa">
         <name>.data</name>
         <load_address>0x245e</load_address>
         <run_address>0x245e</run_address>
         <size>0x2</size>
         <input_file_ref idref="fl-8"/>
      </object_component>
      <object_component id="oc-1de">
         <name>.data:LCD_BUF_1</name>
         <load_address>0x2412</load_address>
         <run_address>0x2412</run_address>
         <size>0x10</size>
         <input_file_ref idref="fl-a"/>
      </object_component>
      <object_component id="oc-1e7">
         <name>.data:LCD_BUF_2</name>
         <load_address>0x2422</load_address>
         <run_address>0x2422</run_address>
         <size>0x10</size>
         <input_file_ref idref="fl-a"/>
      </object_component>
      <object_component id="oc-1ea">
         <name>.data:LCD_BUF_3</name>
         <load_address>0x2432</load_address>
         <run_address>0x2432</run_address>
         <size>0x10</size>
         <input_file_ref idref="fl-a"/>
      </object_component>
      <object_component id="oc-1ed">
         <name>.data:LCD_BUF_4</name>
         <load_address>0x2442</load_address>
         <run_address>0x2442</run_address>
         <size>0x10</size>
         <input_file_ref idref="fl-a"/>
      </object_component>
      <object_component id="oc-280">
         <name>.debug_info</name>
         <load_address>0x0</load_address>
         <run_address>0x0</run_address>
         <size>0x3db</size>
         <input_file_ref idref="fl-2"/>
      </object_component>
      <object_component id="oc-1d0">
         <name>.debug_info</name>
         <load_address>0x3db</load_address>
         <run_address>0x3db</run_address>
         <size>0xf1</size>
         <input_file_ref idref="fl-2"/>
      </object_component>
      <object_component id="oc-1f5">
         <name>.debug_info</name>
         <load_address>0x4cc</load_address>
         <run_address>0x4cc</run_address>
         <size>0xb9</size>
         <input_file_ref idref="fl-2"/>
      </object_component>
      <object_component id="oc-144">
         <name>.debug_info</name>
         <load_address>0x585</load_address>
         <run_address>0x585</run_address>
         <size>0x21c</size>
         <input_file_ref idref="fl-2"/>
      </object_component>
      <object_component id="oc-159">
         <name>.debug_info</name>
         <load_address>0x7a1</load_address>
         <run_address>0x7a1</run_address>
         <size>0x84</size>
         <input_file_ref idref="fl-2"/>
      </object_component>
      <object_component id="oc-17d">
         <name>.debug_info</name>
         <load_address>0x825</load_address>
         <run_address>0x825</run_address>
         <size>0x392</size>
         <input_file_ref idref="fl-3"/>
      </object_component>
      <object_component id="oc-1b8">
         <name>.debug_info</name>
         <load_address>0xbb7</load_address>
         <run_address>0xbb7</run_address>
         <size>0x10b</size>
         <input_file_ref idref="fl-3"/>
      </object_component>
      <object_component id="oc-111">
         <name>.debug_info</name>
         <load_address>0xcc2</load_address>
         <run_address>0xcc2</run_address>
         <size>0x121</size>
         <input_file_ref idref="fl-3"/>
      </object_component>
      <object_component id="oc-171">
         <name>.debug_info</name>
         <load_address>0xde3</load_address>
         <run_address>0xde3</run_address>
         <size>0x118</size>
         <input_file_ref idref="fl-6"/>
      </object_component>
      <object_component id="oc-f3">
         <name>.debug_info</name>
         <load_address>0xefb</load_address>
         <run_address>0xefb</run_address>
         <size>0x115</size>
         <input_file_ref idref="fl-6"/>
      </object_component>
      <object_component id="oc-1ac">
         <name>.debug_info</name>
         <load_address>0x1010</load_address>
         <run_address>0x1010</run_address>
         <size>0x115</size>
         <input_file_ref idref="fl-8"/>
      </object_component>
      <object_component id="oc-22a">
         <name>.debug_info</name>
         <load_address>0x1125</load_address>
         <run_address>0x1125</run_address>
         <size>0xfe</size>
         <input_file_ref idref="fl-8"/>
      </object_component>
      <object_component id="oc-117">
         <name>.debug_info</name>
         <load_address>0x1223</load_address>
         <run_address>0x1223</run_address>
         <size>0x10e</size>
         <input_file_ref idref="fl-8"/>
      </object_component>
      <object_component id="oc-184">
         <name>.debug_info</name>
         <load_address>0x1331</load_address>
         <run_address>0x1331</run_address>
         <size>0x1a2</size>
         <input_file_ref idref="fl-8"/>
      </object_component>
      <object_component id="oc-1fc">
         <name>.debug_info</name>
         <load_address>0x14d3</load_address>
         <run_address>0x14d3</run_address>
         <size>0x104</size>
         <input_file_ref idref="fl-8"/>
      </object_component>
      <object_component id="oc-202">
         <name>.debug_info</name>
         <load_address>0x15d7</load_address>
         <run_address>0x15d7</run_address>
         <size>0x104</size>
         <input_file_ref idref="fl-8"/>
      </object_component>
      <object_component id="oc-276">
         <name>.debug_info</name>
         <load_address>0x16db</load_address>
         <run_address>0x16db</run_address>
         <size>0x17d</size>
         <input_file_ref idref="fl-a"/>
      </object_component>
      <object_component id="oc-1df">
         <name>.debug_info</name>
         <load_address>0x1858</load_address>
         <run_address>0x1858</run_address>
         <size>0xcc</size>
         <input_file_ref idref="fl-a"/>
      </object_component>
      <object_component id="oc-1e8">
         <name>.debug_info</name>
         <load_address>0x1924</load_address>
         <run_address>0x1924</run_address>
         <size>0xcc</size>
         <input_file_ref idref="fl-a"/>
      </object_component>
      <object_component id="oc-1eb">
         <name>.debug_info</name>
         <load_address>0x19f0</load_address>
         <run_address>0x19f0</run_address>
         <size>0xcc</size>
         <input_file_ref idref="fl-a"/>
      </object_component>
      <object_component id="oc-1ee">
         <name>.debug_info</name>
         <load_address>0x1abc</load_address>
         <run_address>0x1abc</run_address>
         <size>0xcc</size>
         <input_file_ref idref="fl-a"/>
      </object_component>
      <object_component id="oc-231">
         <name>.debug_info</name>
         <load_address>0x1b88</load_address>
         <run_address>0x1b88</run_address>
         <size>0x104</size>
         <input_file_ref idref="fl-a"/>
      </object_component>
      <object_component id="oc-2c5">
         <name>.debug_info</name>
         <load_address>0x1c8c</load_address>
         <run_address>0x1c8c</run_address>
         <size>0x122</size>
         <input_file_ref idref="fl-a"/>
      </object_component>
      <object_component id="oc-28c">
         <name>.debug_info</name>
         <load_address>0x1dae</load_address>
         <run_address>0x1dae</run_address>
         <size>0x145</size>
         <input_file_ref idref="fl-a"/>
      </object_component>
      <object_component id="oc-237">
         <name>.debug_info</name>
         <load_address>0x1ef3</load_address>
         <run_address>0x1ef3</run_address>
         <size>0x1c0</size>
         <input_file_ref idref="fl-a"/>
      </object_component>
      <object_component id="oc-1b2">
         <name>.debug_info</name>
         <load_address>0x20b3</load_address>
         <run_address>0x20b3</run_address>
         <size>0x14a</size>
         <input_file_ref idref="fl-a"/>
      </object_component>
      <object_component id="oc-1d9">
         <name>.debug_info</name>
         <load_address>0x21fd</load_address>
         <run_address>0x21fd</run_address>
         <size>0x168</size>
         <input_file_ref idref="fl-a"/>
      </object_component>
      <object_component id="oc-1e2">
         <name>.debug_info</name>
         <load_address>0x2365</load_address>
         <run_address>0x2365</run_address>
         <size>0x170</size>
         <input_file_ref idref="fl-a"/>
      </object_component>
      <object_component id="oc-10b">
         <name>.debug_info</name>
         <load_address>0x24d5</load_address>
         <run_address>0x24d5</run_address>
         <size>0x10c</size>
         <input_file_ref idref="fl-b"/>
      </object_component>
      <object_component id="oc-105">
         <name>.debug_info</name>
         <load_address>0x25e1</load_address>
         <run_address>0x25e1</run_address>
         <size>0x10c</size>
         <input_file_ref idref="fl-b"/>
      </object_component>
      <object_component id="oc-1be">
         <name>.debug_info</name>
         <load_address>0x26ed</load_address>
         <run_address>0x26ed</run_address>
         <size>0xfe</size>
         <input_file_ref idref="fl-c"/>
      </object_component>
      <object_component id="oc-ff">
         <name>.debug_info</name>
         <load_address>0x27eb</load_address>
         <run_address>0x27eb</run_address>
         <size>0x109</size>
         <input_file_ref idref="fl-c"/>
      </object_component>
      <object_component id="oc-f9">
         <name>.debug_info</name>
         <load_address>0x28f4</load_address>
         <run_address>0x28f4</run_address>
         <size>0x109</size>
         <input_file_ref idref="fl-c"/>
      </object_component>
      <object_component id="oc-1c4">
         <name>.debug_info</name>
         <load_address>0x29fd</load_address>
         <run_address>0x29fd</run_address>
         <size>0x18f</size>
         <input_file_ref idref="fl-d"/>
      </object_component>
      <object_component id="oc-1ca">
         <name>.debug_info</name>
         <load_address>0x2b8c</load_address>
         <run_address>0x2b8c</run_address>
         <size>0x13b</size>
         <input_file_ref idref="fl-d"/>
      </object_component>
      <object_component id="oc-1d3">
         <name>.debug_info</name>
         <load_address>0x2cc7</load_address>
         <run_address>0x2cc7</run_address>
         <size>0x444</size>
         <input_file_ref idref="fl-d"/>
      </object_component>
      <object_component id="oc-1a6">
         <name>.debug_info</name>
         <load_address>0x310b</load_address>
         <run_address>0x310b</run_address>
         <size>0x101</size>
         <input_file_ref idref="fl-f"/>
      </object_component>
      <object_component id="oc-2be">
         <name>.debug_info</name>
         <load_address>0x320c</load_address>
         <run_address>0x320c</run_address>
         <size>0x20e</size>
         <input_file_ref idref="fl-45"/>
      </object_component>
      <object_component id="oc-26a">
         <name>.debug_info</name>
         <load_address>0x341a</load_address>
         <run_address>0x341a</run_address>
         <size>0x20a</size>
         <input_file_ref idref="fl-45"/>
      </object_component>
      <object_component id="oc-294">
         <name>.debug_info</name>
         <load_address>0x3624</load_address>
         <run_address>0x3624</run_address>
         <size>0x94</size>
         <input_file_ref idref="fl-45"/>
      </object_component>
      <object_component id="oc-d0">
         <name>.debug_info</name>
         <load_address>0x36b8</load_address>
         <run_address>0x36b8</run_address>
         <size>0xd8</size>
         <input_file_ref idref="fl-46"/>
      </object_component>
      <object_component id="oc-ae">
         <name>.debug_info</name>
         <load_address>0x3790</load_address>
         <run_address>0x3790</run_address>
         <size>0x179</size>
         <input_file_ref idref="fl-47"/>
      </object_component>
      <object_component id="oc-249">
         <name>.debug_info</name>
         <load_address>0x3909</load_address>
         <run_address>0x3909</run_address>
         <size>0x1a7</size>
         <input_file_ref idref="fl-48"/>
      </object_component>
      <object_component id="oc-df">
         <name>.debug_info</name>
         <load_address>0x3ab0</load_address>
         <run_address>0x3ab0</run_address>
         <size>0x1a9</size>
         <input_file_ref idref="fl-49"/>
      </object_component>
      <object_component id="oc-6c">
         <name>.debug_info</name>
         <load_address>0x3c59</load_address>
         <run_address>0x3c59</run_address>
         <size>0x1ab</size>
         <input_file_ref idref="fl-49"/>
      </object_component>
      <object_component id="oc-da">
         <name>.debug_info</name>
         <load_address>0x3e04</load_address>
         <run_address>0x3e04</run_address>
         <size>0x46</size>
         <input_file_ref idref="fl-49"/>
      </object_component>
      <object_component id="oc-167">
         <name>.debug_info</name>
         <load_address>0x3e4a</load_address>
         <run_address>0x3e4a</run_address>
         <size>0x2c</size>
         <input_file_ref idref="fl-49"/>
      </object_component>
      <object_component id="oc-e7">
         <name>.debug_info</name>
         <load_address>0x3e76</load_address>
         <run_address>0x3e76</run_address>
         <size>0x166</size>
         <input_file_ref idref="fl-4a"/>
      </object_component>
      <object_component id="oc-e1">
         <name>.debug_info</name>
         <load_address>0x3fdc</load_address>
         <run_address>0x3fdc</run_address>
         <size>0x21d</size>
         <input_file_ref idref="fl-4a"/>
      </object_component>
      <object_component id="oc-72">
         <name>.debug_info</name>
         <load_address>0x41f9</load_address>
         <run_address>0x41f9</run_address>
         <size>0x194</size>
         <input_file_ref idref="fl-4a"/>
      </object_component>
      <object_component id="oc-e8">
         <name>.debug_info</name>
         <load_address>0x438d</load_address>
         <run_address>0x438d</run_address>
         <size>0x39</size>
         <input_file_ref idref="fl-4a"/>
      </object_component>
      <object_component id="oc-122">
         <name>.debug_info</name>
         <load_address>0x43c6</load_address>
         <run_address>0x43c6</run_address>
         <size>0x157</size>
         <input_file_ref idref="fl-4b"/>
      </object_component>
      <object_component id="oc-8e">
         <name>.debug_info</name>
         <load_address>0x451d</load_address>
         <run_address>0x451d</run_address>
         <size>0x19d</size>
         <input_file_ref idref="fl-4b"/>
      </object_component>
      <object_component id="oc-11d">
         <name>.debug_info</name>
         <load_address>0x46ba</load_address>
         <run_address>0x46ba</run_address>
         <size>0x46</size>
         <input_file_ref idref="fl-4b"/>
      </object_component>
      <object_component id="oc-244">
         <name>.debug_info</name>
         <load_address>0x4700</load_address>
         <run_address>0x4700</run_address>
         <size>0x100</size>
         <input_file_ref idref="fl-4e"/>
      </object_component>
      <object_component id="oc-2af">
         <name>.debug_info</name>
         <load_address>0x4800</load_address>
         <run_address>0x4800</run_address>
         <size>0x209</size>
         <input_file_ref idref="fl-4f"/>
      </object_component>
      <object_component id="oc-25c">
         <name>.debug_info</name>
         <load_address>0x4a09</load_address>
         <run_address>0x4a09</run_address>
         <size>0x22a</size>
         <input_file_ref idref="fl-4f"/>
      </object_component>
      <object_component id="oc-14f">
         <name>.debug_info</name>
         <load_address>0x4c33</load_address>
         <run_address>0x4c33</run_address>
         <size>0xfa</size>
         <input_file_ref idref="fl-50"/>
      </object_component>
      <object_component id="oc-261">
         <name>.debug_info</name>
         <load_address>0x4d2d</load_address>
         <run_address>0x4d2d</run_address>
         <size>0x14e</size>
         <input_file_ref idref="fl-51"/>
      </object_component>
      <object_component id="oc-2b4">
         <name>.debug_info</name>
         <load_address>0x4e7b</load_address>
         <run_address>0x4e7b</run_address>
         <size>0x188</size>
         <input_file_ref idref="fl-52"/>
      </object_component>
      <object_component id="oc-252">
         <name>.debug_info</name>
         <load_address>0x5003</load_address>
         <run_address>0x5003</run_address>
         <size>0x13e</size>
         <input_file_ref idref="fl-53"/>
      </object_component>
      <object_component id="oc-2d6">
         <name>.debug_info</name>
         <load_address>0x5141</load_address>
         <run_address>0x5141</run_address>
         <size>0x1d7</size>
         <input_file_ref idref="fl-54"/>
      </object_component>
      <object_component id="oc-29c">
         <name>.debug_info</name>
         <load_address>0x5318</load_address>
         <run_address>0x5318</run_address>
         <size>0x199</size>
         <input_file_ref idref="fl-54"/>
      </object_component>
      <object_component id="oc-305">
         <name>.debug_info</name>
         <load_address>0x54b1</load_address>
         <run_address>0x54b1</run_address>
         <size>0x20c</size>
         <input_file_ref idref="fl-55"/>
      </object_component>
      <object_component id="oc-2b8">
         <name>.debug_info</name>
         <load_address>0x56bd</load_address>
         <run_address>0x56bd</run_address>
         <size>0x294</size>
         <input_file_ref idref="fl-55"/>
      </object_component>
      <object_component id="oc-2eb">
         <name>.debug_info</name>
         <load_address>0x5951</load_address>
         <run_address>0x5951</run_address>
         <size>0x1de</size>
         <input_file_ref idref="fl-56"/>
      </object_component>
      <object_component id="oc-2aa">
         <name>.debug_info</name>
         <load_address>0x5b2f</load_address>
         <run_address>0x5b2f</run_address>
         <size>0x583</size>
         <input_file_ref idref="fl-56"/>
      </object_component>
      <object_component id="oc-ee">
         <name>.debug_info</name>
         <load_address>0x60b2</load_address>
         <run_address>0x60b2</run_address>
         <size>0xee</size>
         <input_file_ref idref="fl-6b"/>
      </object_component>
      <object_component id="oc-2f5">
         <name>.debug_info</name>
         <load_address>0x61a0</load_address>
         <run_address>0x61a0</run_address>
         <size>0xff</size>
         <input_file_ref idref="fl-6d"/>
      </object_component>
      <object_component id="oc-2cc">
         <name>.debug_info</name>
         <load_address>0x629f</load_address>
         <run_address>0x629f</run_address>
         <size>0x105</size>
         <input_file_ref idref="fl-6d"/>
      </object_component>
      <object_component id="oc-2ef">
         <name>.debug_info</name>
         <load_address>0x63a4</load_address>
         <run_address>0x63a4</run_address>
         <size>0xff</size>
         <input_file_ref idref="fl-6e"/>
      </object_component>
      <object_component id="oc-2d1">
         <name>.debug_info</name>
         <load_address>0x64a3</load_address>
         <run_address>0x64a3</run_address>
         <size>0x105</size>
         <input_file_ref idref="fl-6e"/>
      </object_component>
      <object_component id="oc-15f">
         <name>.debug_info</name>
         <load_address>0x65a8</load_address>
         <run_address>0x65a8</run_address>
         <size>0x15f</size>
         <input_file_ref idref="fl-6f"/>
      </object_component>
      <object_component id="oc-d4">
         <name>.debug_info</name>
         <load_address>0x6707</load_address>
         <run_address>0x6707</run_address>
         <size>0x174</size>
         <input_file_ref idref="fl-6f"/>
      </object_component>
      <object_component id="oc-160">
         <name>.debug_info</name>
         <load_address>0x687b</load_address>
         <run_address>0x687b</run_address>
         <size>0x2c</size>
         <input_file_ref idref="fl-6f"/>
      </object_component>
      <object_component id="oc-2a7">
         <name>.debug_info</name>
         <load_address>0x68a7</load_address>
         <run_address>0x68a7</run_address>
         <size>0x209</size>
         <input_file_ref idref="fl-71"/>
      </object_component>
      <object_component id="oc-255">
         <name>.debug_info</name>
         <load_address>0x6ab0</load_address>
         <run_address>0x6ab0</run_address>
         <size>0x23b</size>
         <input_file_ref idref="fl-71"/>
      </object_component>
      <object_component id="oc-2e6">
         <name>.debug_info</name>
         <load_address>0x6ceb</load_address>
         <run_address>0x6ceb</run_address>
         <size>0x10f</size>
         <input_file_ref idref="fl-74"/>
      </object_component>
      <object_component id="oc-2d8">
         <name>.debug_info</name>
         <load_address>0x6dfa</load_address>
         <run_address>0x6dfa</run_address>
         <size>0x10f</size>
         <input_file_ref idref="fl-77"/>
      </object_component>
      <object_component id="oc-124">
         <name>.debug_info</name>
         <load_address>0x6f09</load_address>
         <run_address>0x6f09</run_address>
         <size>0x12b</size>
         <input_file_ref idref="fl-79"/>
      </object_component>
      <object_component id="oc-318">
         <name>.debug_info</name>
         <load_address>0x7034</load_address>
         <run_address>0x7034</run_address>
         <size>0x1de</size>
         <input_file_ref idref="fl-7a"/>
      </object_component>
      <object_component id="oc-2ff">
         <name>.debug_info</name>
         <load_address>0x7212</load_address>
         <run_address>0x7212</run_address>
         <size>0x1b5</size>
         <input_file_ref idref="fl-7a"/>
      </object_component>
      <object_component id="oc-270">
         <name>.debug_info</name>
         <load_address>0x73c7</load_address>
         <run_address>0x73c7</run_address>
         <size>0x17b</size>
         <input_file_ref idref="fl-7c"/>
      </object_component>
      <object_component id="oc-2fa">
         <name>.debug_info</name>
         <load_address>0x7542</load_address>
         <run_address>0x7542</run_address>
         <size>0xff</size>
         <input_file_ref idref="fl-81"/>
      </object_component>
      <object_component id="oc-2dd">
         <name>.debug_info</name>
         <load_address>0x7641</load_address>
         <run_address>0x7641</run_address>
         <size>0x105</size>
         <input_file_ref idref="fl-81"/>
      </object_component>
      <object_component id="oc-18e">
         <name>.debug_info</name>
         <load_address>0x7746</load_address>
         <run_address>0x7746</run_address>
         <size>0x306</size>
         <input_file_ref idref="fl-82"/>
      </object_component>
      <object_component id="oc-12a">
         <name>.debug_info</name>
         <load_address>0x7a4c</load_address>
         <run_address>0x7a4c</run_address>
         <size>0x1da</size>
         <input_file_ref idref="fl-82"/>
      </object_component>
      <object_component id="oc-20a">
         <name>.debug_info</name>
         <load_address>0x7c26</load_address>
         <run_address>0x7c26</run_address>
         <size>0x39</size>
         <input_file_ref idref="fl-82"/>
      </object_component>
      <object_component id="oc-18f">
         <name>.debug_info</name>
         <load_address>0x7c5f</load_address>
         <run_address>0x7c5f</run_address>
         <size>0x2c</size>
         <input_file_ref idref="fl-82"/>
      </object_component>
      <object_component id="oc-2e2">
         <name>.debug_info</name>
         <load_address>0x7c8b</load_address>
         <run_address>0x7c8b</run_address>
         <size>0x1fa</size>
         <input_file_ref idref="fl-86"/>
      </object_component>
      <object_component id="oc-2a2">
         <name>.debug_info</name>
         <load_address>0x7e85</load_address>
         <run_address>0x7e85</run_address>
         <size>0x341</size>
         <input_file_ref idref="fl-86"/>
      </object_component>
      <object_component id="oc-388">
         <name>.debug_info</name>
         <load_address>0x81c6</load_address>
         <run_address>0x81c6</run_address>
         <size>0x95</size>
      </object_component>
      <object_component id="oc-2c3">
         <name>.debug_line</name>
         <load_address>0x0</load_address>
         <run_address>0x0</run_address>
         <size>0x1e2</size>
         <input_file_ref idref="fl-2"/>
      </object_component>
      <object_component id="oc-242">
         <name>.debug_line</name>
         <load_address>0x1e2</load_address>
         <run_address>0x1e2</run_address>
         <size>0x2d</size>
         <input_file_ref idref="fl-2"/>
      </object_component>
      <object_component id="oc-27f">
         <name>.debug_line</name>
         <load_address>0x20f</load_address>
         <run_address>0x20f</run_address>
         <size>0x2d</size>
         <input_file_ref idref="fl-2"/>
      </object_component>
      <object_component id="oc-147">
         <name>.debug_line</name>
         <load_address>0x23c</load_address>
         <run_address>0x23c</run_address>
         <size>0x5e</size>
         <input_file_ref idref="fl-2"/>
      </object_component>
      <object_component id="oc-15c">
         <name>.debug_line</name>
         <load_address>0x29a</load_address>
         <run_address>0x29a</run_address>
         <size>0x20</size>
         <input_file_ref idref="fl-2"/>
      </object_component>
      <object_component id="oc-1f9">
         <name>.debug_line</name>
         <load_address>0x2ba</load_address>
         <run_address>0x2ba</run_address>
         <size>0xb3</size>
         <input_file_ref idref="fl-3"/>
      </object_component>
      <object_component id="oc-1bb">
         <name>.debug_line</name>
         <load_address>0x36d</load_address>
         <run_address>0x36d</run_address>
         <size>0x53</size>
         <input_file_ref idref="fl-3"/>
      </object_component>
      <object_component id="oc-114">
         <name>.debug_line</name>
         <load_address>0x3c0</load_address>
         <run_address>0x3c0</run_address>
         <size>0x56</size>
         <input_file_ref idref="fl-3"/>
      </object_component>
      <object_component id="oc-174">
         <name>.debug_line</name>
         <load_address>0x416</load_address>
         <run_address>0x416</run_address>
         <size>0x77</size>
         <input_file_ref idref="fl-6"/>
      </object_component>
      <object_component id="oc-f6">
         <name>.debug_line</name>
         <load_address>0x48d</load_address>
         <run_address>0x48d</run_address>
         <size>0x4a</size>
         <input_file_ref idref="fl-6"/>
      </object_component>
      <object_component id="oc-1af">
         <name>.debug_line</name>
         <load_address>0x4d7</load_address>
         <run_address>0x4d7</run_address>
         <size>0x51</size>
         <input_file_ref idref="fl-8"/>
      </object_component>
      <object_component id="oc-22d">
         <name>.debug_line</name>
         <load_address>0x528</load_address>
         <run_address>0x528</run_address>
         <size>0x48</size>
         <input_file_ref idref="fl-8"/>
      </object_component>
      <object_component id="oc-11a">
         <name>.debug_line</name>
         <load_address>0x570</load_address>
         <run_address>0x570</run_address>
         <size>0x47</size>
         <input_file_ref idref="fl-8"/>
      </object_component>
      <object_component id="oc-187">
         <name>.debug_line</name>
         <load_address>0x5b7</load_address>
         <run_address>0x5b7</run_address>
         <size>0x67</size>
         <input_file_ref idref="fl-8"/>
      </object_component>
      <object_component id="oc-1ff">
         <name>.debug_line</name>
         <load_address>0x61e</load_address>
         <run_address>0x61e</run_address>
         <size>0x4b</size>
         <input_file_ref idref="fl-8"/>
      </object_component>
      <object_component id="oc-205">
         <name>.debug_line</name>
         <load_address>0x669</load_address>
         <run_address>0x669</run_address>
         <size>0x4b</size>
         <input_file_ref idref="fl-8"/>
      </object_component>
      <object_component id="oc-2c1">
         <name>.debug_line</name>
         <load_address>0x6b4</load_address>
         <run_address>0x6b4</run_address>
         <size>0x55</size>
         <input_file_ref idref="fl-a"/>
      </object_component>
      <object_component id="oc-275">
         <name>.debug_line</name>
         <load_address>0x709</load_address>
         <run_address>0x709</run_address>
         <size>0x38</size>
         <input_file_ref idref="fl-a"/>
      </object_component>
      <object_component id="oc-279">
         <name>.debug_line</name>
         <load_address>0x741</load_address>
         <run_address>0x741</run_address>
         <size>0x38</size>
         <input_file_ref idref="fl-a"/>
      </object_component>
      <object_component id="oc-27b">
         <name>.debug_line</name>
         <load_address>0x779</load_address>
         <run_address>0x779</run_address>
         <size>0x38</size>
         <input_file_ref idref="fl-a"/>
      </object_component>
      <object_component id="oc-27d">
         <name>.debug_line</name>
         <load_address>0x7b1</load_address>
         <run_address>0x7b1</run_address>
         <size>0x38</size>
         <input_file_ref idref="fl-a"/>
      </object_component>
      <object_component id="oc-234">
         <name>.debug_line</name>
         <load_address>0x7e9</load_address>
         <run_address>0x7e9</run_address>
         <size>0x4b</size>
         <input_file_ref idref="fl-a"/>
      </object_component>
      <object_component id="oc-2c8">
         <name>.debug_line</name>
         <load_address>0x834</load_address>
         <run_address>0x834</run_address>
         <size>0x4f</size>
         <input_file_ref idref="fl-a"/>
      </object_component>
      <object_component id="oc-28f">
         <name>.debug_line</name>
         <load_address>0x883</load_address>
         <run_address>0x883</run_address>
         <size>0x56</size>
         <input_file_ref idref="fl-a"/>
      </object_component>
      <object_component id="oc-23a">
         <name>.debug_line</name>
         <load_address>0x8d9</load_address>
         <run_address>0x8d9</run_address>
         <size>0x55</size>
         <input_file_ref idref="fl-a"/>
      </object_component>
      <object_component id="oc-1b5">
         <name>.debug_line</name>
         <load_address>0x92e</load_address>
         <run_address>0x92e</run_address>
         <size>0x51</size>
         <input_file_ref idref="fl-a"/>
      </object_component>
      <object_component id="oc-1dc">
         <name>.debug_line</name>
         <load_address>0x97f</load_address>
         <run_address>0x97f</run_address>
         <size>0x63</size>
         <input_file_ref idref="fl-a"/>
      </object_component>
      <object_component id="oc-1e5">
         <name>.debug_line</name>
         <load_address>0x9e2</load_address>
         <run_address>0x9e2</run_address>
         <size>0x54</size>
         <input_file_ref idref="fl-a"/>
      </object_component>
      <object_component id="oc-10e">
         <name>.debug_line</name>
         <load_address>0xa36</load_address>
         <run_address>0xa36</run_address>
         <size>0x43</size>
         <input_file_ref idref="fl-b"/>
      </object_component>
      <object_component id="oc-108">
         <name>.debug_line</name>
         <load_address>0xa79</load_address>
         <run_address>0xa79</run_address>
         <size>0x48</size>
         <input_file_ref idref="fl-b"/>
      </object_component>
      <object_component id="oc-1c1">
         <name>.debug_line</name>
         <load_address>0xac1</load_address>
         <run_address>0xac1</run_address>
         <size>0x50</size>
         <input_file_ref idref="fl-c"/>
      </object_component>
      <object_component id="oc-102">
         <name>.debug_line</name>
         <load_address>0xb11</load_address>
         <run_address>0xb11</run_address>
         <size>0x42</size>
         <input_file_ref idref="fl-c"/>
      </object_component>
      <object_component id="oc-fc">
         <name>.debug_line</name>
         <load_address>0xb53</load_address>
         <run_address>0xb53</run_address>
         <size>0x4a</size>
         <input_file_ref idref="fl-c"/>
      </object_component>
      <object_component id="oc-1c7">
         <name>.debug_line</name>
         <load_address>0xb9d</load_address>
         <run_address>0xb9d</run_address>
         <size>0xea</size>
         <input_file_ref idref="fl-d"/>
      </object_component>
      <object_component id="oc-1cd">
         <name>.debug_line</name>
         <load_address>0xc87</load_address>
         <run_address>0xc87</run_address>
         <size>0x4c</size>
         <input_file_ref idref="fl-d"/>
      </object_component>
      <object_component id="oc-1d6">
         <name>.debug_line</name>
         <load_address>0xcd3</load_address>
         <run_address>0xcd3</run_address>
         <size>0xab</size>
         <input_file_ref idref="fl-d"/>
      </object_component>
      <object_component id="oc-1a9">
         <name>.debug_line</name>
         <load_address>0xd7e</load_address>
         <run_address>0xd7e</run_address>
         <size>0x61</size>
         <input_file_ref idref="fl-f"/>
      </object_component>
      <object_component id="oc-307">
         <name>.debug_line</name>
         <load_address>0xddf</load_address>
         <run_address>0xddf</run_address>
         <size>0x2d</size>
         <input_file_ref idref="fl-45"/>
      </object_component>
      <object_component id="oc-269">
         <name>.debug_line</name>
         <load_address>0xe0c</load_address>
         <run_address>0xe0c</run_address>
         <size>0xc9</size>
         <input_file_ref idref="fl-45"/>
      </object_component>
      <object_component id="oc-297">
         <name>.debug_line</name>
         <load_address>0xed5</load_address>
         <run_address>0xed5</run_address>
         <size>0x2e</size>
         <input_file_ref idref="fl-45"/>
      </object_component>
      <object_component id="oc-158">
         <name>.debug_line</name>
         <load_address>0xf03</load_address>
         <run_address>0xf03</run_address>
         <size>0x2a</size>
         <input_file_ref idref="fl-46"/>
      </object_component>
      <object_component id="oc-ad">
         <name>.debug_line</name>
         <load_address>0xf2d</load_address>
         <run_address>0xf2d</run_address>
         <size>0x4c</size>
         <input_file_ref idref="fl-47"/>
      </object_component>
      <object_component id="oc-24c">
         <name>.debug_line</name>
         <load_address>0xf79</load_address>
         <run_address>0xf79</run_address>
         <size>0x75</size>
         <input_file_ref idref="fl-48"/>
[...]
      </symbol>
      <symbol id="sm-3b0">
         <name>PORT1_ISR</name>
         <value>0x4466</value>
         <object_component_ref idref="oc-f2"/>
      </symbol>
      <symbol id="sm-3e7">
         <name>WDT_ISR</name>
         <value>0x448a</value>
         <object_component_ref idref="oc-116"/>
      </symbol>
      <symbol id="sm-3e8">
         <name>WDT_init</name>
         <value>0x11e2a</value>
         <object_component_ref idref="oc-229"/>
      </symbol>
      <symbol id="sm-3e9">
         <name>KEY_IODect</name>
         <value>0x11a80</value>
         <object_component_ref idref="oc-183"/>
      </symbol>
      <symbol id="sm-3ea">
         <name>KEY_SIG_init</name>
         <value>0x11c36</value>
         <object_component_ref idref="oc-1ab"/>
      </symbol>
      <symbol id="sm-3eb">
         <name>__TI_int57</name>
         <value>0xfff2</value>
         <object_component_ref idref="oc-87"/>
      </symbol>
      <symbol id="sm-3ec">
         <name>P11_Onclick</name>
         <value>0x11e12</value>
         <object_component_ref idref="oc-1fb"/>
      </symbol>
      <symbol id="sm-3ed">
         <name>P21_Onclick</name>
         <value>0x11e1e</value>
         <object_component_ref idref="oc-201"/>
      </symbol>
      <symbol id="sm-444">
         <name>sendbyte</name>
         <value>0x11d2c</value>
         <object_component_ref idref="oc-28b"/>
      </symbol>
      <symbol id="sm-445">
         <name>LCD_BUF_3</name>
         <value>0x2432</value>
         <object_component_ref idref="oc-1ea"/>
      </symbol>
      <symbol id="sm-446">
         <name>LCD_BUF_2</name>
         <value>0x2422</value>
         <object_component_ref idref="oc-1e7"/>
      </symbol>
      <symbol id="sm-447">
         <name>LCD_BUF_1</name>
         <value>0x2412</value>
         <object_component_ref idref="oc-1de"/>
      </symbol>
      <symbol id="sm-448">
         <name>LCD_BUF_4</name>
         <value>0x2442</value>
         <object_component_ref idref="oc-1ed"/>
      </symbol>
      <symbol id="sm-449">
         <name>lcd12864_show_str</name>
         <value>0x11d4c</value>
         <object_component_ref idref="oc-1e1"/>
      </symbol>
      <symbol id="sm-44a">
         <name>SID</name>
         <value>0x11d68</value>
         <object_component_ref idref="oc-2c4"/>
      </symbol>
      <symbol id="sm-44b">
         <name>lcdio</name>
         <value>0x11e3e</value>
         <object_component_ref idref="oc-230"/>
      </symbol>
      <symbol id="sm-44c">
         <name>set_coord</name>
         <value>0x11aca</value>
         <object_component_ref idref="oc-1d8"/>
      </symbol>
      <symbol id="sm-44d">
         <name>write</name>
         <value>0x11c9a</value>
         <object_component_ref idref="oc-236"/>
      </symbol>
      <symbol id="sm-44e">
         <name>lcd12864spi_init</name>
         <value>0x11ce8</value>
         <object_component_ref idref="oc-1b1"/>
      </symbol>
      <symbol id="sm-460">
         <name>__TI_int52</name>
         <value>0xffe8</value>
         <object_component_ref idref="oc-82"/>
      </symbol>
      <symbol id="sm-461">
         <name>__TI_int53</name>
         <value>0xffea</value>
         <object_component_ref idref="oc-83"/>
      </symbol>
      <symbol id="sm-462">
         <name>TIMER0_A1_ISR</name>
         <value>0x4480</value>
         <object_component_ref idref="oc-104"/>
      </symbol>
      <symbol id="sm-463">
         <name>TIMER0_A0_ISR</name>
         <value>0x449a</value>
         <object_component_ref idref="oc-10a"/>
      </symbol>
      <symbol id="sm-47d">
         <name>TIMER1_A1_ISR</name>
         <value>0x4474</value>
         <object_component_ref idref="oc-f8"/>
      </symbol>
      <symbol id="sm-47e">
         <name>TIMER1_A0_ISR</name>
         <value>0x449c</value>
         <object_component_ref idref="oc-fe"/>
      </symbol>
      <symbol id="sm-47f">
         <name>__TI_int48</name>
         <value>0xffe0</value>
         <object_component_ref idref="oc-7e"/>
      </symbol>
      <symbol id="sm-480">
         <name>__TI_int49</name>
         <value>0xffe2</value>
         <object_component_ref idref="oc-7f"/>
      </symbol>
      <symbol id="sm-481">
         <name>TA1_Init</name>
         <value>0x11bce</value>
         <object_component_ref idref="oc-1bd"/>
      </symbol>
      <symbol id="sm-4be">
         <name>TA0_PWM_Init</name>
         <value>0x113fa</value>
         <object_component_ref idref="oc-1c3"/>
      </symbol>
      <symbol id="sm-4bf">
         <name>TA0_PWM_SetPeriod</name>
         <value>0x11e36</value>
         <object_component_ref idref="oc-1c9"/>
      </symbol>
      <symbol id="sm-4c0">
         <name>TA0_PWM_SetPermill</name>
         <value>0x10452</value>
         <object_component_ref idref="oc-1d2"/>
      </symbol>
      <symbol id="sm-4cd">
         <name>UCS_init</name>
         <value>0x118d6</value>
         <object_component_ref idref="oc-1a5"/>
      </symbol>
      <symbol id="sm-4f5">
         <name>__mspabi_addd</name>
         <value>0x10a2c</value>
         <object_component_ref idref="oc-266"/>
      </symbol>
      <symbol id="sm-4fe">
         <name>_stack</name>
         <value>0x4360</value>
         <object_component_ref idref="oc-cf"/>
      </symbol>
      <symbol id="sm-4ff">
         <name>_reset_vector</name>
         <value>0xfffe</value>
         <object_component_ref idref="oc-d2"/>
      </symbol>
      <symbol id="sm-50a">
         <name>_c_int00_noargs_noexit</name>
         <value>0x444c</value>
         <object_component_ref idref="oc-ab"/>
      </symbol>
      <symbol id="sm-524">
         <name>__mspabi_cmpd</name>
         <value>0x11572</value>
         <object_component_ref idref="oc-248"/>
      </symbol>
      <symbol id="sm-53a">
         <name>__TI_decompress_none</name>
         <value>0x11dd0</value>
         <object_component_ref idref="oc-6b"/>
      </symbol>
      <symbol id="sm-55c">
         <name>__TI_decompress_rle24</name>
         <value>0x11e4c</value>
         <object_component_ref idref="oc-71"/>
      </symbol>
      <symbol id="sm-56f">
         <name>__TI_zero_init</name>
         <value>0x11cc4</value>
         <object_component_ref idref="oc-8d"/>
      </symbol>
      <symbol id="sm-57b">
         <name>__mspabi_remu</name>
         <value>0x11d7e</value>
         <object_component_ref idref="oc-243"/>
      </symbol>
      <symbol id="sm-57c">
         <name>__mspabi_divu</name>
         <value>0x11d7e</value>
         <object_component_ref idref="oc-243"/>
      </symbol>
      <symbol id="sm-59d">
         <name>__mspabi_divd</name>
         <value>0x111d8</value>
         <object_component_ref idref="oc-25a"/>
      </symbol>
      <symbol id="sm-5a8">
         <name>C$$EXIT</name>
         <value>0x11e56</value>
         <object_component_ref idref="oc-14b"/>
      </symbol>
      <symbol id="sm-5a9">
         <name>abort</name>
         <value>0x11e56</value>
         <object_component_ref idref="oc-14b"/>
      </symbol>
      <symbol id="sm-5b4">
         <name>__mspabi_fixdu</name>
         <value>0x11dbe</value>
         <object_component_ref idref="oc-260"/>
      </symbol>
      <symbol id="sm-5c4">
         <name>__mspabi_fixdul</name>
         <value>0x11a18</value>
         <object_component_ref idref="oc-2b0"/>
      </symbol>
      <symbol id="sm-5cd">
         <name>__mspabi_fltud</name>
         <value>0x11e46</value>
         <object_component_ref idref="oc-24e"/>
      </symbol>
      <symbol id="sm-5e2">
         <name>__mspabi_fltuld</name>
         <value>0x11860</value>
         <object_component_ref idref="oc-299"/>
      </symbol>
      <symbol id="sm-603">
         <name>__TI_frcaddd</name>
         <value>0x10f86</value>
         <object_component_ref idref="oc-2b7"/>
      </symbol>
      <symbol id="sm-61e">
         <name>__TI_frcdivd</name>
         <value>0x10000</value>
         <object_component_ref idref="oc-2a8"/>
      </symbol>
      <symbol id="sm-64f">
         <name>__TI_int41</name>
         <value>0xffd2</value>
         <object_component_ref idref="oc-77"/>
      </symbol>
      <symbol id="sm-652">
         <name>__TI_int42</name>
         <value>0xffd4</value>
         <object_component_ref idref="oc-78"/>
      </symbol>
      <symbol id="sm-655">
         <name>__TI_int43</name>
         <value>0xffd6</value>
         <object_component_ref idref="oc-79"/>
      </symbol>
      <symbol id="sm-658">
         <name>__TI_int44</name>
         <value>0xffd8</value>
         <object_component_ref idref="oc-7a"/>
      </symbol>
      <symbol id="sm-65b">
         <name>__TI_int45</name>
         <value>0xffda</value>
         <object_component_ref idref="oc-7b"/>
      </symbol>
      <symbol id="sm-65e">
         <name>__TI_int46</name>
         <value>0xffdc</value>
         <object_component_ref idref="oc-7c"/>
      </symbol>
      <symbol id="sm-661">
         <name>__TI_int50</name>
         <value>0xffe4</value>
         <object_component_ref idref="oc-80"/>
      </symbol>
      <symbol id="sm-664">
         <name>__TI_int51</name>
         <value>0xffe6</value>
         <object_component_ref idref="oc-81"/>
      </symbol>
      <symbol id="sm-667">
         <name>__TI_int55</name>
         <value>0xffee</value>
         <object_component_ref idref="oc-85"/>
      </symbol>
      <symbol id="sm-66a">
         <name>__TI_int56</name>
         <value>0xfff0</value>
         <object_component_ref idref="oc-86"/>
      </symbol>
      <symbol id="sm-66d">
         <name>__TI_int58</name>
         <value>0xfff4</value>
         <object_component_ref idref="oc-88"/>
      </symbol>
      <symbol id="sm-670">
         <name>__TI_int59</name>
         <value>0xfff6</value>
         <object_component_ref idref="oc-89"/>
      </symbol>
      <symbol id="sm-673">
         <name>__TI_int60</name>
         <value>0xfff8</value>
         <object_component_ref idref="oc-8a"/>
      </symbol>
      <symbol id="sm-676">
         <name>__TI_int61</name>
         <value>0xfffa</value>
         <object_component_ref idref="oc-8b"/>
      </symbol>
      <symbol id="sm-679">
         <name>__TI_int62</name>
         <value>0xfffc</value>
         <object_component_ref idref="oc-8c"/>
      </symbol>
      <symbol id="sm-681">
         <name>__TI_ISR_TRAP</name>
         <value>0x4494</value>
         <object_component_ref idref="oc-ed"/>
      </symbol>
      <symbol id="sm-692">
         <name>__mspabi_slll_9</name>
         <value>0x11b6a</value>
         <object_component_ref idref="oc-2cb"/>
      </symbol>
      <symbol id="sm-693">
         <name>__mspabi_slll_8</name>
         <value>0x11b6e</value>
         <object_component_ref idref="oc-2cb"/>
      </symbol>
      <symbol id="sm-694">
         <name>__mspabi_slll_7</name>
         <value>0x11b72</value>
         <object_component_ref idref="oc-2cb"/>
      </symbol>
      <symbol id="sm-695">
         <name>__mspabi_slll_6</name>
         <value>0x11b76</value>
         <object_component_ref idref="oc-2cb"/>
      </symbol>
      <symbol id="sm-696">
         <name>__mspabi_slll_5</name>
         <value>0x11b7a</value>
         <object_component_ref idref="oc-2cb"/>
      </symbol>
      <symbol id="sm-697">
         <name>__mspabi_slll_4</name>
         <value>0x11b7e</value>
         <object_component_ref idref="oc-2cb"/>
      </symbol>
      <symbol id="sm-698">
         <name>__mspabi_slll_3</name>
         <value>0x11b82</value>
         <object_component_ref idref="oc-2cb"/>
      </symbol>
      <symbol id="sm-699">
         <name>__mspabi_slll_2</name>
         <value>0x11b86</value>
         <object_component_ref idref="oc-2cb"/>
      </symbol>
      <symbol id="sm-69a">
         <name>__mspabi_slll_1</name>
         <value>0x11b8a</value>
         <object_component_ref idref="oc-2cb"/>
      </symbol>
      <symbol id="sm-69b">
         <name>__mspabi_slll</name>
         <value>0x11df2</value>
         <object_component_ref idref="oc-2f4"/>
      </symbol>
      <symbol id="sm-69c">
         <name>__mspabi_slll_15</name>
         <value>0x11b52</value>
         <object_component_ref idref="oc-2cb"/>
      </symbol>
      <symbol id="sm-69d">
         <name>__mspabi_slll_14</name>
         <value>0x11b56</value>
         <object_component_ref idref="oc-2cb"/>
      </symbol>
      <symbol id="sm-69e">
         <name>__mspabi_slll_13</name>
         <value>0x11b5a</value>
         <object_component_ref idref="oc-2cb"/>
      </symbol>
      <symbol id="sm-69f">
         <name>__mspabi_slll_12</name>
         <value>0x11b5e</value>
         <object_component_ref idref="oc-2cb"/>
      </symbol>
      <symbol id="sm-6a0">
         <name>__mspabi_slll_11</name>
         <value>0x11b62</value>
         <object_component_ref idref="oc-2cb"/>
      </symbol>
      <symbol id="sm-6a1">
         <name>__mspabi_slll_10</name>
         <value>0x11b66</value>
         <object_component_ref idref="oc-2cb"/>
      </symbol>
      <symbol id="sm-6b1">
         <name>__mspabi_srll_8</name>
         <value>0x11bac</value>
         <object_component_ref idref="oc-2d0"/>
      </symbol>
      <symbol id="sm-6b2">
         <name>__mspabi_srll_9</name>
         <value>0x11ba8</value>
         <object_component_ref idref="oc-2d0"/>
      </symbol>
      <symbol id="sm-6b3">
         <name>__mspabi_srll_6</name>
         <value>0x11bb4</value>
         <object_component_ref idref="oc-2d0"/>
      </symbol>
      <symbol id="sm-6b4">
         <name>__mspabi_srll_7</name>
         <value>0x11bb0</value>
         <object_component_ref idref="oc-2d0"/>
      </symbol>
      <symbol id="sm-6b5">
         <name>__mspabi_srll_4</name>
         <value>0x11bbc</value>
         <object_component_ref idref="oc-2d0"/>
      </symbol>
      <symbol id="sm-6b6">
         <name>__mspabi_srll_5</name>
         <value>0x11bb8</value>
         <object_component_ref idref="oc-2d0"/>
      </symbol>
      <symbol id="sm-6b7">
         <name>__mspabi_srll_2</name>
         <value>0x11bc4</value>
         <object_component_ref idref="oc-2d0"/>
      </symbol>
      <symbol id="sm-6b8">
         <name>__mspabi_srll_3</name>
         <value>0x11bc0</value>
         <object_component_ref idref="oc-2d0"/>
      </symbol>
      <symbol id="sm-6b9">
         <name>__mspabi_srll_1</name>
         <value>0x11bc8</value>
         <object_component_ref idref="oc-2d0"/>
      </symbol>
      <symbol id="sm-6ba">
         <name>__mspabi_srll_15</name>
         <value>0x11b90</value>
         <object_component_ref idref="oc-2d0"/>
      </symbol>
      <symbol id="sm-6bb">
         <name>__mspabi_srll_14</name>
         <value>0x11b94</value>
         <object_component_ref idref="oc-2d0"/>
      </symbol>
      <symbol id="sm-6bc">
         <name>__mspabi_srll_13</name>
         <value>0x11b98</value>
         <object_component_ref idref="oc-2d0"/>
      </symbol>
      <symbol id="sm-6bd">
         <name>__mspabi_srll_12</name>
         <value>0x11b9c</value>
         <object_component_ref idref="oc-2d0"/>
      </symbol>
      <symbol id="sm-6be">
         <name>__mspabi_srll_11</name>
         <value>0x11ba0</value>
         <object_component_ref idref="oc-2d0"/>
      </symbol>
      <symbol id="sm-6bf">
         <name>__mspabi_srll_10</name>
         <value>0x11ba4</value>
         <object_component_ref idref="oc-2d0"/>
      </symbol>
      <symbol id="sm-6c0">
         <name>__mspabi_srll</name>
         <value>0x11e02</value>
         <object_component_ref idref="oc-2ee"/>
      </symbol>
      <symbol id="sm-6d3">
         <name>memcpy</name>
         <value>0x11daa</value>
         <object_component_ref idref="oc-d3"/>
      </symbol>
      <symbol id="sm-6f4">
         <name>__mspabi_mpyd</name>
         <value>0x10d04</value>
         <object_component_ref idref="oc-254"/>
      </symbol>
      <symbol id="sm-70a">
         <name>__mspabi_mpyi_f5hw</name>
         <value>0x11d94</value>
         <object_component_ref idref="oc-2e5"/>
      </symbol>
      <symbol id="sm-72c">
         <name>__mspabi_mpyl_f5hw</name>
         <value>0x11d0a</value>
         <object_component_ref idref="oc-2d7"/>
      </symbol>
      <symbol id="sm-742">
         <name>_system_pre_init</name>
         <value>0x11e52</value>
         <object_component_ref idref="oc-123"/>
      </symbol>
      <symbol id="sm-756">
         <name>__TI_renormd</name>
         <value>0x11712</value>
         <object_component_ref idref="oc-2fe"/>
      </symbol>
      <symbol id="sm-760">
         <name>__mspabi_subd</name>
         <value>0x11c68</value>
         <object_component_ref idref="oc-26c"/>
      </symbol>
      <symbol id="sm-775">
         <name>__mspabi_sral</name>
         <value>0x11de2</value>
         <object_component_ref idref="oc-2f9"/>
      </symbol>
      <symbol id="sm-776">
         <name>__mspabi_sral_15</name>
         <value>0x11b14</value>
         <object_component_ref idref="oc-2dc"/>
      </symbol>
      <symbol id="sm-777">
         <name>__mspabi_sral_14</name>
         <value>0x11b18</value>
         <object_component_ref idref="oc-2dc"/>
      </symbol>
      <symbol id="sm-778">
         <name>__mspabi_sral_13</name>
         <value>0x11b1c</value>
         <object_component_ref idref="oc-2dc"/>
      </symbol>
      <symbol id="sm-779">
         <name>__mspabi_sral_12</name>
         <value>0x11b20</value>
         <object_component_ref idref="oc-2dc"/>
      </symbol>
      <symbol id="sm-77a">
         <name>__mspabi_sral_11</name>
         <value>0x11b24</value>
         <object_component_ref idref="oc-2dc"/>
      </symbol>
      <symbol id="sm-77b">
         <name>__mspabi_sral_10</name>
         <value>0x11b28</value>
         <object_component_ref idref="oc-2dc"/>
      </symbol>
      <symbol id="sm-77c">
         <name>__mspabi_sral_8</name>
         <value>0x11b30</value>
         <object_component_ref idref="oc-2dc"/>
      </symbol>
      <symbol id="sm-77d">
         <name>__mspabi_sral_9</name>
         <value>0x11b2c</value>
         <object_component_ref idref="oc-2dc"/>
      </symbol>
      <symbol id="sm-77e">
         <name>__mspabi_sral_6</name>
         <value>0x11b38</value>
         <object_component_ref idref="oc-2dc"/>
      </symbol>
      <symbol id="sm-77f">
         <name>__mspabi_sral_7</name>
         <value>0x11b34</value>
         <object_component_ref idref="oc-2dc"/>
      </symbol>
      <symbol id="sm-780">
         <name>__mspabi_sral_4</name>
         <value>0x11b40</value>
         <object_component_ref idref="oc-2dc"/>
      </symbol>
      <symbol id="sm-781">
         <name>__mspabi_sral_5</name>
         <value>0x11b3c</value>
         <object_component_ref idref="oc-2dc"/>
      </symbol>
      <symbol id="sm-782">
         <name>__mspabi_sral_2</name>
         <value>0x11b48</value>
         <object_component_ref idref="oc-2dc"/>
      </symbol>
      <symbol id="sm-783">
         <name>__mspabi_sral_3</name>
         <value>0x11b44</value>
         <object_component_ref idref="oc-2dc"/>
      </symbol>
      <symbol id="sm-784">
         <name>__mspabi_sral_1</name>
         <value>0x11b4c</value>
         <object_component_ref idref="oc-2dc"/>
      </symbol>
      <symbol id="sm-7a0">
         <name>_auto_init_hold_wdt</name>
         <value>0x11944</value>
         <object_component_ref idref="oc-129"/>
      </symbol>
      <symbol id="sm-7b4">
         <name>__TI_frcmpyd</name>
         <value>0x10748</value>
         <object_component_ref idref="oc-2a0"/>
      </symbol>
      <symbol id="sm-7c0">
         <name>__TI_INITARRAY_Base</name>
         <value>0x0</value>
      </symbol>
      <symbol id="sm-7c1">
         <name>__TI_INITARRAY_Limit</name>
         <value>0x0</value>
      </symbol>
   </symbol_table>
   <title>Link successful</title>
</link_info>
